running egg_info
creating ../build/photon_flight_db_internet/photon_flight_db_internet.egg-info
writing ../build/photon_flight_db_internet/photon_flight_db_internet.egg-info/PKG-INFO
writing dependency_links to ../build/photon_flight_db_internet/photon_flight_db_internet.egg-info/dependency_links.txt
writing requirements to ../build/photon_flight_db_internet/photon_flight_db_internet.egg-info/requires.txt
writing top-level names to ../build/photon_flight_db_internet/photon_flight_db_internet.egg-info/top_level.txt
writing manifest file '../build/photon_flight_db_internet/photon_flight_db_internet.egg-info/SOURCES.txt'
reading manifest file '../build/photon_flight_db_internet/photon_flight_db_internet.egg-info/SOURCES.txt'
writing manifest file '../build/photon_flight_db_internet/photon_flight_db_internet.egg-info/SOURCES.txt'
running build
running build_py
creating /home/punished_venom/DroneControls/src/build/photon_flight_db_internet/build/lib/photon_flight_db_internet
copying photon_flight_db_internet/__init__.py -> /home/punished_venom/DroneControls/src/build/photon_flight_db_internet/build/lib/photon_flight_db_internet
copying photon_flight_db_internet/py.typed -> /home/punished_venom/DroneControls/src/build/photon_flight_db_internet/build/lib/photon_flight_db_internet
running install
running install_lib
creating /home/punished_venom/DroneControls/src/install/photon_flight_db_internet/lib/python3.14/site-packages/photon_flight_db_internet
copying /home/punished_venom/DroneControls/src/build/photon_flight_db_internet/build/lib/photon_flight_db_internet/__init__.py -> /home/punished_venom/DroneControls/src/install/photon_flight_db_internet/lib/python3.14/site-packages/photon_flight_db_internet
copying /home/punished_venom/DroneControls/src/build/photon_flight_db_internet/build/lib/photon_flight_db_internet/py.typed -> /home/punished_venom/DroneControls/src/install/photon_flight_db_internet/lib/python3.14/site-packages/photon_flight_db_internet
byte-compiling /home/punished_venom/DroneControls/src/install/photon_flight_db_internet/lib/python3.14/site-packages/photon_flight_db_internet/__init__.py to __init__.cpython-314.pyc
running install_data
creating /home/punished_venom/DroneControls/src/install/photon_flight_db_internet/share/ament_index/resource_index/packages
copying resource/photon_flight_db_internet -> /home/punished_venom/DroneControls/src/install/photon_flight_db_internet/share/ament_index/resource_index/packages
copying package.xml -> /home/punished_venom/DroneControls/src/install/photon_flight_db_internet/share/photon_flight_db_internet
running install_egg_info
Copying ../build/photon_flight_db_internet/photon_flight_db_internet.egg-info to /home/punished_venom/DroneControls/src/install/photon_flight_db_internet/lib/python3.14/site-packages/photon_flight_db_internet-0.0.0-py3.14.egg-info
running install_scripts
writing list of installed files to '/home/punished_venom/DroneControls/src/build/photon_flight_db_internet/install.log'
