[5.605s] Invoking command in '/home/punished_venom/DroneControls/src/photon_flight_db_internet': PYTHONPATH=/home/punished_venom/DroneControls/src/build/photon_flight_db_internet/prefix_override:/usr/lib/python3/dist-packages/colcon_core/task/python/colcon_distutils_commands:/home/punished_venom/DroneControls/src/install/photon_flight_db_internet/lib/python3.14/site-packages:${PYTHONPATH} /usr/bin/python3 -W ignore:setup.py install is deprecated -W ignore:easy_install command is deprecated setup.py egg_info --egg-base ../build/photon_flight_db_internet build --build-base /home/punished_venom/DroneControls/src/build/photon_flight_db_internet/build install --record /home/punished_venom/DroneControls/src/build/photon_flight_db_internet/install.log --install-scripts $base/lib/photon_flight_db_internet --single-version-externally-managed install_data
[6.985s] running egg_info
[7.054s] creating ../build/photon_flight_db_internet/photon_flight_db_internet.egg-info
[7.055s] writing ../build/photon_flight_db_internet/photon_flight_db_internet.egg-info/PKG-INFO
[7.057s] writing dependency_links to ../build/photon_flight_db_internet/photon_flight_db_internet.egg-info/dependency_links.txt
[7.058s] writing requirements to ../build/photon_flight_db_internet/photon_flight_db_internet.egg-info/requires.txt
[7.059s] writing top-level names to ../build/photon_flight_db_internet/photon_flight_db_internet.egg-info/top_level.txt
[7.060s] writing manifest file '../build/photon_flight_db_internet/photon_flight_db_internet.egg-info/SOURCES.txt'
[7.208s] reading manifest file '../build/photon_flight_db_internet/photon_flight_db_internet.egg-info/SOURCES.txt'
[7.211s] writing manifest file '../build/photon_flight_db_internet/photon_flight_db_internet.egg-info/SOURCES.txt'
[7.212s] running build
[7.212s] running build_py
[7.213s] creating /home/punished_venom/DroneControls/src/build/photon_flight_db_internet/build/lib/photon_flight_db_internet
[7.214s] copying photon_flight_db_internet/__init__.py -> /home/punished_venom/DroneControls/src/build/photon_flight_db_internet/build/lib/photon_flight_db_internet
[7.215s] copying photon_flight_db_internet/py.typed -> /home/punished_venom/DroneControls/src/build/photon_flight_db_internet/build/lib/photon_flight_db_internet
[7.216s] running install
[7.234s] running install_lib
[7.304s] creating /home/punished_venom/DroneControls/src/install/photon_flight_db_internet/lib/python3.14/site-packages/photon_flight_db_internet
[7.305s] copying /home/punished_venom/DroneControls/src/build/photon_flight_db_internet/build/lib/photon_flight_db_internet/__init__.py -> /home/punished_venom/DroneControls/src/install/photon_flight_db_internet/lib/python3.14/site-packages/photon_flight_db_internet
[7.305s] copying /home/punished_venom/DroneControls/src/build/photon_flight_db_internet/build/lib/photon_flight_db_internet/py.typed -> /home/punished_venom/DroneControls/src/install/photon_flight_db_internet/lib/python3.14/site-packages/photon_flight_db_internet
[7.307s] byte-compiling /home/punished_venom/DroneControls/src/install/photon_flight_db_internet/lib/python3.14/site-packages/photon_flight_db_internet/__init__.py to __init__.cpython-314.pyc
[7.308s] running install_data
[7.309s] creating /home/punished_venom/DroneControls/src/install/photon_flight_db_internet/share/ament_index/resource_index/packages
[7.310s] copying resource/photon_flight_db_internet -> /home/punished_venom/DroneControls/src/install/photon_flight_db_internet/share/ament_index/resource_index/packages
[7.311s] copying package.xml -> /home/punished_venom/DroneControls/src/install/photon_flight_db_internet/share/photon_flight_db_internet
[7.312s] running install_egg_info
[7.380s] Copying ../build/photon_flight_db_internet/photon_flight_db_internet.egg-info to /home/punished_venom/DroneControls/src/install/photon_flight_db_internet/lib/python3.14/site-packages/photon_flight_db_internet-0.0.0-py3.14.egg-info
[7.384s] running install_scripts
[7.720s] writing list of installed files to '/home/punished_venom/DroneControls/src/build/photon_flight_db_internet/install.log'
[7.988s] Invoked command in '/home/punished_venom/DroneControls/src/photon_flight_db_internet' returned '0': PYTHONPATH=/home/punished_venom/DroneControls/src/build/photon_flight_db_internet/prefix_override:/usr/lib/python3/dist-packages/colcon_core/task/python/colcon_distutils_commands:/home/punished_venom/DroneControls/src/install/photon_flight_db_internet/lib/python3.14/site-packages:${PYTHONPATH} /usr/bin/python3 -W ignore:setup.py install is deprecated -W ignore:easy_install command is deprecated setup.py egg_info --egg-base ../build/photon_flight_db_internet build --build-base /home/punished_venom/DroneControls/src/build/photon_flight_db_internet/build install --record /home/punished_venom/DroneControls/src/build/photon_flight_db_internet/install.log --install-scripts $base/lib/photon_flight_db_internet --single-version-externally-managed install_data
