[ 25%] [1m[32mLinking CXX executable imu_reader[0m
[ 50%] [32mBuilding CXX object CMakeFiles/servo_driver.dir/src/servodriver.cpp.o[0m
/usr/bin/aarch64-linux-gnu-ld.bfd: cannot find -lsensor_msgs:sensor_msgs: No such file or directory
collect2: error: ld returned 1 exit status
gmake[2]: *** [CMakeFiles/imu_reader.dir/build.make:176: imu_reader] Error 1
gmake[1]: *** [CMakeFiles/Makefile2:188: CMakeFiles/imu_reader.dir/all] Error 2
gmake[1]: *** Waiting for unfinished jobs....
[01m[K/home/punished_venom/DroneControls/src/photon_flight_servo_imu/src/servodriver.cpp:[m[K In constructor ‘[01m[KServoDriverNode::[01;32m[KServoDriverNode[m[K()[m[K’:
[01m[K/home/punished_venom/DroneControls/src/photon_flight_servo_imu/src/servodriver.cpp:54:41:[m[K [01;31m[Kerror: [m[Kno matching function for call to ‘[01m[KServoDriverNode::create_wall_timer(int, std::_Bind_helper<false, void (ServoDriverNode::*)(), ServoDriverNode*>::type)[m[K’
   54 |         timer_ = [01;31m[Kthis->create_wall_timer([m[K
      |                  [01;31m[K~~~~~~~~~~~~~~~~~~~~~~~^[m[K
   55 | [01;31m[K            50, std::bind(&ServoDriverNode::update_angle_callback, this)[m[K
      |             [01;31m[K~~~~~~~~~~~~~~~~~~~~~~~~~~~~~~~~~~~~~~~~~~~~~~~~~~~~~~~~~~~~[m[K
   56 | [01;31m[K        )[m[K;
      |         [01;31m[K~[m[K                                
[01m[K/home/punished_venom/DroneControls/src/photon_flight_servo_imu/src/servodriver.cpp:54:41:[m[K [01;36m[Knote: [m[Kthere is 1 candidate
In file included from [01m[K/opt/ros/lyrical/include/rclcpp/rclcpp/executors/single_threaded_executor.hpp:27[m[K,
                 from [01m[K/opt/ros/lyrical/include/rclcpp/rclcpp/executors.hpp:22[m[K,
                 from [01m[K/opt/ros/lyrical/include/rclcpp/rclcpp/rclcpp.hpp:174[m[K,
                 from [01m[K/home/punished_venom/DroneControls/src/photon_flight_servo_imu/src/servodriver.cpp:3[m[K:
[01m[K/opt/ros/lyrical/include/rclcpp/rclcpp/node.hpp:242:3:[m[K [01;36m[Knote: [m[Kcandidate 1: ‘[01m[Ktemplate<class DurationRepT, class DurationT, class CallbackT> typename rclcpp::WallTimer<CallbackT>::SharedPtr rclcpp::Node::[01;32m[Kcreate_wall_timer[m[K(std::chrono::duration<_Rep1, _Period1>, CallbackT, const rclcpp::CallbackGroup::SharedPtr&, bool)[m[K’
  242 |   [01;36m[Kcreate_wall_timer[m[K(
      |   [01;36m[K^~~~~~~~~~~~~~~~~[m[K
[01m[K/opt/ros/lyrical/include/rclcpp/rclcpp/node.hpp:242:3:[m[K [01;36m[Knote: [m[Ktemplate argument deduction/substitution failed:
[01m[K/home/punished_venom/DroneControls/src/photon_flight_servo_imu/src/servodriver.cpp:54:41:[m[K [01;36m[Knote: [m[K  mismatched types ‘[01m[Kstd::chrono::duration<_Rep1, _Period1>[m[K’ and ‘[01m[Kint[m[K’
   54 |         timer_ = [01;36m[Kthis->create_wall_timer([m[K
      |                  [01;36m[K~~~~~~~~~~~~~~~~~~~~~~~^[m[K
   55 | [01;36m[K            50, std::bind(&ServoDriverNode::update_angle_callback, this)[m[K
      |             [01;36m[K~~~~~~~~~~~~~~~~~~~~~~~~~~~~~~~~~~~~~~~~~~~~~~~~~~~~~~~~~~~~[m[K
   56 | [01;36m[K        )[m[K;
      |         [01;36m[K~[m[K                                
gmake[2]: *** [CMakeFiles/servo_driver.dir/build.make:79: CMakeFiles/servo_driver.dir/src/servodriver.cpp.o] Error 1
gmake[1]: *** [CMakeFiles/Makefile2:156: CMakeFiles/servo_driver.dir/all] Error 2
gmake: *** [Makefile:146: all] Error 2
