[1.771s] Invoking command in '/home/punished_venom/DroneControls/src/build/photon_flight_liDAR_Collection': CMAKE_PREFIX_PATH=/opt/ros/lyrical /usr/bin/cmake --build /home/punished_venom/DroneControls/src/build/photon_flight_liDAR_Collection -- -j4 -l4
[1.954s] Invoked command in '/home/punished_venom/DroneControls/src/build/photon_flight_liDAR_Collection' returned '0': CMAKE_PREFIX_PATH=/opt/ros/lyrical /usr/bin/cmake --build /home/punished_venom/DroneControls/src/build/photon_flight_liDAR_Collection -- -j4 -l4
[2.015s] Invoking command in '/home/punished_venom/DroneControls/src/build/photon_flight_liDAR_Collection': CMAKE_PREFIX_PATH=/opt/ros/lyrical /usr/bin/cmake --install /home/punished_venom/DroneControls/src/build/photon_flight_liDAR_Collection
[2.056s] -- Install configuration: ""
[2.059s] -- Execute custom install script
[2.063s] -- Up-to-date symlink: /home/punished_venom/DroneControls/src/install/photon_flight_liDAR_Collection/share/ament_index/resource_index/package_run_dependencies/photon_flight_liDAR_Collection
[2.066s] -- Up-to-date symlink: /home/punished_venom/DroneControls/src/install/photon_flight_liDAR_Collection/share/ament_index/resource_index/parent_prefix_path/photon_flight_liDAR_Collection
[2.067s] -- Up-to-date symlink: /home/punished_venom/DroneControls/src/install/photon_flight_liDAR_Collection/share/photon_flight_liDAR_Collection/environment/ament_prefix_path.sh
[2.068s] -- Up-to-date symlink: /home/punished_venom/DroneControls/src/install/photon_flight_liDAR_Collection/share/photon_flight_liDAR_Collection/environment/ament_prefix_path.dsv
[2.070s] -- Up-to-date symlink: /home/punished_venom/DroneControls/src/install/photon_flight_liDAR_Collection/share/photon_flight_liDAR_Collection/environment/path.sh
[2.072s] -- Up-to-date symlink: /home/punished_venom/DroneControls/src/install/photon_flight_liDAR_Collection/share/photon_flight_liDAR_Collection/environment/path.dsv
[2.079s] -- Up-to-date symlink: /home/punished_venom/DroneControls/src/install/photon_flight_liDAR_Collection/share/photon_flight_liDAR_Collection/local_setup.bash
[2.079s] -- Up-to-date symlink: /home/punished_venom/DroneControls/src/install/photon_flight_liDAR_Collection/share/photon_flight_liDAR_Collection/local_setup.fish
[2.080s] -- Up-to-date symlink: /home/punished_venom/DroneControls/src/install/photon_flight_liDAR_Collection/share/photon_flight_liDAR_Collection/local_setup.sh
[2.081s] -- Up-to-date symlink: /home/punished_venom/DroneControls/src/install/photon_flight_liDAR_Collection/share/photon_flight_liDAR_Collection/local_setup.zsh
[2.081s] -- Up-to-date symlink: /home/punished_venom/DroneControls/src/install/photon_flight_liDAR_Collection/share/photon_flight_liDAR_Collection/local_setup.dsv
[2.085s] -- Symlinking: /home/punished_venom/DroneControls/src/install/photon_flight_liDAR_Collection/share/photon_flight_liDAR_Collection/package.dsv
[2.119s] -- Up-to-date symlink: /home/punished_venom/DroneControls/src/install/photon_flight_liDAR_Collection/share/ament_index/resource_index/packages/photon_flight_liDAR_Collection
[2.120s] -- Up-to-date symlink: /home/punished_venom/DroneControls/src/install/photon_flight_liDAR_Collection/share/photon_flight_liDAR_Collection/cmake/photon_flight_liDAR_CollectionConfig.cmake
[2.120s] -- Up-to-date symlink: /home/punished_venom/DroneControls/src/install/photon_flight_liDAR_Collection/share/photon_flight_liDAR_Collection/cmake/photon_flight_liDAR_CollectionConfig-version.cmake
[2.121s] -- Up-to-date symlink: /home/punished_venom/DroneControls/src/install/photon_flight_liDAR_Collection/share/photon_flight_liDAR_Collection/package.xml
[2.147s] Invoked command in '/home/punished_venom/DroneControls/src/build/photon_flight_liDAR_Collection' returned '0': CMAKE_PREFIX_PATH=/opt/ros/lyrical /usr/bin/cmake --install /home/punished_venom/DroneControls/src/build/photon_flight_liDAR_Collection
