[-1790101134006781952.000s] DEBUG:colcon:Command line arguments: ['/usr/bin/colcon', 'build', '--symlink-install']
[-1790101134006781952.000s] DEBUG:colcon:Parsed command line arguments: Namespace(log_base=None, log_level=None, verb_name='build', build_base='build', install_base='install', merge_install=False, symlink_install=True, test_result_base=None, continue_on_error=False, executor='parallel', parallel_workers=4, event_handlers=None, ignore_user_meta=False, metas=['./colcon.meta'], base_paths=['.'], packages_ignore=None, packages_ignore_regex=None, paths=None, packages_up_to=None, packages_up_to_regex=None, packages_above=None, packages_above_and_dependencies=None, packages_above_depth=None, packages_select_by_dep=None, packages_skip_by_dep=None, packages_skip_up_to=None, packages_select_build_failed=False, packages_skip_build_finished=False, packages_select_test_failures=False, packages_skip_test_passed=False, packages_select=None, packages_skip=None, packages_select_regex=None, packages_skip_regex=None, packages_start=None, packages_end=None, allow_overriding=[], cmake_args=None, cmake_target=None, cmake_target_skip_unavailable=False, cmake_clean_cache=False, cmake_clean_first=False, cmake_force_configure=False, ament_cmake_args=None, catkin_cmake_args=None, catkin_skip_building_tests=False, mixin_files=None, mixin=None, verb_parser=<colcon_mixin.mixin.mixin_argument.MixinArgumentDecorator object at 0xffff8a113ed0>, verb_extension=<colcon_core.verb.build.BuildVerb object at 0xffff8a10acf0>, main=<bound method BuildVerb.main of <colcon_core.verb.build.BuildVerb object at 0xffff8a10acf0>>, mixin_verb=('build',))
[-1790101134006781952.000s] Level 1:colcon.colcon_core.package_discovery:discover_packages(colcon_meta) check parameters
[-1790101134006781952.000s] Level 1:colcon.colcon_core.package_discovery:discover_packages(recursive) check parameters
[-1790101134006781952.000s] Level 1:colcon.colcon_core.package_discovery:discover_packages(ignore) check parameters
[-1790101134006781952.000s] Level 1:colcon.colcon_core.package_discovery:discover_packages(path) check parameters
[-1790101134006781952.000s] Level 1:colcon.colcon_core.package_discovery:discover_packages(colcon_meta) discover
[-1790101134006781952.000s] Level 1:colcon.colcon_core.package_discovery:discover_packages(recursive) discover
[-1790101134006781952.000s] INFO:colcon.colcon_core.package_discovery:Crawling recursively for packages in '/home/punished_venom/DroneControls/src'
[-1790101134006781952.000s] Level 1:colcon.colcon_core.package_identification:_identify(.) by extensions ['ignore', 'ignore_ament_install']
[-1790101134006781952.000s] Level 1:colcon.colcon_core.package_identification:_identify(.) by extension 'ignore'
[-1790101134006781952.000s] Level 1:colcon.colcon_core.package_identification:_identify(.) by extension 'ignore_ament_install'
[-1790101134006781952.000s] Level 1:colcon.colcon_core.package_identification:_identify(.) by extensions ['colcon_pkg']
[-1790101134006781952.000s] Level 1:colcon.colcon_core.package_identification:_identify(.) by extension 'colcon_pkg'
[-1790101134006781952.000s] Level 1:colcon.colcon_core.package_identification:_identify(.) by extensions ['colcon_meta']
[-1790101134006781952.000s] Level 1:colcon.colcon_core.package_identification:_identify(.) by extension 'colcon_meta'
[-1790101134006781952.000s] Level 1:colcon.colcon_core.package_identification:_identify(.) by extensions ['ros']
[-1790101134006781952.000s] Level 1:colcon.colcon_core.package_identification:_identify(.) by extension 'ros'
[-1790101134006781952.000s] Level 1:colcon.colcon_core.package_identification:_identify(.) by extensions ['cmake', 'python']
[-1790101134006781952.000s] Level 1:colcon.colcon_core.package_identification:_identify(.) by extension 'cmake'
[-1790101134006781952.000s] Level 1:colcon.colcon_core.package_identification:_identify(.) by extension 'python'
[-1790101134006781952.000s] Level 1:colcon.colcon_core.package_identification:_identify(.) by extensions ['python_setup_py']
[-1790101134006781952.000s] Level 1:colcon.colcon_core.package_identification:_identify(.) by extension 'python_setup_py'
[-1790101134006781952.000s] Level 1:colcon.colcon_core.package_identification:_identify(build) by extensions ['ignore', 'ignore_ament_install']
[-1790101134006781952.000s] Level 1:colcon.colcon_core.package_identification:_identify(build) by extension 'ignore'
[-1790101134006781952.000s] Level 1:colcon.colcon_core.package_identification:_identify(build) ignored
[-1790101134006781952.000s] Level 1:colcon.colcon_core.package_identification:_identify(install) by extensions ['ignore', 'ignore_ament_install']
[-1790101134006781952.000s] Level 1:colcon.colcon_core.package_identification:_identify(install) by extension 'ignore'
[-1790101134006781952.000s] Level 1:colcon.colcon_core.package_identification:_identify(install) ignored
[-1790101134006781952.000s] Level 1:colcon.colcon_core.package_identification:_identify(log) by extensions ['ignore', 'ignore_ament_install']
[-1790101134006781952.000s] Level 1:colcon.colcon_core.package_identification:_identify(log) by extension 'ignore'
[-1790101134006781952.000s] Level 1:colcon.colcon_core.package_identification:_identify(log) ignored
[-1790101134006781952.000s] Level 1:colcon.colcon_core.package_identification:_identify(photon_flight_camera) by extensions ['ignore', 'ignore_ament_install']
[-1790101134006781952.000s] Level 1:colcon.colcon_core.package_identification:_identify(photon_flight_camera) by extension 'ignore'
[-1790101134006781952.000s] Level 1:colcon.colcon_core.package_identification:_identify(photon_flight_camera) by extension 'ignore_ament_install'
[-1790101134006781952.000s] Level 1:colcon.colcon_core.package_identification:_identify(photon_flight_camera) by extensions ['colcon_pkg']
[-1790101134006781952.000s] Level 1:colcon.colcon_core.package_identification:_identify(photon_flight_camera) by extension 'colcon_pkg'
[-1790101134006781952.000s] Level 1:colcon.colcon_core.package_identification:_identify(photon_flight_camera) by extensions ['colcon_meta']
[-1790101134006781952.000s] Level 1:colcon.colcon_core.package_identification:_identify(photon_flight_camera) by extension 'colcon_meta'
[-1790101134006781952.000s] Level 1:colcon.colcon_core.package_identification:_identify(photon_flight_camera) by extensions ['ros']
[-1790101134006781952.000s] Level 1:colcon.colcon_core.package_identification:_identify(photon_flight_camera) by extension 'ros'
[-1790101134006781952.000s] DEBUG:colcon.colcon_core.package_identification:Package 'photon_flight_camera' with type 'ros.ament_python' and name 'photon_flight_camera'
[-1790101134006781952.000s] Level 1:colcon.colcon_core.package_identification:_identify(photon_flight_db_internet) by extensions ['ignore', 'ignore_ament_install']
[-1790101134006781952.000s] Level 1:colcon.colcon_core.package_identification:_identify(photon_flight_db_internet) by extension 'ignore'
[-1790101134006781952.000s] Level 1:colcon.colcon_core.package_identification:_identify(photon_flight_db_internet) by extension 'ignore_ament_install'
[-1790101134006781952.000s] Level 1:colcon.colcon_core.package_identification:_identify(photon_flight_db_internet) by extensions ['colcon_pkg']
[-1790101134006781952.000s] Level 1:colcon.colcon_core.package_identification:_identify(photon_flight_db_internet) by extension 'colcon_pkg'
[-1790101134006781952.000s] Level 1:colcon.colcon_core.package_identification:_identify(photon_flight_db_internet) by extensions ['colcon_meta']
[-1790101134006781952.000s] Level 1:colcon.colcon_core.package_identification:_identify(photon_flight_db_internet) by extension 'colcon_meta'
[-1790101134006781952.000s] Level 1:colcon.colcon_core.package_identification:_identify(photon_flight_db_internet) by extensions ['ros']
[-1790101134006781952.000s] Level 1:colcon.colcon_core.package_identification:_identify(photon_flight_db_internet) by extension 'ros'
[-1790101134006781952.000s] DEBUG:colcon.colcon_core.package_identification:Package 'photon_flight_db_internet' with type 'ros.ament_python' and name 'photon_flight_db_internet'
[-1790101134006781952.000s] Level 1:colcon.colcon_core.package_identification:_identify(photon_flight_liDAR_Collection) by extensions ['ignore', 'ignore_ament_install']
[-1790101134006781952.000s] Level 1:colcon.colcon_core.package_identification:_identify(photon_flight_liDAR_Collection) by extension 'ignore'
[-1790101134006781952.000s] Level 1:colcon.colcon_core.package_identification:_identify(photon_flight_liDAR_Collection) by extension 'ignore_ament_install'
[-1790101134006781952.000s] Level 1:colcon.colcon_core.package_identification:_identify(photon_flight_liDAR_Collection) by extensions ['colcon_pkg']
[-1790101134006781952.000s] Level 1:colcon.colcon_core.package_identification:_identify(photon_flight_liDAR_Collection) by extension 'colcon_pkg'
[-1790101134006781952.000s] Level 1:colcon.colcon_core.package_identification:_identify(photon_flight_liDAR_Collection) by extensions ['colcon_meta']
[-1790101134006781952.000s] Level 1:colcon.colcon_core.package_identification:_identify(photon_flight_liDAR_Collection) by extension 'colcon_meta'
[-1790101134006781952.000s] Level 1:colcon.colcon_core.package_identification:_identify(photon_flight_liDAR_Collection) by extensions ['ros']
[-1790101134006781952.000s] Level 1:colcon.colcon_core.package_identification:_identify(photon_flight_liDAR_Collection) by extension 'ros'
[-1790101134006781952.000s] DEBUG:colcon.colcon_core.package_identification:Package 'photon_flight_liDAR_Collection' with type 'ros.ament_cmake' and name 'photon_flight_liDAR_Collection'
[-1790101134006781952.000s] Level 1:colcon.colcon_core.package_identification:_identify(photon_flight_servo_imu) by extensions ['ignore', 'ignore_ament_install']
[-1790101134006781952.000s] Level 1:colcon.colcon_core.package_identification:_identify(photon_flight_servo_imu) by extension 'ignore'
[-1790101134006781952.000s] Level 1:colcon.colcon_core.package_identification:_identify(photon_flight_servo_imu) by extension 'ignore_ament_install'
[-1790101134006781952.000s] Level 1:colcon.colcon_core.package_identification:_identify(photon_flight_servo_imu) by extensions ['colcon_pkg']
[-1790101134006781952.000s] Level 1:colcon.colcon_core.package_identification:_identify(photon_flight_servo_imu) by extension 'colcon_pkg'
[-1790101134006781952.000s] Level 1:colcon.colcon_core.package_identification:_identify(photon_flight_servo_imu) by extensions ['colcon_meta']
[-1790101134006781952.000s] Level 1:colcon.colcon_core.package_identification:_identify(photon_flight_servo_imu) by extension 'colcon_meta'
[-1790101134006781952.000s] Level 1:colcon.colcon_core.package_identification:_identify(photon_flight_servo_imu) by extensions ['ros']
[-1790101134006781952.000s] Level 1:colcon.colcon_core.package_identification:_identify(photon_flight_servo_imu) by extension 'ros'
[-1790101134006781952.000s] DEBUG:colcon.colcon_core.package_identification:Package 'photon_flight_servo_imu' with type 'ros.ament_cmake' and name 'photon_flight_servo_imu'
[-1790101134006781952.000s] Level 1:colcon.colcon_core.package_identification:_identify(rplidar_ros) by extensions ['ignore', 'ignore_ament_install']
[-1790101134006781952.000s] Level 1:colcon.colcon_core.package_identification:_identify(rplidar_ros) by extension 'ignore'
[-1790101134006781952.000s] Level 1:colcon.colcon_core.package_identification:_identify(rplidar_ros) by extension 'ignore_ament_install'
[-1790101134006781952.000s] Level 1:colcon.colcon_core.package_identification:_identify(rplidar_ros) by extensions ['colcon_pkg']
[-1790101134006781952.000s] Level 1:colcon.colcon_core.package_identification:_identify(rplidar_ros) by extension 'colcon_pkg'
[-1790101134006781952.000s] Level 1:colcon.colcon_core.package_identification:_identify(rplidar_ros) by extensions ['colcon_meta']
[-1790101134006781952.000s] Level 1:colcon.colcon_core.package_identification:_identify(rplidar_ros) by extension 'colcon_meta'
[-1790101134006781952.000s] Level 1:colcon.colcon_core.package_identification:_identify(rplidar_ros) by extensions ['ros']
[-1790101134006781952.000s] Level 1:colcon.colcon_core.package_identification:_identify(rplidar_ros) by extension 'ros'
[-1790101134006781952.000s] DEBUG:colcon.colcon_core.package_identification:Package 'rplidar_ros' with type 'ros.ament_cmake' and name 'rplidar_ros'
[-1790101134006781952.000s] Level 1:colcon.colcon_core.package_identification:_identify(sllidar_ros2) by extensions ['ignore', 'ignore_ament_install']
[-1790101134006781952.000s] Level 1:colcon.colcon_core.package_identification:_identify(sllidar_ros2) by extension 'ignore'
[-1790101134006781952.000s] Level 1:colcon.colcon_core.package_identification:_identify(sllidar_ros2) by extension 'ignore_ament_install'
[-1790101134006781952.000s] Level 1:colcon.colcon_core.package_identification:_identify(sllidar_ros2) by extensions ['colcon_pkg']
[-1790101134006781952.000s] Level 1:colcon.colcon_core.package_identification:_identify(sllidar_ros2) by extension 'colcon_pkg'
[-1790101134006781952.000s] Level 1:colcon.colcon_core.package_identification:_identify(sllidar_ros2) by extensions ['colcon_meta']
[-1790101134006781952.000s] Level 1:colcon.colcon_core.package_identification:_identify(sllidar_ros2) by extension 'colcon_meta'
[-1790101134006781952.000s] Level 1:colcon.colcon_core.package_identification:_identify(sllidar_ros2) by extensions ['ros']
[-1790101134006781952.000s] Level 1:colcon.colcon_core.package_identification:_identify(sllidar_ros2) by extension 'ros'
[-1790101134006781952.000s] Level 1:colcon.colcon_core.package_identification:_identify(sllidar_ros2) by extensions ['cmake', 'python']
[-1790101134006781952.000s] Level 1:colcon.colcon_core.package_identification:_identify(sllidar_ros2) by extension 'cmake'
[-1790101134006781952.000s] Level 1:colcon.colcon_core.package_identification:_identify(sllidar_ros2) by extension 'python'
[-1790101134006781952.000s] Level 1:colcon.colcon_core.package_identification:_identify(sllidar_ros2) by extensions ['python_setup_py']
[-1790101134006781952.000s] Level 1:colcon.colcon_core.package_identification:_identify(sllidar_ros2) by extension 'python_setup_py'
[-1790101134006781952.000s] Level 1:colcon.colcon_core.package_discovery:discover_packages(recursive) using defaults
[-1790101134006781952.000s] Level 1:colcon.colcon_core.package_discovery:discover_packages(ignore) discover
[-1790101134006781952.000s] Level 1:colcon.colcon_core.package_discovery:discover_packages(ignore) using defaults
[-1790101134006781952.000s] Level 1:colcon.colcon_core.package_discovery:discover_packages(path) discover
[-1790101134006781952.000s] Level 1:colcon.colcon_core.package_discovery:discover_packages(path) using defaults
[-1790101134006781952.000s] Level 1:colcon.colcon_core.package_discovery:discover_packages(prefix_path) check parameters
[-1790101134006781952.000s] Level 1:colcon.colcon_core.package_discovery:discover_packages(prefix_path) discover
[-1790101134006781952.000s] DEBUG:colcon.colcon_installed_package_information.package_discovery:Found 199 installed packages in /opt/ros/lyrical
[-1790101134006781952.000s] Level 1:colcon.colcon_core.package_discovery:discover_packages(prefix_path) using defaults
[-1790101134006781952.000s] Level 5:colcon.colcon_core.verb:set package 'photon_flight_camera' build argument 'cmake_args' from command line to 'None'
[-1790101134006781952.000s] Level 5:colcon.colcon_core.verb:set package 'photon_flight_camera' build argument 'cmake_target' from command line to 'None'
[-1790101134006781952.000s] Level 5:colcon.colcon_core.verb:set package 'photon_flight_camera' build argument 'cmake_target_skip_unavailable' from command line to 'False'
[-1790101134006781952.000s] Level 5:colcon.colcon_core.verb:set package 'photon_flight_camera' build argument 'cmake_clean_cache' from command line to 'False'
[-1790101134006781952.000s] Level 5:colcon.colcon_core.verb:set package 'photon_flight_camera' build argument 'cmake_clean_first' from command line to 'False'
[-1790101134006781952.000s] Level 5:colcon.colcon_core.verb:set package 'photon_flight_camera' build argument 'cmake_force_configure' from command line to 'False'
[-1790101134006781952.000s] Level 5:colcon.colcon_core.verb:set package 'photon_flight_camera' build argument 'ament_cmake_args' from command line to 'None'
[-1790101134006781952.000s] Level 5:colcon.colcon_core.verb:set package 'photon_flight_camera' build argument 'catkin_cmake_args' from command line to 'None'
[-1790101134006781952.000s] Level 5:colcon.colcon_core.verb:set package 'photon_flight_camera' build argument 'catkin_skip_building_tests' from command line to 'False'
[-1790101134006781952.000s] DEBUG:colcon.colcon_core.verb:Building package 'photon_flight_camera' with the following arguments: {'ament_cmake_args': None, 'build_base': '/home/punished_venom/DroneControls/src/build/photon_flight_camera', 'catkin_cmake_args': None, 'catkin_skip_building_tests': False, 'cmake_args': None, 'cmake_clean_cache': False, 'cmake_clean_first': False, 'cmake_force_configure': False, 'cmake_target': None, 'cmake_target_skip_unavailable': False, 'install_base': '/home/punished_venom/DroneControls/src/install/photon_flight_camera', 'merge_install': False, 'path': '/home/punished_venom/DroneControls/src/photon_flight_camera', 'symlink_install': True, 'test_result_base': None}
[-1790101134006781952.000s] Level 5:colcon.colcon_core.verb:set package 'photon_flight_db_internet' build argument 'cmake_args' from command line to 'None'
[-1790101134006781952.000s] Level 5:colcon.colcon_core.verb:set package 'photon_flight_db_internet' build argument 'cmake_target' from command line to 'None'
[-1790101134006781952.000s] Level 5:colcon.colcon_core.verb:set package 'photon_flight_db_internet' build argument 'cmake_target_skip_unavailable' from command line to 'False'
[-1790101134006781952.000s] Level 5:colcon.colcon_core.verb:set package 'photon_flight_db_internet' build argument 'cmake_clean_cache' from command line to 'False'
[-1790101134006781952.000s] Level 5:colcon.colcon_core.verb:set package 'photon_flight_db_internet' build argument 'cmake_clean_first' from command line to 'False'
[-1790101134006781952.000s] Level 5:colcon.colcon_core.verb:set package 'photon_flight_db_internet' build argument 'cmake_force_configure' from command line to 'False'
[-1790101134006781952.000s] Level 5:colcon.colcon_core.verb:set package 'photon_flight_db_internet' build argument 'ament_cmake_args' from command line to 'None'
[-1790101134006781952.000s] Level 5:colcon.colcon_core.verb:set package 'photon_flight_db_internet' build argument 'catkin_cmake_args' from command line to 'None'
[-1790101134006781952.000s] Level 5:colcon.colcon_core.verb:set package 'photon_flight_db_internet' build argument 'catkin_skip_building_tests' from command line to 'False'
[-1790101134006781952.000s] DEBUG:colcon.colcon_core.verb:Building package 'photon_flight_db_internet' with the following arguments: {'ament_cmake_args': None, 'build_base': '/home/punished_venom/DroneControls/src/build/photon_flight_db_internet', 'catkin_cmake_args': None, 'catkin_skip_building_tests': False, 'cmake_args': None, 'cmake_clean_cache': False, 'cmake_clean_first': False, 'cmake_force_configure': False, 'cmake_target': None, 'cmake_target_skip_unavailable': False, 'install_base': '/home/punished_venom/DroneControls/src/install/photon_flight_db_internet', 'merge_install': False, 'path': '/home/punished_venom/DroneControls/src/photon_flight_db_internet', 'symlink_install': True, 'test_result_base': None}
[-1790101134006781952.000s] Level 5:colcon.colcon_core.verb:set package 'photon_flight_liDAR_Collection' build argument 'cmake_args' from command line to 'None'
[-1790101134006781952.000s] Level 5:colcon.colcon_core.verb:set package 'photon_flight_liDAR_Collection' build argument 'cmake_target' from command line to 'None'
[-1790101134006781952.000s] Level 5:colcon.colcon_core.verb:set package 'photon_flight_liDAR_Collection' build argument 'cmake_target_skip_unavailable' from command line to 'False'
[-1790101134006781952.000s] Level 5:colcon.colcon_core.verb:set package 'photon_flight_liDAR_Collection' build argument 'cmake_clean_cache' from command line to 'False'
[-1790101134006781952.000s] Level 5:colcon.colcon_core.verb:set package 'photon_flight_liDAR_Collection' build argument 'cmake_clean_first' from command line to 'False'
[-1790101134006781952.000s] Level 5:colcon.colcon_core.verb:set package 'photon_flight_liDAR_Collection' build argument 'cmake_force_configure' from command line to 'False'
[-1790101134006781952.000s] Level 5:colcon.colcon_core.verb:set package 'photon_flight_liDAR_Collection' build argument 'ament_cmake_args' from command line to 'None'
[-1790101134006781952.000s] Level 5:colcon.colcon_core.verb:set package 'photon_flight_liDAR_Collection' build argument 'catkin_cmake_args' from command line to 'None'
[-1790101134006781952.000s] Level 5:colcon.colcon_core.verb:set package 'photon_flight_liDAR_Collection' build argument 'catkin_skip_building_tests' from command line to 'False'
[-1790101134006781952.000s] DEBUG:colcon.colcon_core.verb:Building package 'photon_flight_liDAR_Collection' with the following arguments: {'ament_cmake_args': None, 'build_base': '/home/punished_venom/DroneControls/src/build/photon_flight_liDAR_Collection', 'catkin_cmake_args': None, 'catkin_skip_building_tests': False, 'cmake_args': None, 'cmake_clean_cache': False, 'cmake_clean_first': False, 'cmake_force_configure': False, 'cmake_target': None, 'cmake_target_skip_unavailable': False, 'install_base': '/home/punished_venom/DroneControls/src/install/photon_flight_liDAR_Collection', 'merge_install': False, 'path': '/home/punished_venom/DroneControls/src/photon_flight_liDAR_Collection', 'symlink_install': True, 'test_result_base': None}
[-1790101134006781952.000s] Level 5:colcon.colcon_core.verb:set package 'photon_flight_servo_imu' build argument 'cmake_args' from command line to 'None'
[-1790101134006781952.000s] Level 5:colcon.colcon_core.verb:set package 'photon_flight_servo_imu' build argument 'cmake_target' from command line to 'None'
[-1790101134006781952.000s] Level 5:colcon.colcon_core.verb:set package 'photon_flight_servo_imu' build argument 'cmake_target_skip_unavailable' from command line to 'False'
[-1790101134006781952.000s] Level 5:colcon.colcon_core.verb:set package 'photon_flight_servo_imu' build argument 'cmake_clean_cache' from command line to 'False'
[-1790101134006781952.000s] Level 5:colcon.colcon_core.verb:set package 'photon_flight_servo_imu' build argument 'cmake_clean_first' from command line to 'False'
[-1790101134006781952.000s] Level 5:colcon.colcon_core.verb:set package 'photon_flight_servo_imu' build argument 'cmake_force_configure' from command line to 'False'
[-1790101134006781952.000s] Level 5:colcon.colcon_core.verb:set package 'photon_flight_servo_imu' build argument 'ament_cmake_args' from command line to 'None'
[-1790101134006781952.000s] Level 5:colcon.colcon_core.verb:set package 'photon_flight_servo_imu' build argument 'catkin_cmake_args' from command line to 'None'
[-1790101134006781952.000s] Level 5:colcon.colcon_core.verb:set package 'photon_flight_servo_imu' build argument 'catkin_skip_building_tests' from command line to 'False'
[-1790101134006781952.000s] DEBUG:colcon.colcon_core.verb:Building package 'photon_flight_servo_imu' with the following arguments: {'ament_cmake_args': None, 'build_base': '/home/punished_venom/DroneControls/src/build/photon_flight_servo_imu', 'catkin_cmake_args': None, 'catkin_skip_building_tests': False, 'cmake_args': None, 'cmake_clean_cache': False, 'cmake_clean_first': False, 'cmake_force_configure': False, 'cmake_target': None, 'cmake_target_skip_unavailable': False, 'install_base': '/home/punished_venom/DroneControls/src/install/photon_flight_servo_imu', 'merge_install': False, 'path': '/home/punished_venom/DroneControls/src/photon_flight_servo_imu', 'symlink_install': True, 'test_result_base': None}
[-1790101134006781952.000s] Level 5:colcon.colcon_core.verb:set package 'rplidar_ros' build argument 'cmake_args' from command line to 'None'
[-1790101134006781952.000s] Level 5:colcon.colcon_core.verb:set package 'rplidar_ros' build argument 'cmake_target' from command line to 'None'
[-1790101134006781952.000s] Level 5:colcon.colcon_core.verb:set package 'rplidar_ros' build argument 'cmake_target_skip_unavailable' from command line to 'False'
[-1790101134006781952.000s] Level 5:colcon.colcon_core.verb:set package 'rplidar_ros' build argument 'cmake_clean_cache' from command line to 'False'
[-1790101134006781952.000s] Level 5:colcon.colcon_core.verb:set package 'rplidar_ros' build argument 'cmake_clean_first' from command line to 'False'
[-1790101134006781952.000s] Level 5:colcon.colcon_core.verb:set package 'rplidar_ros' build argument 'cmake_force_configure' from command line to 'False'
[-1790101134006781952.000s] Level 5:colcon.colcon_core.verb:set package 'rplidar_ros' build argument 'ament_cmake_args' from command line to 'None'
[-1790101134006781952.000s] Level 5:colcon.colcon_core.verb:set package 'rplidar_ros' build argument 'catkin_cmake_args' from command line to 'None'
[-1790101134006781952.000s] Level 5:colcon.colcon_core.verb:set package 'rplidar_ros' build argument 'catkin_skip_building_tests' from command line to 'False'
[-1790101134006781952.000s] DEBUG:colcon.colcon_core.verb:Building package 'rplidar_ros' with the following arguments: {'ament_cmake_args': None, 'build_base': '/home/punished_venom/DroneControls/src/build/rplidar_ros', 'catkin_cmake_args': None, 'catkin_skip_building_tests': False, 'cmake_args': None, 'cmake_clean_cache': False, 'cmake_clean_first': False, 'cmake_force_configure': False, 'cmake_target': None, 'cmake_target_skip_unavailable': False, 'install_base': '/home/punished_venom/DroneControls/src/install/rplidar_ros', 'merge_install': False, 'path': '/home/punished_venom/DroneControls/src/rplidar_ros', 'symlink_install': True, 'test_result_base': None}
[-1790101134006781952.000s] INFO:colcon.colcon_core.executor:Executing jobs using 'parallel' executor
[-1790101134006781952.000s] DEBUG:colcon.colcon_parallel_executor.executor.parallel:run_until_complete
[-1790101134006781952.000s] INFO:colcon.colcon_ros.task.ament_python.build:Building ROS package in '/home/punished_venom/DroneControls/src/photon_flight_camera' with build type 'ament_python'
[-1790101134006781952.000s] Level 1:colcon.colcon_core.shell:create_environment_hook('photon_flight_camera', 'ament_prefix_path')
[-1790101134006781952.000s] INFO:colcon.colcon_core.plugin_system:Skipping extension 'colcon_core.shell.bat': Not used on non-Windows systems
[-1790101134006781952.000s] INFO:colcon.colcon_core.shell:Creating environment hook '/home/punished_venom/DroneControls/src/install/photon_flight_camera/share/photon_flight_camera/hook/ament_prefix_path.ps1'
[-1790101134006781952.000s] INFO:colcon.colcon_core.shell:Creating environment descriptor '/home/punished_venom/DroneControls/src/install/photon_flight_camera/share/photon_flight_camera/hook/ament_prefix_path.dsv'
[-1790101134006781952.000s] INFO:colcon.colcon_core.shell:Creating environment hook '/home/punished_venom/DroneControls/src/install/photon_flight_camera/share/photon_flight_camera/hook/ament_prefix_path.sh'
[-1790101134006781952.000s] INFO:colcon.colcon_core.shell:Skip shell extension 'powershell' for command environment: Not usable outside of PowerShell
[-1790101134006781952.000s] DEBUG:colcon.colcon_core.shell:Skip shell extension 'dsv' for command environment
[-1790101134006781952.000s] INFO:colcon.colcon_ros.task.ament_python.build:Building ROS package in '/home/punished_venom/DroneControls/src/photon_flight_db_internet' with build type 'ament_python'
[-1790101134006781952.000s] Level 1:colcon.colcon_core.shell:create_environment_hook('photon_flight_db_internet', 'ament_prefix_path')
[-1790101134006781952.000s] INFO:colcon.colcon_core.shell:Creating environment hook '/home/punished_venom/DroneControls/src/install/photon_flight_db_internet/share/photon_flight_db_internet/hook/ament_prefix_path.ps1'
[-1790101134006781952.000s] INFO:colcon.colcon_core.shell:Creating environment descriptor '/home/punished_venom/DroneControls/src/install/photon_flight_db_internet/share/photon_flight_db_internet/hook/ament_prefix_path.dsv'
[-1790101134006781952.000s] INFO:colcon.colcon_core.shell:Creating environment hook '/home/punished_venom/DroneControls/src/install/photon_flight_db_internet/share/photon_flight_db_internet/hook/ament_prefix_path.sh'
[-1790101134006781952.000s] INFO:colcon.colcon_core.shell:Skip shell extension 'powershell' for command environment: Not usable outside of PowerShell
[-1790101134006781952.000s] DEBUG:colcon.colcon_core.shell:Skip shell extension 'dsv' for command environment
[-1790101134006781952.000s] INFO:colcon.colcon_ros.task.ament_cmake.build:Building ROS package in '/home/punished_venom/DroneControls/src/photon_flight_liDAR_Collection' with build type 'ament_cmake'
[-1790101134006781952.000s] INFO:colcon.colcon_cmake.task.cmake.build:Building CMake package in '/home/punished_venom/DroneControls/src/photon_flight_liDAR_Collection'
[-1790101134006781952.000s] INFO:colcon.colcon_core.shell:Skip shell extension 'powershell' for command environment: Not usable outside of PowerShell
[-1790101134006781952.000s] DEBUG:colcon.colcon_core.shell:Skip shell extension 'dsv' for command environment
[-1790101134006781952.000s] INFO:colcon.colcon_ros.task.ament_cmake.build:Building ROS package in '/home/punished_venom/DroneControls/src/photon_flight_servo_imu' with build type 'ament_cmake'
[-1790101134006781952.000s] INFO:colcon.colcon_cmake.task.cmake.build:Building CMake package in '/home/punished_venom/DroneControls/src/photon_flight_servo_imu'
[-1790101134006781952.000s] INFO:colcon.colcon_core.shell:Skip shell extension 'powershell' for command environment: Not usable outside of PowerShell
[-1790101134006781952.000s] DEBUG:colcon.colcon_core.shell:Skip shell extension 'dsv' for command environment
[-1790101134006781952.000s] INFO:colcon.colcon_core.task.python.build:Building Python package in '/home/punished_venom/DroneControls/src/photon_flight_camera'
[-1790101134006781952.000s] INFO:colcon.colcon_core.shell:Skip shell extension 'powershell' for command environment: Not usable outside of PowerShell
[-1790101134006781952.000s] DEBUG:colcon.colcon_core.shell:Skip shell extension 'dsv' for command environment
[-1790101134006781952.000s] INFO:colcon.colcon_core.task.python.build:Building Python package in '/home/punished_venom/DroneControls/src/photon_flight_db_internet'
[-1790101134006781952.000s] INFO:colcon.colcon_core.shell:Skip shell extension 'powershell' for command environment: Not usable outside of PowerShell
[-1790101134006781952.000s] DEBUG:colcon.colcon_core.shell:Skip shell extension 'dsv' for command environment
[-1790101134006781952.000s] DEBUG:colcon.colcon_core.event_handler.log_command:Invoking command in '/home/punished_venom/DroneControls/src/build/photon_flight_liDAR_Collection': CMAKE_PREFIX_PATH=/opt/ros/lyrical /usr/bin/cmake --build /home/punished_venom/DroneControls/src/build/photon_flight_liDAR_Collection -- -j4 -l4
[-1790101134006781952.000s] DEBUG:colcon.colcon_core.event_handler.log_command:Invoking command in '/home/punished_venom/DroneControls/src/build/photon_flight_servo_imu': CMAKE_PREFIX_PATH=/opt/ros/lyrical /usr/bin/cmake --build /home/punished_venom/DroneControls/src/build/photon_flight_servo_imu -- -j4 -l4
[-1790101134006781952.000s] DEBUG:colcon.colcon_core.event_handler.log_command:Invoked command in '/home/punished_venom/DroneControls/src/build/photon_flight_liDAR_Collection' returned '0': CMAKE_PREFIX_PATH=/opt/ros/lyrical /usr/bin/cmake --build /home/punished_venom/DroneControls/src/build/photon_flight_liDAR_Collection -- -j4 -l4
[-1790101134006781952.000s] DEBUG:colcon.colcon_core.event_handler.log_command:Invoking command in '/home/punished_venom/DroneControls/src/build/photon_flight_liDAR_Collection': CMAKE_PREFIX_PATH=/opt/ros/lyrical /usr/bin/cmake --install /home/punished_venom/DroneControls/src/build/photon_flight_liDAR_Collection
[-1790101134006781952.000s] DEBUG:colcon.colcon_core.event_handler.log_command:Invoked command in '/home/punished_venom/DroneControls/src/build/photon_flight_servo_imu' returned '0': CMAKE_PREFIX_PATH=/opt/ros/lyrical /usr/bin/cmake --build /home/punished_venom/DroneControls/src/build/photon_flight_servo_imu -- -j4 -l4
[-1790101134006781952.000s] DEBUG:colcon.colcon_core.event_handler.log_command:Invoking command in '/home/punished_venom/DroneControls/src/build/photon_flight_servo_imu': CMAKE_PREFIX_PATH=/opt/ros/lyrical /usr/bin/cmake --install /home/punished_venom/DroneControls/src/build/photon_flight_servo_imu
[-1790101134006781952.000s] Level 1:colcon.colcon_core.environment:create_environment_scripts_only(photon_flight_liDAR_Collection)
[-1790101134006781952.000s] DEBUG:colcon.colcon_core.event_handler.log_command:Invoked command in '/home/punished_venom/DroneControls/src/build/photon_flight_liDAR_Collection' returned '0': CMAKE_PREFIX_PATH=/opt/ros/lyrical /usr/bin/cmake --install /home/punished_venom/DroneControls/src/build/photon_flight_liDAR_Collection
[-1790101134006781952.000s] Level 1:colcon.colcon_core.environment:checking '/home/punished_venom/DroneControls/src/install/photon_flight_liDAR_Collection' for CMake module files
[-1790101134006781952.000s] Level 1:colcon.colcon_core.environment:checking '/home/punished_venom/DroneControls/src/install/photon_flight_liDAR_Collection' for CMake config files
[-1790101134006781952.000s] Level 1:colcon.colcon_core.shell:create_environment_hook('photon_flight_liDAR_Collection', 'cmake_prefix_path')
[-1790101134006781952.000s] INFO:colcon.colcon_core.shell:Creating environment hook '/home/punished_venom/DroneControls/src/install/photon_flight_liDAR_Collection/share/photon_flight_liDAR_Collection/hook/cmake_prefix_path.ps1'
[-1790101134006781952.000s] INFO:colcon.colcon_core.shell:Creating environment descriptor '/home/punished_venom/DroneControls/src/install/photon_flight_liDAR_Collection/share/photon_flight_liDAR_Collection/hook/cmake_prefix_path.dsv'
[-1790101134006781952.000s] INFO:colcon.colcon_core.shell:Creating environment hook '/home/punished_venom/DroneControls/src/install/photon_flight_liDAR_Collection/share/photon_flight_liDAR_Collection/hook/cmake_prefix_path.sh'
[-1790101134006781952.000s] Level 1:colcon.colcon_core.environment:checking '/home/punished_venom/DroneControls/src/install/photon_flight_liDAR_Collection/bin'
[-1790101134006781952.000s] Level 1:colcon.colcon_core.environment:checking '/home/punished_venom/DroneControls/src/install/photon_flight_liDAR_Collection/lib/pkgconfig/photon_flight_liDAR_Collection.pc'
[-1790101134006781952.000s] Level 1:colcon.colcon_core.environment:checking '/home/punished_venom/DroneControls/src/install/photon_flight_liDAR_Collection/lib/python3.14/site-packages'
[-1790101134006781952.000s] Level 1:colcon.colcon_core.environment:checking '/home/punished_venom/DroneControls/src/install/photon_flight_liDAR_Collection/bin'
[-1790101134006781952.000s] INFO:colcon.colcon_core.shell:Creating package script '/home/punished_venom/DroneControls/src/install/photon_flight_liDAR_Collection/share/photon_flight_liDAR_Collection/package.ps1'
[-1790101134006781952.000s] INFO:colcon.colcon_core.shell:Creating package descriptor '/home/punished_venom/DroneControls/src/install/photon_flight_liDAR_Collection/share/photon_flight_liDAR_Collection/package.dsv'
[-1790101134006781952.000s] INFO:colcon.colcon_core.shell:Creating package script '/home/punished_venom/DroneControls/src/install/photon_flight_liDAR_Collection/share/photon_flight_liDAR_Collection/package.sh'
[-1790101134006781952.000s] INFO:colcon.colcon_core.shell:Creating package script '/home/punished_venom/DroneControls/src/install/photon_flight_liDAR_Collection/share/photon_flight_liDAR_Collection/package.bash'
[-1790101134006781952.000s] INFO:colcon.colcon_core.shell:Creating package script '/home/punished_venom/DroneControls/src/install/photon_flight_liDAR_Collection/share/photon_flight_liDAR_Collection/package.zsh'
[-1790101134006781952.000s] Level 1:colcon.colcon_core.environment:create_file_with_runtime_dependencies(/home/punished_venom/DroneControls/src/install/photon_flight_liDAR_Collection/share/colcon-core/packages/photon_flight_liDAR_Collection)
[-1790101134006781952.000s] Level 1:colcon.colcon_core.environment:create_environment_scripts_only(photon_flight_liDAR_Collection)
[-1790101134006781952.000s] Level 1:colcon.colcon_core.environment:checking '/home/punished_venom/DroneControls/src/install/photon_flight_liDAR_Collection' for CMake module files
[-1790101134006781952.000s] Level 1:colcon.colcon_core.environment:checking '/home/punished_venom/DroneControls/src/install/photon_flight_liDAR_Collection' for CMake config files
[-1790101134006781952.000s] Level 1:colcon.colcon_core.shell:create_environment_hook('photon_flight_liDAR_Collection', 'cmake_prefix_path')
[-1790101134006781952.000s] INFO:colcon.colcon_core.shell:Creating environment hook '/home/punished_venom/DroneControls/src/install/photon_flight_liDAR_Collection/share/photon_flight_liDAR_Collection/hook/cmake_prefix_path.ps1'
[-1790101134006781952.000s] INFO:colcon.colcon_core.shell:Creating environment descriptor '/home/punished_venom/DroneControls/src/install/photon_flight_liDAR_Collection/share/photon_flight_liDAR_Collection/hook/cmake_prefix_path.dsv'
[-1790101134006781952.000s] INFO:colcon.colcon_core.shell:Creating environment hook '/home/punished_venom/DroneControls/src/install/photon_flight_liDAR_Collection/share/photon_flight_liDAR_Collection/hook/cmake_prefix_path.sh'
[-1790101134006781952.000s] Level 1:colcon.colcon_core.environment:checking '/home/punished_venom/DroneControls/src/install/photon_flight_liDAR_Collection/bin'
[-1790101134006781952.000s] Level 1:colcon.colcon_core.environment:checking '/home/punished_venom/DroneControls/src/install/photon_flight_liDAR_Collection/lib/pkgconfig/photon_flight_liDAR_Collection.pc'
[-1790101134006781952.000s] Level 1:colcon.colcon_core.environment:checking '/home/punished_venom/DroneControls/src/install/photon_flight_liDAR_Collection/lib/python3.14/site-packages'
[-1790101134006781952.000s] Level 1:colcon.colcon_core.environment:checking '/home/punished_venom/DroneControls/src/install/photon_flight_liDAR_Collection/bin'
[-1790101134006781952.000s] INFO:colcon.colcon_core.shell:Creating package script '/home/punished_venom/DroneControls/src/install/photon_flight_liDAR_Collection/share/photon_flight_liDAR_Collection/package.ps1'
[-1790101134006781952.000s] INFO:colcon.colcon_core.shell:Creating package descriptor '/home/punished_venom/DroneControls/src/install/photon_flight_liDAR_Collection/share/photon_flight_liDAR_Collection/package.dsv'
[-1790101134006781952.000s] INFO:colcon.colcon_core.shell:Creating package script '/home/punished_venom/DroneControls/src/install/photon_flight_liDAR_Collection/share/photon_flight_liDAR_Collection/package.sh'
[-1790101134006781952.000s] INFO:colcon.colcon_core.shell:Creating package script '/home/punished_venom/DroneControls/src/install/photon_flight_liDAR_Collection/share/photon_flight_liDAR_Collection/package.bash'
[-1790101134006781952.000s] INFO:colcon.colcon_core.shell:Creating package script '/home/punished_venom/DroneControls/src/install/photon_flight_liDAR_Collection/share/photon_flight_liDAR_Collection/package.zsh'
[-1790101134006781952.000s] Level 1:colcon.colcon_core.environment:create_file_with_runtime_dependencies(/home/punished_venom/DroneControls/src/install/photon_flight_liDAR_Collection/share/colcon-core/packages/photon_flight_liDAR_Collection)
[-1790101134006781952.000s] INFO:colcon.colcon_ros.task.ament_cmake.build:Building ROS package in '/home/punished_venom/DroneControls/src/rplidar_ros' with build type 'ament_cmake'
[-1790101134006781952.000s] INFO:colcon.colcon_cmake.task.cmake.build:Building CMake package in '/home/punished_venom/DroneControls/src/rplidar_ros'
[-1790101134006781952.000s] INFO:colcon.colcon_core.shell:Skip shell extension 'powershell' for command environment: Not usable outside of PowerShell
[-1790101134006781952.000s] DEBUG:colcon.colcon_core.shell:Skip shell extension 'dsv' for command environment
[-1790101134006781952.000s] Level 1:colcon.colcon_core.environment:create_environment_scripts_only(photon_flight_servo_imu)
[-1790101134006781952.000s] Level 1:colcon.colcon_core.environment:checking '/home/punished_venom/DroneControls/src/install/photon_flight_servo_imu' for CMake module files
[-1790101134006781952.000s] DEBUG:colcon.colcon_core.event_handler.log_command:Invoked command in '/home/punished_venom/DroneControls/src/build/photon_flight_servo_imu' returned '0': CMAKE_PREFIX_PATH=/opt/ros/lyrical /usr/bin/cmake --install /home/punished_venom/DroneControls/src/build/photon_flight_servo_imu
[-1790101134006781952.000s] Level 1:colcon.colcon_core.environment:checking '/home/punished_venom/DroneControls/src/install/photon_flight_servo_imu' for CMake config files
[-1790101134006781952.000s] Level 1:colcon.colcon_core.shell:create_environment_hook('photon_flight_servo_imu', 'cmake_prefix_path')
[-1790101134006781952.000s] INFO:colcon.colcon_core.shell:Creating environment hook '/home/punished_venom/DroneControls/src/install/photon_flight_servo_imu/share/photon_flight_servo_imu/hook/cmake_prefix_path.ps1'
[-1790101134006781952.000s] INFO:colcon.colcon_core.shell:Creating environment descriptor '/home/punished_venom/DroneControls/src/install/photon_flight_servo_imu/share/photon_flight_servo_imu/hook/cmake_prefix_path.dsv'
[-1790101134006781952.000s] INFO:colcon.colcon_core.shell:Creating environment hook '/home/punished_venom/DroneControls/src/install/photon_flight_servo_imu/share/photon_flight_servo_imu/hook/cmake_prefix_path.sh'
[-1790101134006781952.000s] Level 1:colcon.colcon_core.environment:checking '/home/punished_venom/DroneControls/src/install/photon_flight_servo_imu/bin'
[-1790101134006781952.000s] Level 1:colcon.colcon_core.environment:checking '/home/punished_venom/DroneControls/src/install/photon_flight_servo_imu/lib/pkgconfig/photon_flight_servo_imu.pc'
[-1790101134006781952.000s] Level 1:colcon.colcon_core.environment:checking '/home/punished_venom/DroneControls/src/install/photon_flight_servo_imu/lib/python3.14/site-packages'
[-1790101134006781952.000s] Level 1:colcon.colcon_core.environment:checking '/home/punished_venom/DroneControls/src/install/photon_flight_servo_imu/bin'
[-1790101134006781952.000s] INFO:colcon.colcon_core.shell:Creating package script '/home/punished_venom/DroneControls/src/install/photon_flight_servo_imu/share/photon_flight_servo_imu/package.ps1'
[-1790101134006781952.000s] INFO:colcon.colcon_core.shell:Creating package descriptor '/home/punished_venom/DroneControls/src/install/photon_flight_servo_imu/share/photon_flight_servo_imu/package.dsv'
[-1790101134006781952.000s] INFO:colcon.colcon_core.shell:Creating package script '/home/punished_venom/DroneControls/src/install/photon_flight_servo_imu/share/photon_flight_servo_imu/package.sh'
[-1790101134006781952.000s] INFO:colcon.colcon_core.shell:Creating package script '/home/punished_venom/DroneControls/src/install/photon_flight_servo_imu/share/photon_flight_servo_imu/package.bash'
[-1790101134006781952.000s] INFO:colcon.colcon_core.shell:Creating package script '/home/punished_venom/DroneControls/src/install/photon_flight_servo_imu/share/photon_flight_servo_imu/package.zsh'
[-1790101134006781952.000s] Level 1:colcon.colcon_core.environment:create_file_with_runtime_dependencies(/home/punished_venom/DroneControls/src/install/photon_flight_servo_imu/share/colcon-core/packages/photon_flight_servo_imu)
[-1790101134006781952.000s] Level 1:colcon.colcon_core.environment:create_environment_scripts_only(photon_flight_servo_imu)
[-1790101134006781952.000s] Level 1:colcon.colcon_core.environment:checking '/home/punished_venom/DroneControls/src/install/photon_flight_servo_imu' for CMake module files
[-1790101134006781952.000s] Level 1:colcon.colcon_core.environment:checking '/home/punished_venom/DroneControls/src/install/photon_flight_servo_imu' for CMake config files
[-1790101134006781952.000s] Level 1:colcon.colcon_core.shell:create_environment_hook('photon_flight_servo_imu', 'cmake_prefix_path')
[-1790101134006781952.000s] INFO:colcon.colcon_core.shell:Creating environment hook '/home/punished_venom/DroneControls/src/install/photon_flight_servo_imu/share/photon_flight_servo_imu/hook/cmake_prefix_path.ps1'
[-1790101134006781952.000s] INFO:colcon.colcon_core.shell:Creating environment descriptor '/home/punished_venom/DroneControls/src/install/photon_flight_servo_imu/share/photon_flight_servo_imu/hook/cmake_prefix_path.dsv'
[-1790101134006781952.000s] INFO:colcon.colcon_core.shell:Creating environment hook '/home/punished_venom/DroneControls/src/install/photon_flight_servo_imu/share/photon_flight_servo_imu/hook/cmake_prefix_path.sh'
[-1790101134006781952.000s] Level 1:colcon.colcon_core.environment:checking '/home/punished_venom/DroneControls/src/install/photon_flight_servo_imu/bin'
[-1790101134006781952.000s] Level 1:colcon.colcon_core.environment:checking '/home/punished_venom/DroneControls/src/install/photon_flight_servo_imu/lib/pkgconfig/photon_flight_servo_imu.pc'
[-1790101134006781952.000s] Level 1:colcon.colcon_core.environment:checking '/home/punished_venom/DroneControls/src/install/photon_flight_servo_imu/lib/python3.14/site-packages'
[-1790101134006781952.000s] Level 1:colcon.colcon_core.environment:checking '/home/punished_venom/DroneControls/src/install/photon_flight_servo_imu/bin'
[-1790101134006781952.000s] INFO:colcon.colcon_core.shell:Creating package script '/home/punished_venom/DroneControls/src/install/photon_flight_servo_imu/share/photon_flight_servo_imu/package.ps1'
[-1790101134006781952.000s] INFO:colcon.colcon_core.shell:Creating package descriptor '/home/punished_venom/DroneControls/src/install/photon_flight_servo_imu/share/photon_flight_servo_imu/package.dsv'
[-1790101134006781952.000s] INFO:colcon.colcon_core.shell:Creating package script '/home/punished_venom/DroneControls/src/install/photon_flight_servo_imu/share/photon_flight_servo_imu/package.sh'
[-1790101134006781952.000s] INFO:colcon.colcon_core.shell:Creating package script '/home/punished_venom/DroneControls/src/install/photon_flight_servo_imu/share/photon_flight_servo_imu/package.bash'
[-1790101134006781952.000s] INFO:colcon.colcon_core.shell:Creating package script '/home/punished_venom/DroneControls/src/install/photon_flight_servo_imu/share/photon_flight_servo_imu/package.zsh'
[-1790101134006781952.000s] Level 1:colcon.colcon_core.environment:create_file_with_runtime_dependencies(/home/punished_venom/DroneControls/src/install/photon_flight_servo_imu/share/colcon-core/packages/photon_flight_servo_imu)
[-1790101134006781952.000s] DEBUG:colcon.colcon_core.event_handler.log_command:Invoking command in '/home/punished_venom/DroneControls/src/build/rplidar_ros': CMAKE_PREFIX_PATH=/opt/ros/lyrical /usr/bin/cmake /home/punished_venom/DroneControls/src/rplidar_ros -DAMENT_CMAKE_SYMLINK_INSTALL=1 -DCMAKE_INSTALL_PREFIX=/home/punished_venom/DroneControls/src/install/rplidar_ros
[-1790101134006781952.000s] DEBUG:colcon.colcon_core.task.python.build:Available setuptools commands: build_clib, check, egg_info, develop, install_scripts, bdist, bdist_rpm, build_ext, setopt, editable_wheel, saveopts, build_scripts, clean, build, symlink_data, sdist, compile_catalog, extract_messages, update_catalog, bdist_wheel, install_data, install_lib, easy_install, install_headers, install_egg_info, dist_info, init_catalog, install, bdist_dumb, build_py, alias, rotate, bdist_egg
[-1790101134006781952.000s] DEBUG:colcon.colcon_core.task.python.build:Available setuptools commands: build_clib, check, egg_info, develop, install_scripts, bdist, bdist_rpm, build_ext, setopt, editable_wheel, saveopts, build_scripts, clean, build, symlink_data, sdist, compile_catalog, extract_messages, update_catalog, bdist_wheel, install_data, install_lib, easy_install, install_headers, install_egg_info, dist_info, init_catalog, install, bdist_dumb, build_py, alias, rotate, bdist_egg
[-1790101134006781952.000s] DEBUG:colcon.colcon_core.event_handler.log_command:Invoked command in '/home/punished_venom/DroneControls/src/build/rplidar_ros' returned '1': CMAKE_PREFIX_PATH=/opt/ros/lyrical /usr/bin/cmake /home/punished_venom/DroneControls/src/rplidar_ros -DAMENT_CMAKE_SYMLINK_INSTALL=1 -DCMAKE_INSTALL_PREFIX=/home/punished_venom/DroneControls/src/install/rplidar_ros
[-1790101134006781952.000s] Level 1:colcon.colcon_core.environment:create_environment_scripts_only(rplidar_ros)
[-1790101134006781952.000s] Level 1:colcon.colcon_core.environment:checking '/home/punished_venom/DroneControls/src/install/rplidar_ros' for CMake module files
[-1790101134006781952.000s] Level 1:colcon.colcon_core.environment:checking '/home/punished_venom/DroneControls/src/install/rplidar_ros' for CMake config files
[-1790101134006781952.000s] Level 1:colcon.colcon_core.environment:checking '/home/punished_venom/DroneControls/src/install/rplidar_ros/bin'
[-1790101134006781952.000s] Level 1:colcon.colcon_core.environment:checking '/home/punished_venom/DroneControls/src/install/rplidar_ros/lib/pkgconfig/rplidar_ros.pc'
[-1790101134006781952.000s] Level 1:colcon.colcon_core.environment:checking '/home/punished_venom/DroneControls/src/install/rplidar_ros/lib/python3.14/site-packages'
[-1790101134006781952.000s] Level 1:colcon.colcon_core.environment:checking '/home/punished_venom/DroneControls/src/install/rplidar_ros/bin'
[-1790101134006781952.000s] INFO:colcon.colcon_core.shell:Creating package script '/home/punished_venom/DroneControls/src/install/rplidar_ros/share/rplidar_ros/package.ps1'
[-1790101134006781952.000s] INFO:colcon.colcon_core.shell:Creating package descriptor '/home/punished_venom/DroneControls/src/install/rplidar_ros/share/rplidar_ros/package.dsv'
[-1790101134006781952.000s] INFO:colcon.colcon_core.shell:Creating package script '/home/punished_venom/DroneControls/src/install/rplidar_ros/share/rplidar_ros/package.sh'
[-1790101134006781952.000s] INFO:colcon.colcon_core.shell:Creating package script '/home/punished_venom/DroneControls/src/install/rplidar_ros/share/rplidar_ros/package.bash'
[-1790101134006781952.000s] INFO:colcon.colcon_core.shell:Creating package script '/home/punished_venom/DroneControls/src/install/rplidar_ros/share/rplidar_ros/package.zsh'
[-1790101134006781952.000s] Level 1:colcon.colcon_core.environment:create_file_with_runtime_dependencies(/home/punished_venom/DroneControls/src/install/rplidar_ros/share/colcon-core/packages/rplidar_ros)
[-1790101134006781952.000s] DEBUG:colcon.colcon_parallel_executor.executor.parallel:closing loop
[-1790101134006781952.000s] DEBUG:colcon.colcon_parallel_executor.executor.parallel:loop closed
[-1790101134006781952.000s] DEBUG:colcon.colcon_parallel_executor.executor.parallel:run_until_complete finished with '1'
[-1790101134006781952.000s] DEBUG:colcon.colcon_core.event_reactor:joining thread
[-1790101134006781952.000s] DEBUG:colcon.colcon_core.event_reactor:joined thread
[-1790101134006781952.000s] INFO:colcon.colcon_core.shell:Creating prefix script '/home/punished_venom/DroneControls/src/install/local_setup.ps1'
[-1790101134006781952.000s] INFO:colcon.colcon_core.shell:Creating prefix util module '/home/punished_venom/DroneControls/src/install/_local_setup_util_ps1.py'
[-1790101134006781952.000s] INFO:colcon.colcon_core.shell:Creating prefix chain script '/home/punished_venom/DroneControls/src/install/setup.ps1'
[-1790101134006781952.000s] INFO:colcon.colcon_core.shell:Creating prefix script '/home/punished_venom/DroneControls/src/install/local_setup.sh'
[-1790101134006781952.000s] INFO:colcon.colcon_core.shell:Creating prefix util module '/home/punished_venom/DroneControls/src/install/_local_setup_util_sh.py'
[-1790101134006781952.000s] INFO:colcon.colcon_core.shell:Creating prefix chain script '/home/punished_venom/DroneControls/src/install/setup.sh'
[-1790101134006781952.000s] INFO:colcon.colcon_core.shell:Creating prefix script '/home/punished_venom/DroneControls/src/install/local_setup.bash'
[-1790101134006781952.000s] INFO:colcon.colcon_core.shell:Creating prefix chain script '/home/punished_venom/DroneControls/src/install/setup.bash'
[-1790101134006781952.000s] INFO:colcon.colcon_core.shell:Creating prefix script '/home/punished_venom/DroneControls/src/install/local_setup.zsh'
[-1790101134006781952.000s] INFO:colcon.colcon_core.shell:Creating prefix chain script '/home/punished_venom/DroneControls/src/install/setup.zsh'
