[-1790103081392413952.000s] DEBUG:colcon:Command line arguments: ['/usr/bin/colcon', 'build', '--symlink-install']
[-1790103081392413952.000s] DEBUG:colcon:Parsed command line arguments: Namespace(log_base=None, log_level=None, verb_name='build', build_base='build', install_base='install', merge_install=False, symlink_install=True, test_result_base=None, continue_on_error=False, executor='parallel', parallel_workers=4, event_handlers=None, ignore_user_meta=False, metas=['./colcon.meta'], base_paths=['.'], packages_ignore=None, packages_ignore_regex=None, paths=None, packages_up_to=None, packages_up_to_regex=None, packages_above=None, packages_above_and_dependencies=None, packages_above_depth=None, packages_select_by_dep=None, packages_skip_by_dep=None, packages_skip_up_to=None, packages_select_build_failed=False, packages_skip_build_finished=False, packages_select_test_failures=False, packages_skip_test_passed=False, packages_select=None, packages_skip=None, packages_select_regex=None, packages_skip_regex=None, packages_start=None, packages_end=None, allow_overriding=[], cmake_args=None, cmake_target=None, cmake_target_skip_unavailable=False, cmake_clean_cache=False, cmake_clean_first=False, cmake_force_configure=False, ament_cmake_args=None, catkin_cmake_args=None, catkin_skip_building_tests=False, mixin_files=None, mixin=None, verb_parser=<colcon_mixin.mixin.mixin_argument.MixinArgumentDecorator object at 0xffffaf287ed0>, verb_extension=<colcon_core.verb.build.BuildVerb object at 0xffffaf27ecf0>, main=<bound method BuildVerb.main of <colcon_core.verb.build.BuildVerb object at 0xffffaf27ecf0>>, mixin_verb=('build',))
[-1790103081392413952.000s] Level 1:colcon.colcon_core.package_discovery:discover_packages(colcon_meta) check parameters
[-1790103081392413952.000s] Level 1:colcon.colcon_core.package_discovery:discover_packages(recursive) check parameters
[-1790103081392413952.000s] Level 1:colcon.colcon_core.package_discovery:discover_packages(ignore) check parameters
[-1790103081392413952.000s] Level 1:colcon.colcon_core.package_discovery:discover_packages(path) check parameters
[-1790103081392413952.000s] Level 1:colcon.colcon_core.package_discovery:discover_packages(colcon_meta) discover
[-1790103081392413952.000s] Level 1:colcon.colcon_core.package_discovery:discover_packages(recursive) discover
[-1790103081392413952.000s] INFO:colcon.colcon_core.package_discovery:Crawling recursively for packages in '/home/punished_venom/DroneControls'
[-1790103081392413952.000s] Level 1:colcon.colcon_core.package_identification:_identify(.) by extensions ['ignore', 'ignore_ament_install']
[-1790103081392413952.000s] Level 1:colcon.colcon_core.package_identification:_identify(.) by extension 'ignore'
[-1790103081392413952.000s] Level 1:colcon.colcon_core.package_identification:_identify(.) by extension 'ignore_ament_install'
[-1790103081392413952.000s] Level 1:colcon.colcon_core.package_identification:_identify(.) by extensions ['colcon_pkg']
[-1790103081392413952.000s] Level 1:colcon.colcon_core.package_identification:_identify(.) by extension 'colcon_pkg'
[-1790103081392413952.000s] Level 1:colcon.colcon_core.package_identification:_identify(.) by extensions ['colcon_meta']
[-1790103081392413952.000s] Level 1:colcon.colcon_core.package_identification:_identify(.) by extension 'colcon_meta'
[-1790103081392413952.000s] Level 1:colcon.colcon_core.package_identification:_identify(.) by extensions ['ros']
[-1790103081392413952.000s] Level 1:colcon.colcon_core.package_identification:_identify(.) by extension 'ros'
[-1790103081392413952.000s] Level 1:colcon.colcon_core.package_identification:_identify(.) by extensions ['cmake', 'python']
[-1790103081392413952.000s] Level 1:colcon.colcon_core.package_identification:_identify(.) by extension 'cmake'
[-1790103081392413952.000s] Level 1:colcon.colcon_core.package_identification:_identify(.) by extension 'python'
[-1790103081392413952.000s] Level 1:colcon.colcon_core.package_identification:_identify(.) by extensions ['python_setup_py']
[-1790103081392413952.000s] Level 1:colcon.colcon_core.package_identification:_identify(.) by extension 'python_setup_py'
[-1790103081392413952.000s] Level 1:colcon.colcon_core.package_identification:_identify(build) by extensions ['ignore', 'ignore_ament_install']
[-1790103081392413952.000s] Level 1:colcon.colcon_core.package_identification:_identify(build) by extension 'ignore'
[-1790103081392413952.000s] Level 1:colcon.colcon_core.package_identification:_identify(build) ignored
[-1790103081392413952.000s] Level 1:colcon.colcon_core.package_identification:_identify(install) by extensions ['ignore', 'ignore_ament_install']
[-1790103081392413952.000s] Level 1:colcon.colcon_core.package_identification:_identify(install) by extension 'ignore'
[-1790103081392413952.000s] Level 1:colcon.colcon_core.package_identification:_identify(install) ignored
[-1790103081392413952.000s] Level 1:colcon.colcon_core.package_identification:_identify(log) by extensions ['ignore', 'ignore_ament_install']
[-1790103081392413952.000s] Level 1:colcon.colcon_core.package_identification:_identify(log) by extension 'ignore'
[-1790103081392413952.000s] Level 1:colcon.colcon_core.package_identification:_identify(log) ignored
[-1790103081392413952.000s] Level 1:colcon.colcon_core.package_identification:_identify(src) by extensions ['ignore', 'ignore_ament_install']
[-1790103081392413952.000s] Level 1:colcon.colcon_core.package_identification:_identify(src) by extension 'ignore'
[-1790103081392413952.000s] Level 1:colcon.colcon_core.package_identification:_identify(src) by extension 'ignore_ament_install'
[-1790103081392413952.000s] Level 1:colcon.colcon_core.package_identification:_identify(src) by extensions ['colcon_pkg']
[-1790103081392413952.000s] Level 1:colcon.colcon_core.package_identification:_identify(src) by extension 'colcon_pkg'
[-1790103081392413952.000s] Level 1:colcon.colcon_core.package_identification:_identify(src) by extensions ['colcon_meta']
[-1790103081392413952.000s] Level 1:colcon.colcon_core.package_identification:_identify(src) by extension 'colcon_meta'
[-1790103081392413952.000s] Level 1:colcon.colcon_core.package_identification:_identify(src) by extensions ['ros']
[-1790103081392413952.000s] Level 1:colcon.colcon_core.package_identification:_identify(src) by extension 'ros'
[-1790103081392413952.000s] Level 1:colcon.colcon_core.package_identification:_identify(src) by extensions ['cmake', 'python']
[-1790103081392413952.000s] Level 1:colcon.colcon_core.package_identification:_identify(src) by extension 'cmake'
[-1790103081392413952.000s] Level 1:colcon.colcon_core.package_identification:_identify(src) by extension 'python'
[-1790103081392413952.000s] Level 1:colcon.colcon_core.package_identification:_identify(src) by extensions ['python_setup_py']
[-1790103081392413952.000s] Level 1:colcon.colcon_core.package_identification:_identify(src) by extension 'python_setup_py'
[-1790103081392413952.000s] Level 1:colcon.colcon_core.package_identification:_identify(src/build) by extensions ['ignore', 'ignore_ament_install']
[-1790103081392413952.000s] Level 1:colcon.colcon_core.package_identification:_identify(src/build) by extension 'ignore'
[-1790103081392413952.000s] Level 1:colcon.colcon_core.package_identification:_identify(src/build) ignored
[-1790103081392413952.000s] Level 1:colcon.colcon_core.package_identification:_identify(src/log) by extensions ['ignore', 'ignore_ament_install']
[-1790103081392413952.000s] Level 1:colcon.colcon_core.package_identification:_identify(src/log) by extension 'ignore'
[-1790103081392413952.000s] Level 1:colcon.colcon_core.package_identification:_identify(src/log) ignored
[-1790103081392413952.000s] Level 1:colcon.colcon_core.package_identification:_identify(src/photon_flight_camera) by extensions ['ignore', 'ignore_ament_install']
[-1790103081392413952.000s] Level 1:colcon.colcon_core.package_identification:_identify(src/photon_flight_camera) by extension 'ignore'
[-1790103081392413952.000s] Level 1:colcon.colcon_core.package_identification:_identify(src/photon_flight_camera) by extension 'ignore_ament_install'
[-1790103081392413952.000s] Level 1:colcon.colcon_core.package_identification:_identify(src/photon_flight_camera) by extensions ['colcon_pkg']
[-1790103081392413952.000s] Level 1:colcon.colcon_core.package_identification:_identify(src/photon_flight_camera) by extension 'colcon_pkg'
[-1790103081392413952.000s] Level 1:colcon.colcon_core.package_identification:_identify(src/photon_flight_camera) by extensions ['colcon_meta']
[-1790103081392413952.000s] Level 1:colcon.colcon_core.package_identification:_identify(src/photon_flight_camera) by extension 'colcon_meta'
[-1790103081392413952.000s] Level 1:colcon.colcon_core.package_identification:_identify(src/photon_flight_camera) by extensions ['ros']
[-1790103081392413952.000s] Level 1:colcon.colcon_core.package_identification:_identify(src/photon_flight_camera) by extension 'ros'
[-1790103081392413952.000s] DEBUG:colcon.colcon_core.package_identification:Package 'src/photon_flight_camera' with type 'ros.ament_python' and name 'photon_flight_camera'
[-1790103081392413952.000s] Level 1:colcon.colcon_core.package_identification:_identify(src/photon_flight_db_internet) by extensions ['ignore', 'ignore_ament_install']
[-1790103081392413952.000s] Level 1:colcon.colcon_core.package_identification:_identify(src/photon_flight_db_internet) by extension 'ignore'
[-1790103081392413952.000s] Level 1:colcon.colcon_core.package_identification:_identify(src/photon_flight_db_internet) by extension 'ignore_ament_install'
[-1790103081392413952.000s] Level 1:colcon.colcon_core.package_identification:_identify(src/photon_flight_db_internet) by extensions ['colcon_pkg']
[-1790103081392413952.000s] Level 1:colcon.colcon_core.package_identification:_identify(src/photon_flight_db_internet) by extension 'colcon_pkg'
[-1790103081392413952.000s] Level 1:colcon.colcon_core.package_identification:_identify(src/photon_flight_db_internet) by extensions ['colcon_meta']
[-1790103081392413952.000s] Level 1:colcon.colcon_core.package_identification:_identify(src/photon_flight_db_internet) by extension 'colcon_meta'
[-1790103081392413952.000s] Level 1:colcon.colcon_core.package_identification:_identify(src/photon_flight_db_internet) by extensions ['ros']
[-1790103081392413952.000s] Level 1:colcon.colcon_core.package_identification:_identify(src/photon_flight_db_internet) by extension 'ros'
[-1790103081392413952.000s] DEBUG:colcon.colcon_core.package_identification:Package 'src/photon_flight_db_internet' with type 'ros.ament_python' and name 'photon_flight_db_internet'
[-1790103081392413952.000s] Level 1:colcon.colcon_core.package_identification:_identify(src/photon_flight_servo_imu) by extensions ['ignore', 'ignore_ament_install']
[-1790103081392413952.000s] Level 1:colcon.colcon_core.package_identification:_identify(src/photon_flight_servo_imu) by extension 'ignore'
[-1790103081392413952.000s] Level 1:colcon.colcon_core.package_identification:_identify(src/photon_flight_servo_imu) by extension 'ignore_ament_install'
[-1790103081392413952.000s] Level 1:colcon.colcon_core.package_identification:_identify(src/photon_flight_servo_imu) by extensions ['colcon_pkg']
[-1790103081392413952.000s] Level 1:colcon.colcon_core.package_identification:_identify(src/photon_flight_servo_imu) by extension 'colcon_pkg'
[-1790103081392413952.000s] Level 1:colcon.colcon_core.package_identification:_identify(src/photon_flight_servo_imu) by extensions ['colcon_meta']
[-1790103081392413952.000s] Level 1:colcon.colcon_core.package_identification:_identify(src/photon_flight_servo_imu) by extension 'colcon_meta'
[-1790103081392413952.000s] Level 1:colcon.colcon_core.package_identification:_identify(src/photon_flight_servo_imu) by extensions ['ros']
[-1790103081392413952.000s] Level 1:colcon.colcon_core.package_identification:_identify(src/photon_flight_servo_imu) by extension 'ros'
[-1790103081392413952.000s] DEBUG:colcon.colcon_core.package_identification:Package 'src/photon_flight_servo_imu' with type 'ros.ament_cmake' and name 'photon_flight_servo_imu'
[-1790103081392413952.000s] Level 1:colcon.colcon_core.package_identification:_identify(src/rplidar_ros) by extensions ['ignore', 'ignore_ament_install']
[-1790103081392413952.000s] Level 1:colcon.colcon_core.package_identification:_identify(src/rplidar_ros) by extension 'ignore'
[-1790103081392413952.000s] Level 1:colcon.colcon_core.package_identification:_identify(src/rplidar_ros) by extension 'ignore_ament_install'
[-1790103081392413952.000s] Level 1:colcon.colcon_core.package_identification:_identify(src/rplidar_ros) by extensions ['colcon_pkg']
[-1790103081392413952.000s] Level 1:colcon.colcon_core.package_identification:_identify(src/rplidar_ros) by extension 'colcon_pkg'
[-1790103081392413952.000s] Level 1:colcon.colcon_core.package_identification:_identify(src/rplidar_ros) by extensions ['colcon_meta']
[-1790103081392413952.000s] Level 1:colcon.colcon_core.package_identification:_identify(src/rplidar_ros) by extension 'colcon_meta'
[-1790103081392413952.000s] Level 1:colcon.colcon_core.package_identification:_identify(src/rplidar_ros) by extensions ['ros']
[-1790103081392413952.000s] Level 1:colcon.colcon_core.package_identification:_identify(src/rplidar_ros) by extension 'ros'
[-1790103081392413952.000s] DEBUG:colcon.colcon_core.package_identification:Package 'src/rplidar_ros' with type 'ros.ament_cmake' and name 'rplidar_ros'
[-1790103081392413952.000s] Level 1:colcon.colcon_core.package_discovery:discover_packages(recursive) using defaults
[-1790103081392413952.000s] Level 1:colcon.colcon_core.package_discovery:discover_packages(ignore) discover
[-1790103081392413952.000s] Level 1:colcon.colcon_core.package_discovery:discover_packages(ignore) using defaults
[-1790103081392413952.000s] Level 1:colcon.colcon_core.package_discovery:discover_packages(path) discover
[-1790103081392413952.000s] Level 1:colcon.colcon_core.package_discovery:discover_packages(path) using defaults
[-1790103081392413952.000s] Level 1:colcon.colcon_core.package_discovery:discover_packages(prefix_path) check parameters
[-1790103081392413952.000s] Level 1:colcon.colcon_core.package_discovery:discover_packages(prefix_path) discover
[-1790103081392413952.000s] DEBUG:colcon.colcon_installed_package_information.package_discovery:Found 199 installed packages in /opt/ros/lyrical
[-1790103081392413952.000s] Level 1:colcon.colcon_core.package_discovery:discover_packages(prefix_path) using defaults
[-1790103081392413952.000s] Level 5:colcon.colcon_core.verb:set package 'photon_flight_camera' build argument 'cmake_args' from command line to 'None'
[-1790103081392413952.000s] Level 5:colcon.colcon_core.verb:set package 'photon_flight_camera' build argument 'cmake_target' from command line to 'None'
[-1790103081392413952.000s] Level 5:colcon.colcon_core.verb:set package 'photon_flight_camera' build argument 'cmake_target_skip_unavailable' from command line to 'False'
[-1790103081392413952.000s] Level 5:colcon.colcon_core.verb:set package 'photon_flight_camera' build argument 'cmake_clean_cache' from command line to 'False'
[-1790103081392413952.000s] Level 5:colcon.colcon_core.verb:set package 'photon_flight_camera' build argument 'cmake_clean_first' from command line to 'False'
[-1790103081392413952.000s] Level 5:colcon.colcon_core.verb:set package 'photon_flight_camera' build argument 'cmake_force_configure' from command line to 'False'
[-1790103081392413952.000s] Level 5:colcon.colcon_core.verb:set package 'photon_flight_camera' build argument 'ament_cmake_args' from command line to 'None'
[-1790103081392413952.000s] Level 5:colcon.colcon_core.verb:set package 'photon_flight_camera' build argument 'catkin_cmake_args' from command line to 'None'
[-1790103081392413952.000s] Level 5:colcon.colcon_core.verb:set package 'photon_flight_camera' build argument 'catkin_skip_building_tests' from command line to 'False'
[-1790103081392413952.000s] DEBUG:colcon.colcon_core.verb:Building package 'photon_flight_camera' with the following arguments: {'ament_cmake_args': None, 'build_base': '/home/punished_venom/DroneControls/build/photon_flight_camera', 'catkin_cmake_args': None, 'catkin_skip_building_tests': False, 'cmake_args': None, 'cmake_clean_cache': False, 'cmake_clean_first': False, 'cmake_force_configure': False, 'cmake_target': None, 'cmake_target_skip_unavailable': False, 'install_base': '/home/punished_venom/DroneControls/install/photon_flight_camera', 'merge_install': False, 'path': '/home/punished_venom/DroneControls/src/photon_flight_camera', 'symlink_install': True, 'test_result_base': None}
[-1790103081392413952.000s] Level 5:colcon.colcon_core.verb:set package 'photon_flight_db_internet' build argument 'cmake_args' from command line to 'None'
[-1790103081392413952.000s] Level 5:colcon.colcon_core.verb:set package 'photon_flight_db_internet' build argument 'cmake_target' from command line to 'None'
[-1790103081392413952.000s] Level 5:colcon.colcon_core.verb:set package 'photon_flight_db_internet' build argument 'cmake_target_skip_unavailable' from command line to 'False'
[-1790103081392413952.000s] Level 5:colcon.colcon_core.verb:set package 'photon_flight_db_internet' build argument 'cmake_clean_cache' from command line to 'False'
[-1790103081392413952.000s] Level 5:colcon.colcon_core.verb:set package 'photon_flight_db_internet' build argument 'cmake_clean_first' from command line to 'False'
[-1790103081392413952.000s] Level 5:colcon.colcon_core.verb:set package 'photon_flight_db_internet' build argument 'cmake_force_configure' from command line to 'False'
[-1790103081392413952.000s] Level 5:colcon.colcon_core.verb:set package 'photon_flight_db_internet' build argument 'ament_cmake_args' from command line to 'None'
[-1790103081392413952.000s] Level 5:colcon.colcon_core.verb:set package 'photon_flight_db_internet' build argument 'catkin_cmake_args' from command line to 'None'
[-1790103081392413952.000s] Level 5:colcon.colcon_core.verb:set package 'photon_flight_db_internet' build argument 'catkin_skip_building_tests' from command line to 'False'
[-1790103081392413952.000s] DEBUG:colcon.colcon_core.verb:Building package 'photon_flight_db_internet' with the following arguments: {'ament_cmake_args': None, 'build_base': '/home/punished_venom/DroneControls/build/photon_flight_db_internet', 'catkin_cmake_args': None, 'catkin_skip_building_tests': False, 'cmake_args': None, 'cmake_clean_cache': False, 'cmake_clean_first': False, 'cmake_force_configure': False, 'cmake_target': None, 'cmake_target_skip_unavailable': False, 'install_base': '/home/punished_venom/DroneControls/install/photon_flight_db_internet', 'merge_install': False, 'path': '/home/punished_venom/DroneControls/src/photon_flight_db_internet', 'symlink_install': True, 'test_result_base': None}
[-1790103081392413952.000s] Level 5:colcon.colcon_core.verb:set package 'photon_flight_servo_imu' build argument 'cmake_args' from command line to 'None'
[-1790103081392413952.000s] Level 5:colcon.colcon_core.verb:set package 'photon_flight_servo_imu' build argument 'cmake_target' from command line to 'None'
[-1790103081392413952.000s] Level 5:colcon.colcon_core.verb:set package 'photon_flight_servo_imu' build argument 'cmake_target_skip_unavailable' from command line to 'False'
[-1790103081392413952.000s] Level 5:colcon.colcon_core.verb:set package 'photon_flight_servo_imu' build argument 'cmake_clean_cache' from command line to 'False'
[-1790103081392413952.000s] Level 5:colcon.colcon_core.verb:set package 'photon_flight_servo_imu' build argument 'cmake_clean_first' from command line to 'False'
[-1790103081392413952.000s] Level 5:colcon.colcon_core.verb:set package 'photon_flight_servo_imu' build argument 'cmake_force_configure' from command line to 'False'
[-1790103081392413952.000s] Level 5:colcon.colcon_core.verb:set package 'photon_flight_servo_imu' build argument 'ament_cmake_args' from command line to 'None'
[-1790103081392413952.000s] Level 5:colcon.colcon_core.verb:set package 'photon_flight_servo_imu' build argument 'catkin_cmake_args' from command line to 'None'
[-1790103081392413952.000s] Level 5:colcon.colcon_core.verb:set package 'photon_flight_servo_imu' build argument 'catkin_skip_building_tests' from command line to 'False'
[-1790103081392413952.000s] DEBUG:colcon.colcon_core.verb:Building package 'photon_flight_servo_imu' with the following arguments: {'ament_cmake_args': None, 'build_base': '/home/punished_venom/DroneControls/build/photon_flight_servo_imu', 'catkin_cmake_args': None, 'catkin_skip_building_tests': False, 'cmake_args': None, 'cmake_clean_cache': False, 'cmake_clean_first': False, 'cmake_force_configure': False, 'cmake_target': None, 'cmake_target_skip_unavailable': False, 'install_base': '/home/punished_venom/DroneControls/install/photon_flight_servo_imu', 'merge_install': False, 'path': '/home/punished_venom/DroneControls/src/photon_flight_servo_imu', 'symlink_install': True, 'test_result_base': None}
[-1790103081392413952.000s] Level 5:colcon.colcon_core.verb:set package 'rplidar_ros' build argument 'cmake_args' from command line to 'None'
[-1790103081392413952.000s] Level 5:colcon.colcon_core.verb:set package 'rplidar_ros' build argument 'cmake_target' from command line to 'None'
[-1790103081392413952.000s] Level 5:colcon.colcon_core.verb:set package 'rplidar_ros' build argument 'cmake_target_skip_unavailable' from command line to 'False'
[-1790103081392413952.000s] Level 5:colcon.colcon_core.verb:set package 'rplidar_ros' build argument 'cmake_clean_cache' from command line to 'False'
[-1790103081392413952.000s] Level 5:colcon.colcon_core.verb:set package 'rplidar_ros' build argument 'cmake_clean_first' from command line to 'False'
[-1790103081392413952.000s] Level 5:colcon.colcon_core.verb:set package 'rplidar_ros' build argument 'cmake_force_configure' from command line to 'False'
[-1790103081392413952.000s] Level 5:colcon.colcon_core.verb:set package 'rplidar_ros' build argument 'ament_cmake_args' from command line to 'None'
[-1790103081392413952.000s] Level 5:colcon.colcon_core.verb:set package 'rplidar_ros' build argument 'catkin_cmake_args' from command line to 'None'
[-1790103081392413952.000s] Level 5:colcon.colcon_core.verb:set package 'rplidar_ros' build argument 'catkin_skip_building_tests' from command line to 'False'
[-1790103081392413952.000s] DEBUG:colcon.colcon_core.verb:Building package 'rplidar_ros' with the following arguments: {'ament_cmake_args': None, 'build_base': '/home/punished_venom/DroneControls/build/rplidar_ros', 'catkin_cmake_args': None, 'catkin_skip_building_tests': False, 'cmake_args': None, 'cmake_clean_cache': False, 'cmake_clean_first': False, 'cmake_force_configure': False, 'cmake_target': None, 'cmake_target_skip_unavailable': False, 'install_base': '/home/punished_venom/DroneControls/install/rplidar_ros', 'merge_install': False, 'path': '/home/punished_venom/DroneControls/src/rplidar_ros', 'symlink_install': True, 'test_result_base': None}
[-1790103081392413952.000s] INFO:colcon.colcon_core.executor:Executing jobs using 'parallel' executor
[-1790103081392413952.000s] DEBUG:colcon.colcon_parallel_executor.executor.parallel:run_until_complete
[-1790103081392413952.000s] INFO:colcon.colcon_ros.task.ament_python.build:Building ROS package in '/home/punished_venom/DroneControls/src/photon_flight_camera' with build type 'ament_python'
[-1790103081392413952.000s] Level 1:colcon.colcon_core.shell:create_environment_hook('photon_flight_camera', 'ament_prefix_path')
[-1790103081392413952.000s] INFO:colcon.colcon_core.plugin_system:Skipping extension 'colcon_core.shell.bat': Not used on non-Windows systems
[-1790103081392413952.000s] INFO:colcon.colcon_core.shell:Creating environment hook '/home/punished_venom/DroneControls/install/photon_flight_camera/share/photon_flight_camera/hook/ament_prefix_path.ps1'
[-1790103081392413952.000s] INFO:colcon.colcon_core.shell:Creating environment descriptor '/home/punished_venom/DroneControls/install/photon_flight_camera/share/photon_flight_camera/hook/ament_prefix_path.dsv'
[-1790103081392413952.000s] INFO:colcon.colcon_core.shell:Creating environment hook '/home/punished_venom/DroneControls/install/photon_flight_camera/share/photon_flight_camera/hook/ament_prefix_path.sh'
[-1790103081392413952.000s] INFO:colcon.colcon_core.shell:Skip shell extension 'powershell' for command environment: Not usable outside of PowerShell
[-1790103081392413952.000s] DEBUG:colcon.colcon_core.shell:Skip shell extension 'dsv' for command environment
[-1790103081392413952.000s] INFO:colcon.colcon_ros.task.ament_python.build:Building ROS package in '/home/punished_venom/DroneControls/src/photon_flight_db_internet' with build type 'ament_python'
[-1790103081392413952.000s] Level 1:colcon.colcon_core.shell:create_environment_hook('photon_flight_db_internet', 'ament_prefix_path')
[-1790103081392413952.000s] INFO:colcon.colcon_core.shell:Creating environment hook '/home/punished_venom/DroneControls/install/photon_flight_db_internet/share/photon_flight_db_internet/hook/ament_prefix_path.ps1'
[-1790103081392413952.000s] INFO:colcon.colcon_core.shell:Creating environment descriptor '/home/punished_venom/DroneControls/install/photon_flight_db_internet/share/photon_flight_db_internet/hook/ament_prefix_path.dsv'
[-1790103081392413952.000s] INFO:colcon.colcon_core.shell:Creating environment hook '/home/punished_venom/DroneControls/install/photon_flight_db_internet/share/photon_flight_db_internet/hook/ament_prefix_path.sh'
[-1790103081392413952.000s] INFO:colcon.colcon_core.shell:Skip shell extension 'powershell' for command environment: Not usable outside of PowerShell
[-1790103081392413952.000s] DEBUG:colcon.colcon_core.shell:Skip shell extension 'dsv' for command environment
[-1790103081392413952.000s] INFO:colcon.colcon_ros.task.ament_cmake.build:Building ROS package in '/home/punished_venom/DroneControls/src/photon_flight_servo_imu' with build type 'ament_cmake'
[-1790103081392413952.000s] INFO:colcon.colcon_cmake.task.cmake.build:Building CMake package in '/home/punished_venom/DroneControls/src/photon_flight_servo_imu'
[-1790103081392413952.000s] INFO:colcon.colcon_core.shell:Skip shell extension 'powershell' for command environment: Not usable outside of PowerShell
[-1790103081392413952.000s] DEBUG:colcon.colcon_core.shell:Skip shell extension 'dsv' for command environment
[-1790103081392413952.000s] INFO:colcon.colcon_ros.task.ament_cmake.build:Building ROS package in '/home/punished_venom/DroneControls/src/rplidar_ros' with build type 'ament_cmake'
[-1790103081392413952.000s] INFO:colcon.colcon_cmake.task.cmake.build:Building CMake package in '/home/punished_venom/DroneControls/src/rplidar_ros'
[-1790103081392413952.000s] INFO:colcon.colcon_core.shell:Skip shell extension 'powershell' for command environment: Not usable outside of PowerShell
[-1790103081392413952.000s] DEBUG:colcon.colcon_core.shell:Skip shell extension 'dsv' for command environment
[-1790103081392413952.000s] INFO:colcon.colcon_core.task.python.build:Building Python package in '/home/punished_venom/DroneControls/src/photon_flight_camera'
[-1790103081392413952.000s] INFO:colcon.colcon_core.shell:Skip shell extension 'powershell' for command environment: Not usable outside of PowerShell
[-1790103081392413952.000s] DEBUG:colcon.colcon_core.shell:Skip shell extension 'dsv' for command environment
[-1790103081392413952.000s] INFO:colcon.colcon_core.task.python.build:Building Python package in '/home/punished_venom/DroneControls/src/photon_flight_db_internet'
[-1790103081392413952.000s] INFO:colcon.colcon_core.shell:Skip shell extension 'powershell' for command environment: Not usable outside of PowerShell
[-1790103081392413952.000s] DEBUG:colcon.colcon_core.shell:Skip shell extension 'dsv' for command environment
[-1790103081392413952.000s] DEBUG:colcon.colcon_core.event_handler.log_command:Invoking command in '/home/punished_venom/DroneControls/build/photon_flight_servo_imu': CMAKE_PREFIX_PATH=/opt/ros/lyrical /usr/bin/cmake /home/punished_venom/DroneControls/src/photon_flight_servo_imu -DAMENT_CMAKE_SYMLINK_INSTALL=1 -DCMAKE_INSTALL_PREFIX=/home/punished_venom/DroneControls/install/photon_flight_servo_imu
[-1790103081392413952.000s] DEBUG:colcon.colcon_core.event_handler.log_command:Invoking command in '/home/punished_venom/DroneControls/build/rplidar_ros': CMAKE_PREFIX_PATH=/opt/ros/lyrical /usr/bin/cmake /home/punished_venom/DroneControls/src/rplidar_ros -DAMENT_CMAKE_SYMLINK_INSTALL=1 -DCMAKE_INSTALL_PREFIX=/home/punished_venom/DroneControls/install/rplidar_ros
[-1790103081392413952.000s] DEBUG:colcon.colcon_core.task.python.build:Available setuptools commands: install_data, build_clib, bdist, easy_install, install_lib, bdist_wheel, bdist_egg, install_scripts, install_headers, bdist_rpm, sdist, compile_catalog, check, install, symlink_data, dist_info, saveopts, build, clean, init_catalog, extract_messages, editable_wheel, bdist_dumb, build_ext, alias, develop, rotate, setopt, update_catalog, build_scripts, install_egg_info, egg_info, build_py
[-1790103081392413952.000s] DEBUG:colcon.colcon_core.task.python.build:Available setuptools commands: install_data, build_clib, bdist, easy_install, install_lib, bdist_wheel, bdist_egg, install_scripts, install_headers, bdist_rpm, sdist, compile_catalog, check, install, symlink_data, dist_info, saveopts, build, clean, init_catalog, extract_messages, editable_wheel, bdist_dumb, build_ext, alias, develop, rotate, setopt, update_catalog, build_scripts, install_egg_info, egg_info, build_py
[-1790103081392413952.000s] DEBUG:colcon.colcon_core.event_handler.log_command:Invoked command in '/home/punished_venom/DroneControls/build/photon_flight_servo_imu' returned '0': CMAKE_PREFIX_PATH=/opt/ros/lyrical /usr/bin/cmake /home/punished_venom/DroneControls/src/photon_flight_servo_imu -DAMENT_CMAKE_SYMLINK_INSTALL=1 -DCMAKE_INSTALL_PREFIX=/home/punished_venom/DroneControls/install/photon_flight_servo_imu
[-1790103081392413952.000s] DEBUG:colcon.colcon_core.event_handler.log_command:Invoking command in '/home/punished_venom/DroneControls/build/photon_flight_servo_imu': CMAKE_PREFIX_PATH=/opt/ros/lyrical /usr/bin/cmake --build /home/punished_venom/DroneControls/build/photon_flight_servo_imu -- -j4 -l4
[-1790103081392413952.000s] DEBUG:colcon.colcon_core.event_handler.log_command:Invoked command in '/home/punished_venom/DroneControls/build/photon_flight_servo_imu' returned '0': CMAKE_PREFIX_PATH=/opt/ros/lyrical /usr/bin/cmake --build /home/punished_venom/DroneControls/build/photon_flight_servo_imu -- -j4 -l4
[-1790103081392413952.000s] DEBUG:colcon.colcon_core.event_handler.log_command:Invoking command in '/home/punished_venom/DroneControls/build/photon_flight_servo_imu': CMAKE_PREFIX_PATH=/opt/ros/lyrical /usr/bin/cmake --install /home/punished_venom/DroneControls/build/photon_flight_servo_imu
[-1790103081392413952.000s] DEBUG:colcon.colcon_core.task.python.build:Available setuptools 'develop' options: --dry-run, --site-dirs, --exclude-scripts, --find-links, --allow-hosts, --always-copy, --uninstall, --zip-ok, --multi-version, --optimize, --help, --build-directory, --quiet, --verbose, --no-deps, --no-find-links, --prefix, --no-user-cfg, --egg-path, --upgrade, --install-dir, --script-dir, --record, --index-url, --force-installation-into-system-dir, --editable, --always-unzip, --user, --install-layout, --local-snapshots-ok, --version
[-1790103081392413952.000s] DEBUG:colcon.colcon_core.event_handler.log_command:Invoking command in '/home/punished_venom/DroneControls/build/photon_flight_db_internet': PYTHONPATH=/home/punished_venom/DroneControls/build/photon_flight_db_internet/prefix_override:/usr/lib/python3/dist-packages/colcon_core/task/python/colcon_distutils_commands:/home/punished_venom/DroneControls/install/photon_flight_db_internet/lib/python3.14/site-packages:${PYTHONPATH} /usr/bin/python3 -W ignore:setup.py install is deprecated -W ignore:easy_install command is deprecated setup.py develop --editable --build-directory /home/punished_venom/DroneControls/build/photon_flight_db_internet/build --no-deps symlink_data
[-1790103081392413952.000s] Level 1:colcon.colcon_core.environment:create_environment_scripts_only(photon_flight_servo_imu)
[-1790103081392413952.000s] DEBUG:colcon.colcon_core.event_handler.log_command:Invoked command in '/home/punished_venom/DroneControls/build/photon_flight_servo_imu' returned '0': CMAKE_PREFIX_PATH=/opt/ros/lyrical /usr/bin/cmake --install /home/punished_venom/DroneControls/build/photon_flight_servo_imu
[-1790103081392413952.000s] Level 1:colcon.colcon_core.environment:checking '/home/punished_venom/DroneControls/install/photon_flight_servo_imu' for CMake module files
[-1790103081392413952.000s] Level 1:colcon.colcon_core.environment:checking '/home/punished_venom/DroneControls/install/photon_flight_servo_imu' for CMake config files
[-1790103081392413952.000s] Level 1:colcon.colcon_core.shell:create_environment_hook('photon_flight_servo_imu', 'cmake_prefix_path')
[-1790103081392413952.000s] INFO:colcon.colcon_core.shell:Creating environment hook '/home/punished_venom/DroneControls/install/photon_flight_servo_imu/share/photon_flight_servo_imu/hook/cmake_prefix_path.ps1'
[-1790103081392413952.000s] INFO:colcon.colcon_core.shell:Creating environment descriptor '/home/punished_venom/DroneControls/install/photon_flight_servo_imu/share/photon_flight_servo_imu/hook/cmake_prefix_path.dsv'
[-1790103081392413952.000s] INFO:colcon.colcon_core.shell:Creating environment hook '/home/punished_venom/DroneControls/install/photon_flight_servo_imu/share/photon_flight_servo_imu/hook/cmake_prefix_path.sh'
[-1790103081392413952.000s] Level 1:colcon.colcon_core.environment:checking '/home/punished_venom/DroneControls/install/photon_flight_servo_imu/bin'
[-1790103081392413952.000s] Level 1:colcon.colcon_core.environment:checking '/home/punished_venom/DroneControls/install/photon_flight_servo_imu/lib/pkgconfig/photon_flight_servo_imu.pc'
[-1790103081392413952.000s] Level 1:colcon.colcon_core.environment:checking '/home/punished_venom/DroneControls/install/photon_flight_servo_imu/lib/python3.14/site-packages'
[-1790103081392413952.000s] Level 1:colcon.colcon_core.environment:checking '/home/punished_venom/DroneControls/install/photon_flight_servo_imu/bin'
[-1790103081392413952.000s] INFO:colcon.colcon_core.shell:Creating package script '/home/punished_venom/DroneControls/install/photon_flight_servo_imu/share/photon_flight_servo_imu/package.ps1'
[-1790103081392413952.000s] INFO:colcon.colcon_core.shell:Creating package descriptor '/home/punished_venom/DroneControls/install/photon_flight_servo_imu/share/photon_flight_servo_imu/package.dsv'
[-1790103081392413952.000s] INFO:colcon.colcon_core.shell:Creating package script '/home/punished_venom/DroneControls/install/photon_flight_servo_imu/share/photon_flight_servo_imu/package.sh'
[-1790103081392413952.000s] INFO:colcon.colcon_core.shell:Creating package script '/home/punished_venom/DroneControls/install/photon_flight_servo_imu/share/photon_flight_servo_imu/package.bash'
[-1790103081392413952.000s] INFO:colcon.colcon_core.shell:Creating package script '/home/punished_venom/DroneControls/install/photon_flight_servo_imu/share/photon_flight_servo_imu/package.zsh'
[-1790103081392413952.000s] Level 1:colcon.colcon_core.environment:create_file_with_runtime_dependencies(/home/punished_venom/DroneControls/install/photon_flight_servo_imu/share/colcon-core/packages/photon_flight_servo_imu)
[-1790103081392413952.000s] Level 1:colcon.colcon_core.environment:create_environment_scripts_only(photon_flight_servo_imu)
[-1790103081392413952.000s] Level 1:colcon.colcon_core.environment:checking '/home/punished_venom/DroneControls/install/photon_flight_servo_imu' for CMake module files
[-1790103081392413952.000s] Level 1:colcon.colcon_core.environment:checking '/home/punished_venom/DroneControls/install/photon_flight_servo_imu' for CMake config files
[-1790103081392413952.000s] Level 1:colcon.colcon_core.shell:create_environment_hook('photon_flight_servo_imu', 'cmake_prefix_path')
[-1790103081392413952.000s] INFO:colcon.colcon_core.shell:Creating environment hook '/home/punished_venom/DroneControls/install/photon_flight_servo_imu/share/photon_flight_servo_imu/hook/cmake_prefix_path.ps1'
[-1790103081392413952.000s] INFO:colcon.colcon_core.shell:Creating environment descriptor '/home/punished_venom/DroneControls/install/photon_flight_servo_imu/share/photon_flight_servo_imu/hook/cmake_prefix_path.dsv'
[-1790103081392413952.000s] INFO:colcon.colcon_core.shell:Creating environment hook '/home/punished_venom/DroneControls/install/photon_flight_servo_imu/share/photon_flight_servo_imu/hook/cmake_prefix_path.sh'
[-1790103081392413952.000s] Level 1:colcon.colcon_core.environment:checking '/home/punished_venom/DroneControls/install/photon_flight_servo_imu/bin'
[-1790103081392413952.000s] Level 1:colcon.colcon_core.environment:checking '/home/punished_venom/DroneControls/install/photon_flight_servo_imu/lib/pkgconfig/photon_flight_servo_imu.pc'
[-1790103081392413952.000s] Level 1:colcon.colcon_core.environment:checking '/home/punished_venom/DroneControls/install/photon_flight_servo_imu/lib/python3.14/site-packages'
[-1790103081392413952.000s] Level 1:colcon.colcon_core.environment:checking '/home/punished_venom/DroneControls/install/photon_flight_servo_imu/bin'
[-1790103081392413952.000s] INFO:colcon.colcon_core.shell:Creating package script '/home/punished_venom/DroneControls/install/photon_flight_servo_imu/share/photon_flight_servo_imu/package.ps1'
[-1790103081392413952.000s] INFO:colcon.colcon_core.shell:Creating package descriptor '/home/punished_venom/DroneControls/install/photon_flight_servo_imu/share/photon_flight_servo_imu/package.dsv'
[-1790103081392413952.000s] INFO:colcon.colcon_core.shell:Creating package script '/home/punished_venom/DroneControls/install/photon_flight_servo_imu/share/photon_flight_servo_imu/package.sh'
[-1790103081392413952.000s] INFO:colcon.colcon_core.shell:Creating package script '/home/punished_venom/DroneControls/install/photon_flight_servo_imu/share/photon_flight_servo_imu/package.bash'
[-1790103081392413952.000s] INFO:colcon.colcon_core.shell:Creating package script '/home/punished_venom/DroneControls/install/photon_flight_servo_imu/share/photon_flight_servo_imu/package.zsh'
[-1790103081392413952.000s] Level 1:colcon.colcon_core.environment:create_file_with_runtime_dependencies(/home/punished_venom/DroneControls/install/photon_flight_servo_imu/share/colcon-core/packages/photon_flight_servo_imu)
[-1790103081392413952.000s] DEBUG:colcon.colcon_core.task.python.build:Available setuptools 'develop' options: --dry-run, --site-dirs, --exclude-scripts, --find-links, --allow-hosts, --always-copy, --uninstall, --zip-ok, --multi-version, --optimize, --help, --build-directory, --quiet, --verbose, --no-deps, --no-find-links, --prefix, --no-user-cfg, --egg-path, --upgrade, --install-dir, --script-dir, --record, --index-url, --force-installation-into-system-dir, --editable, --always-unzip, --user, --install-layout, --local-snapshots-ok, --version
[-1790103081392413952.000s] DEBUG:colcon.colcon_core.event_handler.log_command:Invoking command in '/home/punished_venom/DroneControls/build/photon_flight_camera': PYTHONPATH=/home/punished_venom/DroneControls/build/photon_flight_camera/prefix_override:/usr/lib/python3/dist-packages/colcon_core/task/python/colcon_distutils_commands:/home/punished_venom/DroneControls/install/photon_flight_camera/lib/python3.14/site-packages:${PYTHONPATH} /usr/bin/python3 -W ignore:setup.py install is deprecated -W ignore:easy_install command is deprecated setup.py develop --editable --build-directory /home/punished_venom/DroneControls/build/photon_flight_camera/build --no-deps symlink_data
[-1790103081392413952.000s] DEBUG:colcon.colcon_core.event_handler.log_command:Invoked command in '/home/punished_venom/DroneControls/build/rplidar_ros' returned '0': CMAKE_PREFIX_PATH=/opt/ros/lyrical /usr/bin/cmake /home/punished_venom/DroneControls/src/rplidar_ros -DAMENT_CMAKE_SYMLINK_INSTALL=1 -DCMAKE_INSTALL_PREFIX=/home/punished_venom/DroneControls/install/rplidar_ros
[-1790103081392413952.000s] DEBUG:colcon.colcon_core.event_handler.log_command:Invoking command in '/home/punished_venom/DroneControls/build/rplidar_ros': CMAKE_PREFIX_PATH=/opt/ros/lyrical /usr/bin/cmake --build /home/punished_venom/DroneControls/build/rplidar_ros -- -j4 -l4
[-1790103081392413952.000s] Level 1:colcon.colcon_core.shell:create_environment_hook('photon_flight_db_internet', 'pythonpath_develop')
[-1790103081392413952.000s] INFO:colcon.colcon_core.shell:Creating environment hook '/home/punished_venom/DroneControls/build/photon_flight_db_internet/share/photon_flight_db_internet/hook/pythonpath_develop.ps1'
[-1790103081392413952.000s] DEBUG:colcon.colcon_core.event_handler.log_command:Invoked command in '/home/punished_venom/DroneControls/build/photon_flight_db_internet' returned '0': PYTHONPATH=/home/punished_venom/DroneControls/build/photon_flight_db_internet/prefix_override:/usr/lib/python3/dist-packages/colcon_core/task/python/colcon_distutils_commands:/home/punished_venom/DroneControls/install/photon_flight_db_internet/lib/python3.14/site-packages:${PYTHONPATH} /usr/bin/python3 -W ignore:setup.py install is deprecated -W ignore:easy_install command is deprecated setup.py develop --editable --build-directory /home/punished_venom/DroneControls/build/photon_flight_db_internet/build --no-deps symlink_data
[-1790103081392413952.000s] INFO:colcon.colcon_core.shell:Creating environment descriptor '/home/punished_venom/DroneControls/build/photon_flight_db_internet/share/photon_flight_db_internet/hook/pythonpath_develop.dsv'
[-1790103081392413952.000s] INFO:colcon.colcon_core.shell:Creating environment hook '/home/punished_venom/DroneControls/build/photon_flight_db_internet/share/photon_flight_db_internet/hook/pythonpath_develop.sh'
[-1790103081392413952.000s] Level 1:colcon.colcon_core.environment:checking '/home/punished_venom/DroneControls/install/photon_flight_db_internet' for CMake module files
[-1790103081392413952.000s] Level 1:colcon.colcon_core.environment:checking '/home/punished_venom/DroneControls/install/photon_flight_db_internet' for CMake config files
[-1790103081392413952.000s] Level 1:colcon.colcon_core.environment:checking '/home/punished_venom/DroneControls/install/photon_flight_db_internet/lib'
[-1790103081392413952.000s] Level 1:colcon.colcon_core.environment:checking '/home/punished_venom/DroneControls/install/photon_flight_db_internet/bin'
[-1790103081392413952.000s] Level 1:colcon.colcon_core.environment:checking '/home/punished_venom/DroneControls/install/photon_flight_db_internet/lib/pkgconfig/photon_flight_db_internet.pc'
[-1790103081392413952.000s] Level 1:colcon.colcon_core.environment:checking '/home/punished_venom/DroneControls/install/photon_flight_db_internet/lib/python3.14/site-packages'
[-1790103081392413952.000s] Level 1:colcon.colcon_core.shell:create_environment_hook('photon_flight_db_internet', 'pythonpath')
[-1790103081392413952.000s] INFO:colcon.colcon_core.shell:Creating environment hook '/home/punished_venom/DroneControls/install/photon_flight_db_internet/share/photon_flight_db_internet/hook/pythonpath.ps1'
[-1790103081392413952.000s] INFO:colcon.colcon_core.shell:Creating environment descriptor '/home/punished_venom/DroneControls/install/photon_flight_db_internet/share/photon_flight_db_internet/hook/pythonpath.dsv'
[-1790103081392413952.000s] INFO:colcon.colcon_core.shell:Creating environment hook '/home/punished_venom/DroneControls/install/photon_flight_db_internet/share/photon_flight_db_internet/hook/pythonpath.sh'
[-1790103081392413952.000s] Level 1:colcon.colcon_core.environment:checking '/home/punished_venom/DroneControls/install/photon_flight_db_internet/bin'
[-1790103081392413952.000s] Level 1:colcon.colcon_core.environment:create_environment_scripts_only(photon_flight_db_internet)
[-1790103081392413952.000s] INFO:colcon.colcon_core.shell:Creating package script '/home/punished_venom/DroneControls/install/photon_flight_db_internet/share/photon_flight_db_internet/package.ps1'
[-1790103081392413952.000s] INFO:colcon.colcon_core.shell:Creating package descriptor '/home/punished_venom/DroneControls/install/photon_flight_db_internet/share/photon_flight_db_internet/package.dsv'
[-1790103081392413952.000s] INFO:colcon.colcon_core.shell:Creating package script '/home/punished_venom/DroneControls/install/photon_flight_db_internet/share/photon_flight_db_internet/package.sh'
[-1790103081392413952.000s] INFO:colcon.colcon_core.shell:Creating package script '/home/punished_venom/DroneControls/install/photon_flight_db_internet/share/photon_flight_db_internet/package.bash'
[-1790103081392413952.000s] INFO:colcon.colcon_core.shell:Creating package script '/home/punished_venom/DroneControls/install/photon_flight_db_internet/share/photon_flight_db_internet/package.zsh'
[-1790103081392413952.000s] Level 1:colcon.colcon_core.environment:create_file_with_runtime_dependencies(/home/punished_venom/DroneControls/install/photon_flight_db_internet/share/colcon-core/packages/photon_flight_db_internet)
[-1790103081392413952.000s] Level 1:colcon.colcon_core.shell:create_environment_hook('photon_flight_camera', 'pythonpath_develop')
[-1790103081392413952.000s] INFO:colcon.colcon_core.shell:Creating environment hook '/home/punished_venom/DroneControls/build/photon_flight_camera/share/photon_flight_camera/hook/pythonpath_develop.ps1'
[-1790103081392413952.000s] DEBUG:colcon.colcon_core.event_handler.log_command:Invoked command in '/home/punished_venom/DroneControls/build/photon_flight_camera' returned '0': PYTHONPATH=/home/punished_venom/DroneControls/build/photon_flight_camera/prefix_override:/usr/lib/python3/dist-packages/colcon_core/task/python/colcon_distutils_commands:/home/punished_venom/DroneControls/install/photon_flight_camera/lib/python3.14/site-packages:${PYTHONPATH} /usr/bin/python3 -W ignore:setup.py install is deprecated -W ignore:easy_install command is deprecated setup.py develop --editable --build-directory /home/punished_venom/DroneControls/build/photon_flight_camera/build --no-deps symlink_data
[-1790103081392413952.000s] INFO:colcon.colcon_core.shell:Creating environment descriptor '/home/punished_venom/DroneControls/build/photon_flight_camera/share/photon_flight_camera/hook/pythonpath_develop.dsv'
[-1790103081392413952.000s] INFO:colcon.colcon_core.shell:Creating environment hook '/home/punished_venom/DroneControls/build/photon_flight_camera/share/photon_flight_camera/hook/pythonpath_develop.sh'
[-1790103081392413952.000s] Level 1:colcon.colcon_core.environment:checking '/home/punished_venom/DroneControls/install/photon_flight_camera' for CMake module files
[-1790103081392413952.000s] Level 1:colcon.colcon_core.environment:checking '/home/punished_venom/DroneControls/install/photon_flight_camera' for CMake config files
[-1790103081392413952.000s] Level 1:colcon.colcon_core.environment:checking '/home/punished_venom/DroneControls/install/photon_flight_camera/lib'
[-1790103081392413952.000s] Level 1:colcon.colcon_core.environment:checking '/home/punished_venom/DroneControls/install/photon_flight_camera/bin'
[-1790103081392413952.000s] Level 1:colcon.colcon_core.environment:checking '/home/punished_venom/DroneControls/install/photon_flight_camera/lib/pkgconfig/photon_flight_camera.pc'
[-1790103081392413952.000s] Level 1:colcon.colcon_core.environment:checking '/home/punished_venom/DroneControls/install/photon_flight_camera/lib/python3.14/site-packages'
[-1790103081392413952.000s] Level 1:colcon.colcon_core.shell:create_environment_hook('photon_flight_camera', 'pythonpath')
[-1790103081392413952.000s] INFO:colcon.colcon_core.shell:Creating environment hook '/home/punished_venom/DroneControls/install/photon_flight_camera/share/photon_flight_camera/hook/pythonpath.ps1'
[-1790103081392413952.000s] INFO:colcon.colcon_core.shell:Creating environment descriptor '/home/punished_venom/DroneControls/install/photon_flight_camera/share/photon_flight_camera/hook/pythonpath.dsv'
[-1790103081392413952.000s] INFO:colcon.colcon_core.shell:Creating environment hook '/home/punished_venom/DroneControls/install/photon_flight_camera/share/photon_flight_camera/hook/pythonpath.sh'
[-1790103081392413952.000s] Level 1:colcon.colcon_core.environment:checking '/home/punished_venom/DroneControls/install/photon_flight_camera/bin'
[-1790103081392413952.000s] Level 1:colcon.colcon_core.environment:create_environment_scripts_only(photon_flight_camera)
[-1790103081392413952.000s] INFO:colcon.colcon_core.shell:Creating package script '/home/punished_venom/DroneControls/install/photon_flight_camera/share/photon_flight_camera/package.ps1'
[-1790103081392413952.000s] INFO:colcon.colcon_core.shell:Creating package descriptor '/home/punished_venom/DroneControls/install/photon_flight_camera/share/photon_flight_camera/package.dsv'
[-1790103081392413952.000s] INFO:colcon.colcon_core.shell:Creating package script '/home/punished_venom/DroneControls/install/photon_flight_camera/share/photon_flight_camera/package.sh'
[-1790103081392413952.000s] INFO:colcon.colcon_core.shell:Creating package script '/home/punished_venom/DroneControls/install/photon_flight_camera/share/photon_flight_camera/package.bash'
[-1790103081392413952.000s] INFO:colcon.colcon_core.shell:Creating package script '/home/punished_venom/DroneControls/install/photon_flight_camera/share/photon_flight_camera/package.zsh'
[-1790103081392413952.000s] Level 1:colcon.colcon_core.environment:create_file_with_runtime_dependencies(/home/punished_venom/DroneControls/install/photon_flight_camera/share/colcon-core/packages/photon_flight_camera)
[-1790103081392413696.000s] DEBUG:colcon.colcon_core.event_handler.log_command:Invoked command in '/home/punished_venom/DroneControls/build/rplidar_ros' returned '0': CMAKE_PREFIX_PATH=/opt/ros/lyrical /usr/bin/cmake --build /home/punished_venom/DroneControls/build/rplidar_ros -- -j4 -l4
[-1790103081392413696.000s] DEBUG:colcon.colcon_core.event_handler.log_command:Invoking command in '/home/punished_venom/DroneControls/build/rplidar_ros': CMAKE_PREFIX_PATH=/opt/ros/lyrical /usr/bin/cmake --install /home/punished_venom/DroneControls/build/rplidar_ros
[-1790103081392413696.000s] Level 1:colcon.colcon_core.environment:create_environment_scripts_only(rplidar_ros)
[-1790103081392413696.000s] Level 1:colcon.colcon_core.environment:checking '/home/punished_venom/DroneControls/install/rplidar_ros' for CMake module files
[-1790103081392413696.000s] DEBUG:colcon.colcon_core.event_handler.log_command:Invoked command in '/home/punished_venom/DroneControls/build/rplidar_ros' returned '0': CMAKE_PREFIX_PATH=/opt/ros/lyrical /usr/bin/cmake --install /home/punished_venom/DroneControls/build/rplidar_ros
[-1790103081392413696.000s] Level 1:colcon.colcon_core.environment:checking '/home/punished_venom/DroneControls/install/rplidar_ros' for CMake config files
[-1790103081392413696.000s] Level 1:colcon.colcon_core.shell:create_environment_hook('rplidar_ros', 'cmake_prefix_path')
[-1790103081392413696.000s] INFO:colcon.colcon_core.shell:Creating environment hook '/home/punished_venom/DroneControls/install/rplidar_ros/share/rplidar_ros/hook/cmake_prefix_path.ps1'
[-1790103081392413696.000s] INFO:colcon.colcon_core.shell:Creating environment descriptor '/home/punished_venom/DroneControls/install/rplidar_ros/share/rplidar_ros/hook/cmake_prefix_path.dsv'
[-1790103081392413696.000s] INFO:colcon.colcon_core.shell:Creating environment hook '/home/punished_venom/DroneControls/install/rplidar_ros/share/rplidar_ros/hook/cmake_prefix_path.sh'
[-1790103081392413696.000s] Level 1:colcon.colcon_core.environment:checking '/home/punished_venom/DroneControls/install/rplidar_ros/lib'
[-1790103081392413696.000s] Level 1:colcon.colcon_core.environment:checking '/home/punished_venom/DroneControls/install/rplidar_ros/bin'
[-1790103081392413696.000s] Level 1:colcon.colcon_core.environment:checking '/home/punished_venom/DroneControls/install/rplidar_ros/lib/pkgconfig/rplidar_ros.pc'
[-1790103081392413696.000s] Level 1:colcon.colcon_core.environment:checking '/home/punished_venom/DroneControls/install/rplidar_ros/lib/python3.14/site-packages'
[-1790103081392413696.000s] Level 1:colcon.colcon_core.environment:checking '/home/punished_venom/DroneControls/install/rplidar_ros/bin'
[-1790103081392413696.000s] INFO:colcon.colcon_core.shell:Creating package script '/home/punished_venom/DroneControls/install/rplidar_ros/share/rplidar_ros/package.ps1'
[-1790103081392413696.000s] INFO:colcon.colcon_core.shell:Creating package descriptor '/home/punished_venom/DroneControls/install/rplidar_ros/share/rplidar_ros/package.dsv'
[-1790103081392413696.000s] INFO:colcon.colcon_core.shell:Creating package script '/home/punished_venom/DroneControls/install/rplidar_ros/share/rplidar_ros/package.sh'
[-1790103081392413696.000s] INFO:colcon.colcon_core.shell:Creating package script '/home/punished_venom/DroneControls/install/rplidar_ros/share/rplidar_ros/package.bash'
[-1790103081392413696.000s] INFO:colcon.colcon_core.shell:Creating package script '/home/punished_venom/DroneControls/install/rplidar_ros/share/rplidar_ros/package.zsh'
[-1790103081392413696.000s] Level 1:colcon.colcon_core.environment:create_file_with_runtime_dependencies(/home/punished_venom/DroneControls/install/rplidar_ros/share/colcon-core/packages/rplidar_ros)
[-1790103081392413696.000s] Level 1:colcon.colcon_core.environment:create_environment_scripts_only(rplidar_ros)
[-1790103081392413696.000s] Level 1:colcon.colcon_core.environment:checking '/home/punished_venom/DroneControls/install/rplidar_ros' for CMake module files
[-1790103081392413696.000s] Level 1:colcon.colcon_core.environment:checking '/home/punished_venom/DroneControls/install/rplidar_ros' for CMake config files
[-1790103081392413696.000s] Level 1:colcon.colcon_core.shell:create_environment_hook('rplidar_ros', 'cmake_prefix_path')
[-1790103081392413696.000s] INFO:colcon.colcon_core.shell:Creating environment hook '/home/punished_venom/DroneControls/install/rplidar_ros/share/rplidar_ros/hook/cmake_prefix_path.ps1'
[-1790103081392413696.000s] INFO:colcon.colcon_core.shell:Creating environment descriptor '/home/punished_venom/DroneControls/install/rplidar_ros/share/rplidar_ros/hook/cmake_prefix_path.dsv'
[-1790103081392413696.000s] INFO:colcon.colcon_core.shell:Creating environment hook '/home/punished_venom/DroneControls/install/rplidar_ros/share/rplidar_ros/hook/cmake_prefix_path.sh'
[-1790103081392413696.000s] Level 1:colcon.colcon_core.environment:checking '/home/punished_venom/DroneControls/install/rplidar_ros/lib'
[-1790103081392413696.000s] Level 1:colcon.colcon_core.environment:checking '/home/punished_venom/DroneControls/install/rplidar_ros/bin'
[-1790103081392413696.000s] Level 1:colcon.colcon_core.environment:checking '/home/punished_venom/DroneControls/install/rplidar_ros/lib/pkgconfig/rplidar_ros.pc'
[-1790103081392413696.000s] Level 1:colcon.colcon_core.environment:checking '/home/punished_venom/DroneControls/install/rplidar_ros/lib/python3.14/site-packages'
[-1790103081392413696.000s] Level 1:colcon.colcon_core.environment:checking '/home/punished_venom/DroneControls/install/rplidar_ros/bin'
[-1790103081392413696.000s] INFO:colcon.colcon_core.shell:Creating package script '/home/punished_venom/DroneControls/install/rplidar_ros/share/rplidar_ros/package.ps1'
[-1790103081392413696.000s] INFO:colcon.colcon_core.shell:Creating package descriptor '/home/punished_venom/DroneControls/install/rplidar_ros/share/rplidar_ros/package.dsv'
[-1790103081392413696.000s] INFO:colcon.colcon_core.shell:Creating package script '/home/punished_venom/DroneControls/install/rplidar_ros/share/rplidar_ros/package.sh'
[-1790103081392413696.000s] INFO:colcon.colcon_core.shell:Creating package script '/home/punished_venom/DroneControls/install/rplidar_ros/share/rplidar_ros/package.bash'
[-1790103081392413696.000s] INFO:colcon.colcon_core.shell:Creating package script '/home/punished_venom/DroneControls/install/rplidar_ros/share/rplidar_ros/package.zsh'
[-1790103081392413696.000s] Level 1:colcon.colcon_core.environment:create_file_with_runtime_dependencies(/home/punished_venom/DroneControls/install/rplidar_ros/share/colcon-core/packages/rplidar_ros)
[-1790103081392413696.000s] DEBUG:colcon.colcon_parallel_executor.executor.parallel:closing loop
[-1790103081392413696.000s] DEBUG:colcon.colcon_parallel_executor.executor.parallel:loop closed
[-1790103081392413696.000s] DEBUG:colcon.colcon_parallel_executor.executor.parallel:run_until_complete finished with '0'
[-1790103081392413696.000s] DEBUG:colcon.colcon_core.event_reactor:joining thread
[-1790103081392413696.000s] DEBUG:colcon.colcon_core.event_reactor:joined thread
[-1790103081392413696.000s] INFO:colcon.colcon_core.shell:Creating prefix script '/home/punished_venom/DroneControls/install/local_setup.ps1'
[-1790103081392413696.000s] INFO:colcon.colcon_core.shell:Creating prefix util module '/home/punished_venom/DroneControls/install/_local_setup_util_ps1.py'
[-1790103081392413696.000s] INFO:colcon.colcon_core.shell:Creating prefix chain script '/home/punished_venom/DroneControls/install/setup.ps1'
[-1790103081392413696.000s] INFO:colcon.colcon_core.shell:Creating prefix script '/home/punished_venom/DroneControls/install/local_setup.sh'
[-1790103081392413696.000s] INFO:colcon.colcon_core.shell:Creating prefix util module '/home/punished_venom/DroneControls/install/_local_setup_util_sh.py'
[-1790103081392413696.000s] INFO:colcon.colcon_core.shell:Creating prefix chain script '/home/punished_venom/DroneControls/install/setup.sh'
[-1790103081392413696.000s] INFO:colcon.colcon_core.shell:Creating prefix script '/home/punished_venom/DroneControls/install/local_setup.bash'
[-1790103081392413696.000s] INFO:colcon.colcon_core.shell:Creating prefix chain script '/home/punished_venom/DroneControls/install/setup.bash'
[-1790103081392413696.000s] INFO:colcon.colcon_core.shell:Creating prefix script '/home/punished_venom/DroneControls/install/local_setup.zsh'
[-1790103081392413696.000s] INFO:colcon.colcon_core.shell:Creating prefix chain script '/home/punished_venom/DroneControls/install/setup.zsh'
