-- The C compiler identification is GNU 15.2.0
-- The CXX compiler identification is GNU 15.2.0
-- Detecting C compiler ABI info
-- Detecting C compiler ABI info - done
-- Check for working C compiler: /usr/bin/cc - skipped
-- Detecting C compile features
-- Detecting C compile features - done
-- Detecting CXX compiler ABI info
-- Detecting CXX compiler ABI info - done
-- Check for working CXX compiler: /usr/bin/c++ - skipped
-- Detecting CXX compile features
-- Detecting CXX compile features - done
-- Found ament_cmake: 2.8.8 (/opt/ros/lyrical/share/ament_cmake/cmake)
-- Found ament_lint_auto: 0.20.6 (/opt/ros/lyrical/share/ament_lint_auto/cmake)
WARNING: Package name "photon_flight_liDAR_Collection" does not follow the naming conventions. It should start with a lower case letter and only contain lower case letters, digits, underscores, and dashes.
-- Added test 'lint_cmake' to check CMake code style
-- Added test 'xmllint' to check XML markup files
-- Configuring done (4.2s)
-- Generating done (0.0s)
-- Build files have been written to: /home/punished_venom/DroneControls/src/build/photon_flight_liDAR_Collection
-- Install configuration: ""
-- Installing: /home/punished_venom/DroneControls/src/install/photon_flight_liDAR_Collection/share/ament_index/resource_index/package_run_dependencies/photon_flight_liDAR_Collection
-- Installing: /home/punished_venom/DroneControls/src/install/photon_flight_liDAR_Collection/share/ament_index/resource_index/parent_prefix_path/photon_flight_liDAR_Collection
-- Installing: /home/punished_venom/DroneControls/src/install/photon_flight_liDAR_Collection/share/photon_flight_liDAR_Collection/environment/ament_prefix_path.sh
-- Installing: /home/punished_venom/DroneControls/src/install/photon_flight_liDAR_Collection/share/photon_flight_liDAR_Collection/environment/ament_prefix_path.dsv
-- Installing: /home/punished_venom/DroneControls/src/install/photon_flight_liDAR_Collection/share/photon_flight_liDAR_Collection/environment/path.sh
-- Installing: /home/punished_venom/DroneControls/src/install/photon_flight_liDAR_Collection/share/photon_flight_liDAR_Collection/environment/path.dsv
-- Installing: /home/punished_venom/DroneControls/src/install/photon_flight_liDAR_Collection/share/photon_flight_liDAR_Collection/local_setup.bash
-- Installing: /home/punished_venom/DroneControls/src/install/photon_flight_liDAR_Collection/share/photon_flight_liDAR_Collection/local_setup.fish
-- Installing: /home/punished_venom/DroneControls/src/install/photon_flight_liDAR_Collection/share/photon_flight_liDAR_Collection/local_setup.sh
-- Installing: /home/punished_venom/DroneControls/src/install/photon_flight_liDAR_Collection/share/photon_flight_liDAR_Collection/local_setup.zsh
-- Installing: /home/punished_venom/DroneControls/src/install/photon_flight_liDAR_Collection/share/photon_flight_liDAR_Collection/local_setup.dsv
-- Installing: /home/punished_venom/DroneControls/src/install/photon_flight_liDAR_Collection/share/photon_flight_liDAR_Collection/package.dsv
-- Installing: /home/punished_venom/DroneControls/src/install/photon_flight_liDAR_Collection/share/ament_index/resource_index/packages/photon_flight_liDAR_Collection
-- Installing: /home/punished_venom/DroneControls/src/install/photon_flight_liDAR_Collection/share/photon_flight_liDAR_Collection/cmake/photon_flight_liDAR_CollectionConfig.cmake
-- Installing: /home/punished_venom/DroneControls/src/install/photon_flight_liDAR_Collection/share/photon_flight_liDAR_Collection/cmake/photon_flight_liDAR_CollectionConfig-version.cmake
-- Installing: /home/punished_venom/DroneControls/src/install/photon_flight_liDAR_Collection/share/photon_flight_liDAR_Collection/package.xml
