[1.724s] Invoking command in '/home/punished_venom/DroneControls/src/build/photon_flight_liDAR_Collection': CMAKE_PREFIX_PATH=/opt/ros/lyrical /usr/bin/cmake /home/punished_venom/DroneControls/src/photon_flight_liDAR_Collection -DCMAKE_INSTALL_PREFIX=/home/punished_venom/DroneControls/src/install/photon_flight_liDAR_Collection
[2.161s] -- The C compiler identification is GNU 15.2.0
[2.555s] -- The CXX compiler identification is GNU 15.2.0
[2.591s] -- Detecting C compiler ABI info
[3.000s] -- Detecting C compiler ABI info - done
[3.072s] -- Check for working C compiler: /usr/bin/cc - skipped
[3.075s] -- Detecting C compile features
[3.077s] -- Detecting C compile features - done
[3.139s] -- Detecting CXX compiler ABI info
[3.576s] -- Detecting CXX compiler ABI info - done
[3.668s] -- Check for working CXX compiler: /usr/bin/c++ - skipped
[3.668s] -- Detecting CXX compile features
[3.671s] -- Detecting CXX compile features - done
[3.705s] -- Found ament_cmake: 2.8.8 (/opt/ros/lyrical/share/ament_cmake/cmake)
[5.009s] -- Found ament_lint_auto: 0.20.6 (/opt/ros/lyrical/share/ament_lint_auto/cmake)
[5.657s] WARNING: Package name "photon_flight_liDAR_Collection" does not follow the naming conventions. It should start with a lower case letter and only contain lower case letters, digits, underscores, and dashes.
[5.909s] -- Added test 'lint_cmake' to check CMake code style
[5.916s] -- Added test 'xmllint' to check XML markup files
[5.928s] -- Configuring done (4.2s)
[5.948s] -- Generating done (0.0s)
[5.959s] -- Build files have been written to: /home/punished_venom/DroneControls/src/build/photon_flight_liDAR_Collection
[5.985s] Invoked command in '/home/punished_venom/DroneControls/src/build/photon_flight_liDAR_Collection' returned '0': CMAKE_PREFIX_PATH=/opt/ros/lyrical /usr/bin/cmake /home/punished_venom/DroneControls/src/photon_flight_liDAR_Collection -DCMAKE_INSTALL_PREFIX=/home/punished_venom/DroneControls/src/install/photon_flight_liDAR_Collection
[5.990s] Invoking command in '/home/punished_venom/DroneControls/src/build/photon_flight_liDAR_Collection': CMAKE_PREFIX_PATH=/opt/ros/lyrical /usr/bin/cmake --build /home/punished_venom/DroneControls/src/build/photon_flight_liDAR_Collection -- -j4 -l4
[6.184s] Invoked command in '/home/punished_venom/DroneControls/src/build/photon_flight_liDAR_Collection' returned '0': CMAKE_PREFIX_PATH=/opt/ros/lyrical /usr/bin/cmake --build /home/punished_venom/DroneControls/src/build/photon_flight_liDAR_Collection -- -j4 -l4
[6.221s] Invoking command in '/home/punished_venom/DroneControls/src/build/photon_flight_liDAR_Collection': CMAKE_PREFIX_PATH=/opt/ros/lyrical /usr/bin/cmake --install /home/punished_venom/DroneControls/src/build/photon_flight_liDAR_Collection
[6.264s] -- Install configuration: ""
[6.265s] -- Installing: /home/punished_venom/DroneControls/src/install/photon_flight_liDAR_Collection/share/ament_index/resource_index/package_run_dependencies/photon_flight_liDAR_Collection
[6.266s] -- Installing: /home/punished_venom/DroneControls/src/install/photon_flight_liDAR_Collection/share/ament_index/resource_index/parent_prefix_path/photon_flight_liDAR_Collection
[6.267s] -- Installing: /home/punished_venom/DroneControls/src/install/photon_flight_liDAR_Collection/share/photon_flight_liDAR_Collection/environment/ament_prefix_path.sh
[6.269s] -- Installing: /home/punished_venom/DroneControls/src/install/photon_flight_liDAR_Collection/share/photon_flight_liDAR_Collection/environment/ament_prefix_path.dsv
[6.271s] -- Installing: /home/punished_venom/DroneControls/src/install/photon_flight_liDAR_Collection/share/photon_flight_liDAR_Collection/environment/path.sh
[6.273s] -- Installing: /home/punished_venom/DroneControls/src/install/photon_flight_liDAR_Collection/share/photon_flight_liDAR_Collection/environment/path.dsv
[6.275s] -- Installing: /home/punished_venom/DroneControls/src/install/photon_flight_liDAR_Collection/share/photon_flight_liDAR_Collection/local_setup.bash
[6.276s] -- Installing: /home/punished_venom/DroneControls/src/install/photon_flight_liDAR_Collection/share/photon_flight_liDAR_Collection/local_setup.fish
[6.276s] -- Installing: /home/punished_venom/DroneControls/src/install/photon_flight_liDAR_Collection/share/photon_flight_liDAR_Collection/local_setup.sh
[6.278s] -- Installing: /home/punished_venom/DroneControls/src/install/photon_flight_liDAR_Collection/share/photon_flight_liDAR_Collection/local_setup.zsh
[6.281s] -- Installing: /home/punished_venom/DroneControls/src/install/photon_flight_liDAR_Collection/share/photon_flight_liDAR_Collection/local_setup.dsv
[6.282s] -- Installing: /home/punished_venom/DroneControls/src/install/photon_flight_liDAR_Collection/share/photon_flight_liDAR_Collection/package.dsv
[6.284s] -- Installing: /home/punished_venom/DroneControls/src/install/photon_flight_liDAR_Collection/share/ament_index/resource_index/packages/photon_flight_liDAR_Collection
[6.288s] -- Installing: /home/punished_venom/DroneControls/src/install/photon_flight_liDAR_Collection/share/photon_flight_liDAR_Collection/cmake/photon_flight_liDAR_CollectionConfig.cmake
[6.288s] -- Installing: /home/punished_venom/DroneControls/src/install/photon_flight_liDAR_Collection/share/photon_flight_liDAR_Collection/cmake/photon_flight_liDAR_CollectionConfig-version.cmake
[6.291s] -- Installing: /home/punished_venom/DroneControls/src/install/photon_flight_liDAR_Collection/share/photon_flight_liDAR_Collection/package.xml
[6.293s] Invoked command in '/home/punished_venom/DroneControls/src/build/photon_flight_liDAR_Collection' returned '0': CMAKE_PREFIX_PATH=/opt/ros/lyrical /usr/bin/cmake --install /home/punished_venom/DroneControls/src/build/photon_flight_liDAR_Collection
