[0.038s] Invoking command in '/home/punished_venom/DroneControls/src/photon_flight_servo_imu/build/photon_flight_servo_imu': CMAKE_PREFIX_PATH=/opt/ros/lyrical /usr/bin/cmake --build /home/punished_venom/DroneControls/src/photon_flight_servo_imu/build/photon_flight_servo_imu -- -j4 -l4
[0.103s] [0mCMake Deprecation Warning at CMakeLists.txt:1 (cmake_minimum_required):
[0.104s]   Compatibility with CMake < 3.10 will be removed from a future version of
[0.104s]   CMake.
[0.104s] 
[0.104s]   Update the VERSION argument <min> value.  Or, use the <min>...<max> syntax
[0.104s]   to tell CMake that the project requires at least <min> but has been updated
[0.105s]   to work with policies introduced by <max> or earlier.
[0.105s] 
[0.105s] [0m
[0.122s] -- Found ament_cmake: 2.8.8 (/opt/ros/lyrical/share/ament_cmake/cmake)
[0.887s] -- Override CMake install command with custom implementation using symlinks instead of copying resources
[0.907s] -- Found rclcpp: 32.0.3 (/opt/ros/lyrical/share/rclcpp/cmake)
[0.966s] -- Found rosidl_generator_c: 5.2.1 (/opt/ros/lyrical/share/rosidl_generator_c/cmake)
[0.980s] -- Found rosidl_generator_cpp: 5.2.1 (/opt/ros/lyrical/share/rosidl_generator_cpp/cmake)
[1.007s] -- Using all available rosidl_typesupport_c: rosidl_typesupport_fastrtps_c;rosidl_typesupport_introspection_c
[1.036s] -- Using all available rosidl_typesupport_cpp: rosidl_typesupport_fastrtps_cpp;rosidl_typesupport_introspection_cpp
[1.204s] -- Found rmw_implementation_cmake: 7.10.2 (/opt/ros/lyrical/share/rmw_implementation_cmake/cmake)
[1.208s] -- Found rmw_fastrtps_cpp: 9.4.10 (/opt/ros/lyrical/share/rmw_fastrtps_cpp/cmake)
[1.283s] -- Using RMW implementation 'rmw_fastrtps_cpp' as default
[1.475s] -- Found std_msgs: 5.9.3 (/opt/ros/lyrical/share/std_msgs/cmake)
[1.515s] -- Found sensor_msgs: 5.9.3 (/opt/ros/lyrical/share/sensor_msgs/cmake)
[1.623s] -- Found ament_lint_auto: 0.20.6 (/opt/ros/lyrical/share/ament_lint_auto/cmake)
[2.086s] -- Added test 'cppcheck' to perform static code analysis on C / C++ code
[2.086s] -- Configured cppcheck include dirs: 
[2.087s] -- Configured cppcheck exclude dirs and/or files: 
[2.094s] -- Added test 'flake8' to check Python code syntax and style conventions
[2.094s] -- Configured 'flake8' exclude dirs and/or files: 
[2.108s] -- Added test 'lint_cmake' to check CMake code style
[2.115s] -- Added test 'pep257' to check Python code against some of the docstring style conventions in PEP 257
[2.166s] -- Added test 'uncrustify' to check C / C++ code style
[2.166s] -- Configured uncrustify additional arguments: 
[2.174s] -- Added test 'xmllint' to check XML markup files
[2.178s] -- Configuring done (2.1s)
[2.259s] -- Generating done (0.1s)
[2.360s] -- Build files have been written to: /home/punished_venom/DroneControls/src/photon_flight_servo_imu/build/photon_flight_servo_imu
[2.469s] [ 25%] [32mBuilding CXX object CMakeFiles/imu_reader.dir/src/imucapture.cpp.o[0m
[2.495s] [ 50%] [32mBuilding CXX object CMakeFiles/servo_driver.dir/src/servodriver.cpp.o[0m
[2.549s] [ 75%] [1m[32mLinking CXX executable imu_reader[0m
[3.048s] /usr/bin/aarch64-linux-gnu-ld.bfd: /usr/lib/gcc/aarch64-linux-gnu/15/../../../aarch64-linux-gnu/Scrt1.o: in function `_start':
[3.048s] (.text+0x1c): undefined reference to `main'
[3.049s] /usr/bin/aarch64-linux-gnu-ld.bfd: (.text+0x20): undefined reference to `main'
[3.054s] collect2: error: ld returned 1 exit status
[3.059s] gmake[2]: *** [CMakeFiles/imu_reader.dir/build.make:174: imu_reader] Error 1
[3.060s] gmake[1]: *** [CMakeFiles/Makefile2:188: CMakeFiles/imu_reader.dir/all] Error 2
[3.060s] gmake[1]: *** Waiting for unfinished jobs....
[11.170s] [01m[K/home/punished_venom/DroneControls/src/photon_flight_servo_imu/src/servodriver.cpp:[m[K In constructor ‘[01m[KServoDriverNode::[01;32m[KServoDriverNode[m[K()[m[K’:
[11.170s] [01m[K/home/punished_venom/DroneControls/src/photon_flight_servo_imu/src/servodriver.cpp:55:13:[m[K [01;31m[Kerror: [m[Kunable to find numeric literal operator ‘[01m[Koperator""ms[m[K’
[11.171s]    55 |             [01;31m[K50ms[m[K, std::bind(&ServoDriverNode::update_angle_callback, this)
[11.171s]       |             [01;31m[K^~~~[m[K
[16.336s] gmake[2]: *** [CMakeFiles/servo_driver.dir/build.make:79: CMakeFiles/servo_driver.dir/src/servodriver.cpp.o] Error 1
[16.336s] gmake[1]: *** [CMakeFiles/Makefile2:156: CMakeFiles/servo_driver.dir/all] Error 2
[16.337s] gmake: *** [Makefile:146: all] Error 2
[16.345s] Invoked command in '/home/punished_venom/DroneControls/src/photon_flight_servo_imu/build/photon_flight_servo_imu' returned '2': CMAKE_PREFIX_PATH=/opt/ros/lyrical /usr/bin/cmake --build /home/punished_venom/DroneControls/src/photon_flight_servo_imu/build/photon_flight_servo_imu -- -j4 -l4
