[0.000000] (-) TimerEvent: {}
[0.000617] (photon_flight_camera) JobQueued: {'identifier': 'photon_flight_camera', 'dependencies': OrderedDict()}
[0.001245] (photon_flight_db_internet) JobQueued: {'identifier': 'photon_flight_db_internet', 'dependencies': OrderedDict()}
[0.001496] (photon_flight_liDAR_Collection) JobQueued: {'identifier': 'photon_flight_liDAR_Collection', 'dependencies': OrderedDict()}
[0.002290] (photon_flight_servo_imu) JobQueued: {'identifier': 'photon_flight_servo_imu', 'dependencies': OrderedDict()}
[0.002700] (photon_flight_camera) JobStarted: {'identifier': 'photon_flight_camera'}
[0.031868] (photon_flight_db_internet) JobStarted: {'identifier': 'photon_flight_db_internet'}
[0.053916] (photon_flight_liDAR_Collection) JobStarted: {'identifier': 'photon_flight_liDAR_Collection'}
[0.067149] (photon_flight_servo_imu) JobStarted: {'identifier': 'photon_flight_servo_imu'}
[0.099381] (-) TimerEvent: {}
[0.200178] (-) TimerEvent: {}
[0.300828] (-) TimerEvent: {}
[0.401441] (-) TimerEvent: {}
[0.502175] (-) TimerEvent: {}
[0.602805] (-) TimerEvent: {}
[0.703364] (-) TimerEvent: {}
[0.804144] (-) TimerEvent: {}
[0.905138] (-) TimerEvent: {}
[1.005879] (-) TimerEvent: {}
[1.106533] (-) TimerEvent: {}
[1.207235] (-) TimerEvent: {}
[1.307865] (-) TimerEvent: {}
[1.408436] (-) TimerEvent: {}
[1.509019] (-) TimerEvent: {}
[1.609571] (-) TimerEvent: {}
[1.710279] (-) TimerEvent: {}
[1.811287] (-) TimerEvent: {}
[1.814519] (photon_flight_liDAR_Collection) JobProgress: {'identifier': 'photon_flight_liDAR_Collection', 'progress': 'cmake'}
[1.817097] (photon_flight_liDAR_Collection) JobProgress: {'identifier': 'photon_flight_liDAR_Collection', 'progress': 'build'}
[1.819693] (photon_flight_liDAR_Collection) Command: {'cmd': ['/usr/bin/cmake', '--build', '/home/punished_venom/DroneControls/src/build/photon_flight_liDAR_Collection', '--', '-j4', '-l4'], 'cwd': '/home/punished_venom/DroneControls/src/build/photon_flight_liDAR_Collection', 'env': OrderedDict({'USER': 'punished_venom', 'SSH_CLIENT': '100.70.204.74 51792 22', 'XDG_SESSION_TYPE': 'tty', 'SHLVL': '1', 'LD_LIBRARY_PATH': '/opt/ros/lyrical/lib/aarch64-linux-gnu:/opt/ros/lyrical/lib', 'HOME': '/home/punished_venom', 'SSH_TTY': '/dev/pts/0', 'ROS_PYTHON_VERSION': '3', 'DBUS_SESSION_BUS_ADDRESS': 'unix:path=/run/user/1000/bus', 'ROS_DISTRO': 'lyrical', 'LOGNAME': 'punished_venom', 'ROS_VERSION': '2', 'XDG_SESSION_CLASS': 'user', 'XDG_SESSION_ID': '142', 'TERM': 'xterm', 'PATH': '/opt/ros/lyrical/bin:/usr/local/sbin:/usr/local/bin:/usr/sbin:/usr/bin:/sbin:/bin:/usr/games:/usr/local/games:/snap/bin', 'XDG_RUNTIME_DIR': '/run/user/1000', 'LANG': 'en_US.UTF-8', 'AMENT_PREFIX_PATH': '/opt/ros/lyrical', 'ROS_DOMAIN_ID': '101', 'SHELL': '/usr/bin/fish', 'ROS_AUTOMATIC_DISCOVERY_RANGE': 'SUBNET', 'LC_ALL': 'en_US.UTF-8', 'PWD': '/home/punished_venom/DroneControls/src/build/photon_flight_liDAR_Collection', 'XDG_DATA_DIRS': '/usr/local/share:/usr/share:/var/lib/snapd/desktop', 'SSH_CONNECTION': '100.70.204.74 51792 100.71.17.45 22', 'PYTHONPATH': '/opt/ros/lyrical/lib/python3.14/site-packages', 'COLCON': '1', 'AMENT_CURRENT_PREFIX': '', 'CMAKE_PREFIX_PATH': '/opt/ros/lyrical'}), 'shell': False}
[1.835209] (photon_flight_servo_imu) JobProgress: {'identifier': 'photon_flight_servo_imu', 'progress': 'cmake'}
[1.838470] (photon_flight_servo_imu) JobProgress: {'identifier': 'photon_flight_servo_imu', 'progress': 'build'}
[1.840534] (photon_flight_servo_imu) Command: {'cmd': ['/usr/bin/cmake', '--build', '/home/punished_venom/DroneControls/src/build/photon_flight_servo_imu', '--', '-j4', '-l4'], 'cwd': '/home/punished_venom/DroneControls/src/build/photon_flight_servo_imu', 'env': OrderedDict({'USER': 'punished_venom', 'SSH_CLIENT': '100.70.204.74 51792 22', 'XDG_SESSION_TYPE': 'tty', 'SHLVL': '1', 'LD_LIBRARY_PATH': '/opt/ros/lyrical/lib/aarch64-linux-gnu:/opt/ros/lyrical/lib', 'HOME': '/home/punished_venom', 'SSH_TTY': '/dev/pts/0', 'ROS_PYTHON_VERSION': '3', 'DBUS_SESSION_BUS_ADDRESS': 'unix:path=/run/user/1000/bus', 'ROS_DISTRO': 'lyrical', 'LOGNAME': 'punished_venom', 'ROS_VERSION': '2', 'XDG_SESSION_CLASS': 'user', 'XDG_SESSION_ID': '142', 'TERM': 'xterm', 'PATH': '/opt/ros/lyrical/bin:/usr/local/sbin:/usr/local/bin:/usr/sbin:/usr/bin:/sbin:/bin:/usr/games:/usr/local/games:/snap/bin', 'XDG_RUNTIME_DIR': '/run/user/1000', 'LANG': 'en_US.UTF-8', 'AMENT_PREFIX_PATH': '/opt/ros/lyrical', 'ROS_DOMAIN_ID': '101', 'SHELL': '/usr/bin/fish', 'ROS_AUTOMATIC_DISCOVERY_RANGE': 'SUBNET', 'LC_ALL': 'en_US.UTF-8', 'PWD': '/home/punished_venom/DroneControls/src/build/photon_flight_servo_imu', 'XDG_DATA_DIRS': '/usr/local/share:/usr/share:/var/lib/snapd/desktop', 'SSH_CONNECTION': '100.70.204.74 51792 100.71.17.45 22', 'PYTHONPATH': '/opt/ros/lyrical/lib/python3.14/site-packages', 'COLCON': '1', 'AMENT_CURRENT_PREFIX': '', 'CMAKE_PREFIX_PATH': '/opt/ros/lyrical'}), 'shell': False}
[1.904554] (photon_flight_liDAR_Collection) StderrLine: {'line': b'\x1b[0mCMake Error: The source directory "/home/punished_venom/DroneControls/src/photon_flight_liDAR_Collection" does not exist.\n'}
[1.906042] (photon_flight_liDAR_Collection) StderrLine: {'line': b'Specify --help for usage, or press the help button on the CMake GUI.\x1b[0m\n'}
[1.911116] (photon_flight_liDAR_Collection) StderrLine: {'line': b'gmake: *** [Makefile:226: cmake_check_build_system] Error 1\n'}
[1.911976] (-) TimerEvent: {}
[1.920125] (photon_flight_liDAR_Collection) CommandEnded: {'returncode': 2}
[1.996745] (photon_flight_liDAR_Collection) JobEnded: {'identifier': 'photon_flight_liDAR_Collection', 'rc': 2}
[2.012161] (-) TimerEvent: {}
[2.025438] (photon_flight_servo_imu) JobEnded: {'identifier': 'photon_flight_servo_imu', 'rc': 'SIGINT'}
[2.112335] (-) TimerEvent: {}
[2.213199] (-) TimerEvent: {}
[2.313995] (-) TimerEvent: {}
[2.414862] (-) TimerEvent: {}
[2.516275] (-) TimerEvent: {}
[2.616885] (-) TimerEvent: {}
[2.717522] (-) TimerEvent: {}
[2.818179] (-) TimerEvent: {}
[2.918931] (-) TimerEvent: {}
[3.019560] (-) TimerEvent: {}
[3.120166] (-) TimerEvent: {}
[3.220773] (-) TimerEvent: {}
[3.321398] (-) TimerEvent: {}
[3.422066] (-) TimerEvent: {}
[3.522739] (-) TimerEvent: {}
[3.623436] (-) TimerEvent: {}
[3.724335] (-) TimerEvent: {}
[3.825932] (-) TimerEvent: {}
[3.927616] (-) TimerEvent: {}
[3.985986] (photon_flight_camera) JobEnded: {'identifier': 'photon_flight_camera', 'rc': 'SIGINT'}
[4.024115] (photon_flight_db_internet) JobEnded: {'identifier': 'photon_flight_db_internet', 'rc': 'SIGINT'}
[4.027731] (-) TimerEvent: {}
[4.036829] (-) EventReactorShutdown: {}
