[0.135s] Invoking command in '/home/punished_venom/DroneControls/src/build/rplidar_ros': CMAKE_PREFIX_PATH=/opt/ros/lyrical /usr/bin/cmake /home/punished_venom/DroneControls/src/rplidar_ros -DAMENT_CMAKE_SYMLINK_INSTALL=1 -DCMAKE_INSTALL_PREFIX=/home/punished_venom/DroneControls/src/install/rplidar_ros
[0.175s] [0mCMake Deprecation Warning at CMakeLists.txt:4 (cmake_minimum_required):
[0.176s]   Compatibility with CMake < 3.10 will be removed from a future version of
[0.176s]   CMake.
[0.176s] 
[0.177s]   Update the VERSION argument <min> value.  Or, use the <min>...<max> syntax
[0.178s]   to tell CMake that the project requires at least <min> but has been updated
[0.179s]   to work with policies introduced by <max> or earlier.
[0.179s] 
[0.180s] [0m
[0.214s] -- Found ament_cmake: 2.8.8 (/opt/ros/lyrical/share/ament_cmake/cmake)
[1.215s] -- Override CMake install command with custom implementation using symlinks instead of copying resources
[1.243s] -- Found rclcpp: 32.0.3 (/opt/ros/lyrical/share/rclcpp/cmake)
[1.350s] -- Found rosidl_generator_c: 5.2.1 (/opt/ros/lyrical/share/rosidl_generator_c/cmake)
[1.374s] -- Found rosidl_generator_cpp: 5.2.1 (/opt/ros/lyrical/share/rosidl_generator_cpp/cmake)
[1.415s] -- Using all available rosidl_typesupport_c: rosidl_typesupport_fastrtps_c;rosidl_typesupport_introspection_c
[1.457s] -- Using all available rosidl_typesupport_cpp: rosidl_typesupport_fastrtps_cpp;rosidl_typesupport_introspection_cpp
[1.692s] -- Found rmw_implementation_cmake: 7.10.2 (/opt/ros/lyrical/share/rmw_implementation_cmake/cmake)
[1.698s] -- Found rmw_fastrtps_cpp: 9.4.10 (/opt/ros/lyrical/share/rmw_fastrtps_cpp/cmake)
[1.813s] -- Using RMW implementation 'rmw_fastrtps_cpp' as default
[2.186s] -- Found sensor_msgs: 5.9.3 (/opt/ros/lyrical/share/sensor_msgs/cmake)
[2.518s] -- Found std_srvs: 5.9.3 (/opt/ros/lyrical/share/std_srvs/cmake)
[2.589s] [31mCMake Error at CMakeLists.txt:61 (ament_target_dependencies):
[2.590s]   Unknown CMake command "ament_target_dependencies".
[2.590s] 
[2.593s] [0m
[2.596s] -- Configuring incomplete, errors occurred!
[2.615s] Invoked command in '/home/punished_venom/DroneControls/src/build/rplidar_ros' returned '1': CMAKE_PREFIX_PATH=/opt/ros/lyrical /usr/bin/cmake /home/punished_venom/DroneControls/src/rplidar_ros -DAMENT_CMAKE_SYMLINK_INSTALL=1 -DCMAKE_INSTALL_PREFIX=/home/punished_venom/DroneControls/src/install/rplidar_ros
