[0.249s] Invoking command in '/home/punished_venom/DroneControls/src/build/sllidar_ros2': CMAKE_PREFIX_PATH=/opt/ros/lyrical /usr/bin/cmake /home/punished_venom/DroneControls/src/sllidar_ros2 -DAMENT_CMAKE_SYMLINK_INSTALL=1 -DCMAKE_INSTALL_PREFIX=/home/punished_venom/DroneControls/src/install/sllidar_ros2
[0.320s] [0mCMake Deprecation Warning at CMakeLists.txt:4 (cmake_minimum_required):
[0.325s]   Compatibility with CMake < 3.10 will be removed from a future version of
[0.326s]   CMake.
[0.332s] 
[0.334s]   Update the VERSION argument <min> value.  Or, use the <min>...<max> syntax
[0.337s]   to tell CMake that the project requires at least <min> but has been updated
[0.339s]   to work with policies introduced by <max> or earlier.
[0.341s] 
[0.344s] [0m
[0.653s] -- The C compiler identification is GNU 15.2.0
[0.990s] -- The CXX compiler identification is GNU 15.2.0
[1.025s] -- Detecting C compiler ABI info
[1.391s] -- Detecting C compiler ABI info - done
[1.459s] -- Check for working C compiler: /usr/bin/cc - skipped
[1.460s] -- Detecting C compile features
[1.462s] -- Detecting C compile features - done
[1.511s] -- Detecting CXX compiler ABI info
[1.914s] -- Detecting CXX compiler ABI info - done
[2.013s] -- Check for working CXX compiler: /usr/bin/c++ - skipped
[2.019s] -- Detecting CXX compile features
[2.038s] -- Detecting CXX compile features - done
[2.122s] -- Found ament_cmake: 2.8.8 (/opt/ros/lyrical/share/ament_cmake/cmake)
[3.267s] -- Override CMake install command with custom implementation using symlinks instead of copying resources
[3.383s] -- Found rclcpp: 32.0.3 (/opt/ros/lyrical/share/rclcpp/cmake)
[3.510s] -- Found rosidl_generator_c: 5.2.1 (/opt/ros/lyrical/share/rosidl_generator_c/cmake)
[3.547s] -- Found rosidl_generator_cpp: 5.2.1 (/opt/ros/lyrical/share/rosidl_generator_cpp/cmake)
[3.604s] -- Using all available rosidl_typesupport_c: rosidl_typesupport_fastrtps_c;rosidl_typesupport_introspection_c
[3.659s] -- Using all available rosidl_typesupport_cpp: rosidl_typesupport_fastrtps_cpp;rosidl_typesupport_introspection_cpp
[3.937s] -- Found rmw_implementation_cmake: 7.10.2 (/opt/ros/lyrical/share/rmw_implementation_cmake/cmake)
[3.946s] -- Found rmw_fastrtps_cpp: 9.4.10 (/opt/ros/lyrical/share/rmw_fastrtps_cpp/cmake)
[4.094s] -- Using RMW implementation 'rmw_fastrtps_cpp' as default
[4.379s] -- Found sensor_msgs: 5.9.3 (/opt/ros/lyrical/share/sensor_msgs/cmake)
[4.626s] -- Found std_srvs: 5.9.3 (/opt/ros/lyrical/share/std_srvs/cmake)
[4.693s] [31mCMake Error at CMakeLists.txt:50 (ament_target_dependencies):
[4.695s]   Unknown CMake command "ament_target_dependencies".
[4.697s] 
[4.699s] [0m
[4.702s] -- Configuring incomplete, errors occurred!
[4.727s] Invoked command in '/home/punished_venom/DroneControls/src/build/sllidar_ros2' returned '1': CMAKE_PREFIX_PATH=/opt/ros/lyrical /usr/bin/cmake /home/punished_venom/DroneControls/src/sllidar_ros2 -DAMENT_CMAKE_SYMLINK_INSTALL=1 -DCMAKE_INSTALL_PREFIX=/home/punished_venom/DroneControls/src/install/sllidar_ros2
