[0.000000] (-) TimerEvent: {}
[0.000648] (photon_flight_camera) JobQueued: {'identifier': 'photon_flight_camera', 'dependencies': OrderedDict()}
[0.001225] (photon_flight_db_internet) JobQueued: {'identifier': 'photon_flight_db_internet', 'dependencies': OrderedDict()}
[0.001504] (photon_flight_liDAR_Collection) JobQueued: {'identifier': 'photon_flight_liDAR_Collection', 'dependencies': OrderedDict()}
[0.002464] (photon_flight_servo_imu) JobQueued: {'identifier': 'photon_flight_servo_imu', 'dependencies': OrderedDict()}
[0.002918] (photon_flight_camera) JobStarted: {'identifier': 'photon_flight_camera'}
[0.032719] (photon_flight_db_internet) JobStarted: {'identifier': 'photon_flight_db_internet'}
[0.054827] (photon_flight_liDAR_Collection) JobStarted: {'identifier': 'photon_flight_liDAR_Collection'}
[0.067456] (photon_flight_servo_imu) JobStarted: {'identifier': 'photon_flight_servo_imu'}
[0.099340] (-) TimerEvent: {}
[0.200193] (-) TimerEvent: {}
[0.300792] (-) TimerEvent: {}
[0.401477] (-) TimerEvent: {}
[0.502269] (-) TimerEvent: {}
[0.603524] (-) TimerEvent: {}
[0.704106] (-) TimerEvent: {}
[0.804848] (-) TimerEvent: {}
[0.905935] (-) TimerEvent: {}
[1.006733] (-) TimerEvent: {}
[1.107391] (-) TimerEvent: {}
[1.208018] (-) TimerEvent: {}
[1.308909] (-) TimerEvent: {}
[1.409958] (-) TimerEvent: {}
[1.510622] (-) TimerEvent: {}
[1.611201] (-) TimerEvent: {}
[1.711978] (-) TimerEvent: {}
[1.813288] (-) TimerEvent: {}
[1.820617] (photon_flight_liDAR_Collection) JobProgress: {'identifier': 'photon_flight_liDAR_Collection', 'progress': 'cmake'}
[1.823481] (photon_flight_liDAR_Collection) JobProgress: {'identifier': 'photon_flight_liDAR_Collection', 'progress': 'build'}
[1.826247] (photon_flight_liDAR_Collection) Command: {'cmd': ['/usr/bin/cmake', '--build', '/home/punished_venom/DroneControls/src/build/photon_flight_liDAR_Collection', '--', '-j4', '-l4'], 'cwd': '/home/punished_venom/DroneControls/src/build/photon_flight_liDAR_Collection', 'env': OrderedDict({'SSH_CLIENT': '100.70.204.74 51792 22', 'USER': 'punished_venom', 'XDG_SESSION_TYPE': 'tty', 'SHLVL': '1', 'LD_LIBRARY_PATH': '/opt/ros/lyrical/lib/aarch64-linux-gnu:/opt/ros/lyrical/lib', 'HOME': '/home/punished_venom', 'SSH_TTY': '/dev/pts/0', 'ROS_PYTHON_VERSION': '3', 'DBUS_SESSION_BUS_ADDRESS': 'unix:path=/run/user/1000/bus', 'ROS_DISTRO': 'lyrical', 'LOGNAME': 'punished_venom', 'ROS_VERSION': '2', 'XDG_SESSION_CLASS': 'user', 'XDG_SESSION_ID': '142', 'TERM': 'xterm', 'PATH': '/opt/ros/lyrical/bin:/usr/local/sbin:/usr/local/bin:/usr/sbin:/usr/bin:/sbin:/bin:/usr/games:/usr/local/games:/snap/bin', 'XDG_RUNTIME_DIR': '/run/user/1000', 'LANG': 'en_US.UTF-8', 'ROS_DOMAIN_ID': '101', 'AMENT_PREFIX_PATH': '/opt/ros/lyrical', 'SHELL': '/usr/bin/fish', 'ROS_AUTOMATIC_DISCOVERY_RANGE': 'SUBNET', 'PWD': '/home/punished_venom/DroneControls/src/build/photon_flight_liDAR_Collection', 'LC_ALL': 'en_US.UTF-8', 'XDG_DATA_DIRS': '/usr/local/share:/usr/share:/var/lib/snapd/desktop', 'SSH_CONNECTION': '100.70.204.74 51792 100.71.17.45 22', 'PYTHONPATH': '/opt/ros/lyrical/lib/python3.14/site-packages', 'COLCON': '1', 'AMENT_CURRENT_PREFIX': '', 'CMAKE_PREFIX_PATH': '/opt/ros/lyrical'}), 'shell': False}
[1.842328] (photon_flight_servo_imu) JobProgress: {'identifier': 'photon_flight_servo_imu', 'progress': 'cmake'}
[1.845278] (photon_flight_servo_imu) JobProgress: {'identifier': 'photon_flight_servo_imu', 'progress': 'build'}
[1.846196] (photon_flight_servo_imu) Command: {'cmd': ['/usr/bin/cmake', '--build', '/home/punished_venom/DroneControls/src/build/photon_flight_servo_imu', '--', '-j4', '-l4'], 'cwd': '/home/punished_venom/DroneControls/src/build/photon_flight_servo_imu', 'env': OrderedDict({'SSH_CLIENT': '100.70.204.74 51792 22', 'USER': 'punished_venom', 'XDG_SESSION_TYPE': 'tty', 'SHLVL': '1', 'LD_LIBRARY_PATH': '/opt/ros/lyrical/lib/aarch64-linux-gnu:/opt/ros/lyrical/lib', 'HOME': '/home/punished_venom', 'SSH_TTY': '/dev/pts/0', 'ROS_PYTHON_VERSION': '3', 'DBUS_SESSION_BUS_ADDRESS': 'unix:path=/run/user/1000/bus', 'ROS_DISTRO': 'lyrical', 'LOGNAME': 'punished_venom', 'ROS_VERSION': '2', 'XDG_SESSION_CLASS': 'user', 'XDG_SESSION_ID': '142', 'TERM': 'xterm', 'PATH': '/opt/ros/lyrical/bin:/usr/local/sbin:/usr/local/bin:/usr/sbin:/usr/bin:/sbin:/bin:/usr/games:/usr/local/games:/snap/bin', 'XDG_RUNTIME_DIR': '/run/user/1000', 'LANG': 'en_US.UTF-8', 'ROS_DOMAIN_ID': '101', 'AMENT_PREFIX_PATH': '/opt/ros/lyrical', 'SHELL': '/usr/bin/fish', 'ROS_AUTOMATIC_DISCOVERY_RANGE': 'SUBNET', 'PWD': '/home/punished_venom/DroneControls/src/build/photon_flight_servo_imu', 'LC_ALL': 'en_US.UTF-8', 'XDG_DATA_DIRS': '/usr/local/share:/usr/share:/var/lib/snapd/desktop', 'SSH_CONNECTION': '100.70.204.74 51792 100.71.17.45 22', 'PYTHONPATH': '/opt/ros/lyrical/lib/python3.14/site-packages', 'COLCON': '1', 'AMENT_CURRENT_PREFIX': '', 'CMAKE_PREFIX_PATH': '/opt/ros/lyrical'}), 'shell': False}
[1.915272] (-) TimerEvent: {}
[2.006379] (photon_flight_liDAR_Collection) CommandEnded: {'returncode': 0}
[2.016964] (-) TimerEvent: {}
[2.017802] (photon_flight_liDAR_Collection) JobProgress: {'identifier': 'photon_flight_liDAR_Collection', 'progress': 'install'}
[2.060220] (photon_flight_liDAR_Collection) Command: {'cmd': ['/usr/bin/cmake', '--install', '/home/punished_venom/DroneControls/src/build/photon_flight_liDAR_Collection'], 'cwd': '/home/punished_venom/DroneControls/src/build/photon_flight_liDAR_Collection', 'env': OrderedDict({'SSH_CLIENT': '100.70.204.74 51792 22', 'USER': 'punished_venom', 'XDG_SESSION_TYPE': 'tty', 'SHLVL': '1', 'LD_LIBRARY_PATH': '/opt/ros/lyrical/lib/aarch64-linux-gnu:/opt/ros/lyrical/lib', 'HOME': '/home/punished_venom', 'SSH_TTY': '/dev/pts/0', 'ROS_PYTHON_VERSION': '3', 'DBUS_SESSION_BUS_ADDRESS': 'unix:path=/run/user/1000/bus', 'ROS_DISTRO': 'lyrical', 'LOGNAME': 'punished_venom', 'ROS_VERSION': '2', 'XDG_SESSION_CLASS': 'user', 'XDG_SESSION_ID': '142', 'TERM': 'xterm', 'PATH': '/opt/ros/lyrical/bin:/usr/local/sbin:/usr/local/bin:/usr/sbin:/usr/bin:/sbin:/bin:/usr/games:/usr/local/games:/snap/bin', 'XDG_RUNTIME_DIR': '/run/user/1000', 'LANG': 'en_US.UTF-8', 'ROS_DOMAIN_ID': '101', 'AMENT_PREFIX_PATH': '/opt/ros/lyrical', 'SHELL': '/usr/bin/fish', 'ROS_AUTOMATIC_DISCOVERY_RANGE': 'SUBNET', 'PWD': '/home/punished_venom/DroneControls/src/build/photon_flight_liDAR_Collection', 'LC_ALL': 'en_US.UTF-8', 'XDG_DATA_DIRS': '/usr/local/share:/usr/share:/var/lib/snapd/desktop', 'SSH_CONNECTION': '100.70.204.74 51792 100.71.17.45 22', 'PYTHONPATH': '/opt/ros/lyrical/lib/python3.14/site-packages', 'COLCON': '1', 'AMENT_CURRENT_PREFIX': '', 'CMAKE_PREFIX_PATH': '/opt/ros/lyrical'}), 'shell': False}
[2.068507] (photon_flight_servo_imu) CommandEnded: {'returncode': 0}
[2.073467] (photon_flight_servo_imu) JobProgress: {'identifier': 'photon_flight_servo_imu', 'progress': 'install'}
[2.073937] (photon_flight_servo_imu) Command: {'cmd': ['/usr/bin/cmake', '--install', '/home/punished_venom/DroneControls/src/build/photon_flight_servo_imu'], 'cwd': '/home/punished_venom/DroneControls/src/build/photon_flight_servo_imu', 'env': OrderedDict({'SSH_CLIENT': '100.70.204.74 51792 22', 'USER': 'punished_venom', 'XDG_SESSION_TYPE': 'tty', 'SHLVL': '1', 'LD_LIBRARY_PATH': '/opt/ros/lyrical/lib/aarch64-linux-gnu:/opt/ros/lyrical/lib', 'HOME': '/home/punished_venom', 'SSH_TTY': '/dev/pts/0', 'ROS_PYTHON_VERSION': '3', 'DBUS_SESSION_BUS_ADDRESS': 'unix:path=/run/user/1000/bus', 'ROS_DISTRO': 'lyrical', 'LOGNAME': 'punished_venom', 'ROS_VERSION': '2', 'XDG_SESSION_CLASS': 'user', 'XDG_SESSION_ID': '142', 'TERM': 'xterm', 'PATH': '/opt/ros/lyrical/bin:/usr/local/sbin:/usr/local/bin:/usr/sbin:/usr/bin:/sbin:/bin:/usr/games:/usr/local/games:/snap/bin', 'XDG_RUNTIME_DIR': '/run/user/1000', 'LANG': 'en_US.UTF-8', 'ROS_DOMAIN_ID': '101', 'AMENT_PREFIX_PATH': '/opt/ros/lyrical', 'SHELL': '/usr/bin/fish', 'ROS_AUTOMATIC_DISCOVERY_RANGE': 'SUBNET', 'PWD': '/home/punished_venom/DroneControls/src/build/photon_flight_servo_imu', 'LC_ALL': 'en_US.UTF-8', 'XDG_DATA_DIRS': '/usr/local/share:/usr/share:/var/lib/snapd/desktop', 'SSH_CONNECTION': '100.70.204.74 51792 100.71.17.45 22', 'PYTHONPATH': '/opt/ros/lyrical/lib/python3.14/site-packages', 'COLCON': '1', 'AMENT_CURRENT_PREFIX': '', 'CMAKE_PREFIX_PATH': '/opt/ros/lyrical'}), 'shell': False}
[2.099432] (photon_flight_liDAR_Collection) StdoutLine: {'line': b'-- Install configuration: ""\n'}
[2.104271] (photon_flight_liDAR_Collection) StdoutLine: {'line': b'-- Execute custom install script\n'}
[2.109019] (photon_flight_liDAR_Collection) StdoutLine: {'line': b'-- Up-to-date symlink: /home/punished_venom/DroneControls/src/install/photon_flight_liDAR_Collection/share/ament_index/resource_index/package_run_dependencies/photon_flight_liDAR_Collection\n'}
[2.112004] (photon_flight_liDAR_Collection) StdoutLine: {'line': b'-- Up-to-date symlink: /home/punished_venom/DroneControls/src/install/photon_flight_liDAR_Collection/share/ament_index/resource_index/parent_prefix_path/photon_flight_liDAR_Collection\n'}
[2.116439] (photon_flight_liDAR_Collection) StdoutLine: {'line': b'-- Up-to-date symlink: /home/punished_venom/DroneControls/src/install/photon_flight_liDAR_Collection/share/photon_flight_liDAR_Collection/environment/ament_prefix_path.sh\n'}
[2.119323] (-) TimerEvent: {}
[2.120005] (photon_flight_liDAR_Collection) StdoutLine: {'line': b'-- Up-to-date symlink: /home/punished_venom/DroneControls/src/install/photon_flight_liDAR_Collection/share/photon_flight_liDAR_Collection/environment/ament_prefix_path.dsv\n'}
[2.127390] (photon_flight_liDAR_Collection) StdoutLine: {'line': b'-- Up-to-date symlink: /home/punished_venom/DroneControls/src/install/photon_flight_liDAR_Collection/share/photon_flight_liDAR_Collection/environment/path.sh\n'}
[2.129749] (photon_flight_liDAR_Collection) StdoutLine: {'line': b'-- Up-to-date symlink: /home/punished_venom/DroneControls/src/install/photon_flight_liDAR_Collection/share/photon_flight_liDAR_Collection/environment/path.dsv\n'}
[2.131781] (photon_flight_liDAR_Collection) StdoutLine: {'line': b'-- Up-to-date symlink: /home/punished_venom/DroneControls/src/install/photon_flight_liDAR_Collection/share/photon_flight_liDAR_Collection/local_setup.bash\n'}
[2.133924] (photon_flight_liDAR_Collection) StdoutLine: {'line': b'-- Up-to-date symlink: /home/punished_venom/DroneControls/src/install/photon_flight_liDAR_Collection/share/photon_flight_liDAR_Collection/local_setup.fish\n'}
[2.135919] (photon_flight_liDAR_Collection) StdoutLine: {'line': b'-- Up-to-date symlink: /home/punished_venom/DroneControls/src/install/photon_flight_liDAR_Collection/share/photon_flight_liDAR_Collection/local_setup.sh\n'}
[2.137787] (photon_flight_liDAR_Collection) StdoutLine: {'line': b'-- Up-to-date symlink: /home/punished_venom/DroneControls/src/install/photon_flight_liDAR_Collection/share/photon_flight_liDAR_Collection/local_setup.zsh\n'}
[2.139891] (photon_flight_liDAR_Collection) StdoutLine: {'line': b'-- Up-to-date symlink: /home/punished_venom/DroneControls/src/install/photon_flight_liDAR_Collection/share/photon_flight_liDAR_Collection/local_setup.dsv\n'}
[2.142483] (photon_flight_liDAR_Collection) StdoutLine: {'line': b'-- Symlinking: /home/punished_venom/DroneControls/src/install/photon_flight_liDAR_Collection/share/photon_flight_liDAR_Collection/package.dsv\n'}
[2.144695] (photon_flight_servo_imu) StdoutLine: {'line': b'-- Install configuration: ""\n'}
[2.147059] (photon_flight_servo_imu) StdoutLine: {'line': b'-- Execute custom install script\n'}
[2.150381] (photon_flight_servo_imu) StdoutLine: {'line': b'-- Up-to-date symlink: /home/punished_venom/DroneControls/src/install/photon_flight_servo_imu/share/ament_index/resource_index/package_run_dependencies/photon_flight_servo_imu\n'}
[2.152484] (photon_flight_servo_imu) StdoutLine: {'line': b'-- Up-to-date symlink: /home/punished_venom/DroneControls/src/install/photon_flight_servo_imu/share/ament_index/resource_index/parent_prefix_path/photon_flight_servo_imu\n'}
[2.154416] (photon_flight_servo_imu) StdoutLine: {'line': b'-- Up-to-date symlink: /home/punished_venom/DroneControls/src/install/photon_flight_servo_imu/share/photon_flight_servo_imu/environment/ament_prefix_path.sh\n'}
[2.156943] (photon_flight_servo_imu) StdoutLine: {'line': b'-- Up-to-date symlink: /home/punished_venom/DroneControls/src/install/photon_flight_servo_imu/share/photon_flight_servo_imu/environment/ament_prefix_path.dsv\n'}
[2.159795] (photon_flight_servo_imu) StdoutLine: {'line': b'-- Up-to-date symlink: /home/punished_venom/DroneControls/src/install/photon_flight_servo_imu/share/photon_flight_servo_imu/environment/path.sh\n'}
[2.161933] (photon_flight_servo_imu) StdoutLine: {'line': b'-- Up-to-date symlink: /home/punished_venom/DroneControls/src/install/photon_flight_servo_imu/share/photon_flight_servo_imu/environment/path.dsv\n'}
[2.163761] (photon_flight_servo_imu) StdoutLine: {'line': b'-- Up-to-date symlink: /home/punished_venom/DroneControls/src/install/photon_flight_servo_imu/share/photon_flight_servo_imu/local_setup.bash\n'}
[2.166119] (photon_flight_servo_imu) StdoutLine: {'line': b'-- Up-to-date symlink: /home/punished_venom/DroneControls/src/install/photon_flight_servo_imu/share/photon_flight_servo_imu/local_setup.fish\n'}
[2.168805] (photon_flight_servo_imu) StdoutLine: {'line': b'-- Up-to-date symlink: /home/punished_venom/DroneControls/src/install/photon_flight_servo_imu/share/photon_flight_servo_imu/local_setup.sh\n'}
[2.170790] (photon_flight_servo_imu) StdoutLine: {'line': b'-- Up-to-date symlink: /home/punished_venom/DroneControls/src/install/photon_flight_servo_imu/share/photon_flight_servo_imu/local_setup.zsh\n'}
[2.172613] (photon_flight_servo_imu) StdoutLine: {'line': b'-- Up-to-date symlink: /home/punished_venom/DroneControls/src/install/photon_flight_servo_imu/share/photon_flight_servo_imu/local_setup.dsv\n'}
[2.174907] (photon_flight_servo_imu) StdoutLine: {'line': b'-- Symlinking: /home/punished_venom/DroneControls/src/install/photon_flight_servo_imu/share/photon_flight_servo_imu/package.dsv\n'}
[2.191322] (photon_flight_liDAR_Collection) StdoutLine: {'line': b'-- Up-to-date symlink: /home/punished_venom/DroneControls/src/install/photon_flight_liDAR_Collection/share/ament_index/resource_index/packages/photon_flight_liDAR_Collection\n'}
[2.197262] (photon_flight_servo_imu) StdoutLine: {'line': b'-- Up-to-date symlink: /home/punished_venom/DroneControls/src/install/photon_flight_servo_imu/share/ament_index/resource_index/packages/photon_flight_servo_imu\n'}
[2.202507] (photon_flight_servo_imu) StdoutLine: {'line': b'-- Up-to-date symlink: /home/punished_venom/DroneControls/src/install/photon_flight_servo_imu/share/photon_flight_servo_imu/cmake/photon_flight_servo_imuConfig.cmake\n'}
[2.204804] (photon_flight_servo_imu) StdoutLine: {'line': b'-- Up-to-date symlink: /home/punished_venom/DroneControls/src/install/photon_flight_servo_imu/share/photon_flight_servo_imu/cmake/photon_flight_servo_imuConfig-version.cmake\n'}
[2.206393] (photon_flight_liDAR_Collection) StdoutLine: {'line': b'-- Up-to-date symlink: /home/punished_venom/DroneControls/src/install/photon_flight_liDAR_Collection/share/photon_flight_liDAR_Collection/cmake/photon_flight_liDAR_CollectionConfig.cmake\n'}
[2.208192] (photon_flight_servo_imu) StdoutLine: {'line': b'-- Up-to-date symlink: /home/punished_venom/DroneControls/src/install/photon_flight_servo_imu/share/photon_flight_servo_imu/package.xml\n'}
[2.210042] (photon_flight_liDAR_Collection) StdoutLine: {'line': b'-- Up-to-date symlink: /home/punished_venom/DroneControls/src/install/photon_flight_liDAR_Collection/share/photon_flight_liDAR_Collection/cmake/photon_flight_liDAR_CollectionConfig-version.cmake\n'}
[2.211110] (photon_flight_liDAR_Collection) StdoutLine: {'line': b'-- Up-to-date symlink: /home/punished_venom/DroneControls/src/install/photon_flight_liDAR_Collection/share/photon_flight_liDAR_Collection/package.xml\n'}
[2.212119] (photon_flight_servo_imu) CommandEnded: {'returncode': 0}
[2.219698] (-) TimerEvent: {}
[2.321214] (-) TimerEvent: {}
[2.333988] (photon_flight_servo_imu) JobEnded: {'identifier': 'photon_flight_servo_imu', 'rc': 0}
[2.339825] (photon_flight_liDAR_Collection) CommandEnded: {'returncode': 0}
[2.421483] (-) TimerEvent: {}
[2.441509] (photon_flight_liDAR_Collection) JobEnded: {'identifier': 'photon_flight_liDAR_Collection', 'rc': 0}
[2.521648] (-) TimerEvent: {}
[2.623245] (-) TimerEvent: {}
[2.723899] (-) TimerEvent: {}
[2.824535] (-) TimerEvent: {}
[2.925182] (-) TimerEvent: {}
[3.026141] (-) TimerEvent: {}
[3.126739] (-) TimerEvent: {}
[3.227339] (-) TimerEvent: {}
[3.327933] (-) TimerEvent: {}
[3.428546] (-) TimerEvent: {}
[3.529165] (-) TimerEvent: {}
[3.629760] (-) TimerEvent: {}
[3.730366] (-) TimerEvent: {}
[3.831192] (-) TimerEvent: {}
[3.932640] (-) TimerEvent: {}
[4.034036] (-) TimerEvent: {}
[4.135308] (-) TimerEvent: {}
[4.236201] (-) TimerEvent: {}
[4.336890] (-) TimerEvent: {}
[4.437554] (-) TimerEvent: {}
[4.538573] (-) TimerEvent: {}
[4.639577] (-) TimerEvent: {}
[4.740180] (-) TimerEvent: {}
[4.840774] (-) TimerEvent: {}
[4.941371] (-) TimerEvent: {}
[5.042137] (-) TimerEvent: {}
[5.142847] (-) TimerEvent: {}
[5.243544] (-) TimerEvent: {}
[5.344703] (-) TimerEvent: {}
[5.446361] (-) TimerEvent: {}
[5.488678] (photon_flight_camera) Command: {'cmd': ['/usr/bin/python3', '-W', 'ignore:setup.py install is deprecated', '-W', 'ignore:easy_install command is deprecated', 'setup.py', 'develop', '--editable', '--build-directory', '/home/punished_venom/DroneControls/src/build/photon_flight_camera/build', '--no-deps', 'symlink_data'], 'cwd': '/home/punished_venom/DroneControls/src/build/photon_flight_camera', 'env': OrderedDict({'SSH_CLIENT': '100.70.204.74 51792 22', 'USER': 'punished_venom', 'XDG_SESSION_TYPE': 'tty', 'SHLVL': '1', 'LD_LIBRARY_PATH': '/opt/ros/lyrical/lib/aarch64-linux-gnu:/opt/ros/lyrical/lib', 'HOME': '/home/punished_venom', 'SSH_TTY': '/dev/pts/0', 'ROS_PYTHON_VERSION': '3', 'DBUS_SESSION_BUS_ADDRESS': 'unix:path=/run/user/1000/bus', 'ROS_DISTRO': 'lyrical', 'LOGNAME': 'punished_venom', 'ROS_VERSION': '2', 'XDG_SESSION_CLASS': 'user', 'XDG_SESSION_ID': '142', 'TERM': 'xterm', 'PATH': '/opt/ros/lyrical/bin:/usr/local/sbin:/usr/local/bin:/usr/sbin:/usr/bin:/sbin:/bin:/usr/games:/usr/local/games:/snap/bin', 'XDG_RUNTIME_DIR': '/run/user/1000', 'LANG': 'en_US.UTF-8', 'ROS_DOMAIN_ID': '101', 'AMENT_PREFIX_PATH': '/opt/ros/lyrical', 'SHELL': '/usr/bin/fish', 'ROS_AUTOMATIC_DISCOVERY_RANGE': 'SUBNET', 'PWD': '/home/punished_venom/DroneControls/src/build/photon_flight_camera', 'LC_ALL': 'en_US.UTF-8', 'XDG_DATA_DIRS': '/usr/local/share:/usr/share:/var/lib/snapd/desktop', 'SSH_CONNECTION': '100.70.204.74 51792 100.71.17.45 22', 'PYTHONPATH': '/home/punished_venom/DroneControls/src/build/photon_flight_camera/prefix_override:/usr/lib/python3/dist-packages/colcon_core/task/python/colcon_distutils_commands:/home/punished_venom/DroneControls/src/install/photon_flight_camera/lib/python3.14/site-packages:/opt/ros/lyrical/lib/python3.14/site-packages', 'COLCON': '1', 'AMENT_CURRENT_PREFIX': ''}), 'shell': False}
[5.515754] (photon_flight_db_internet) Command: {'cmd': ['/usr/bin/python3', '-W', 'ignore:setup.py install is deprecated', '-W', 'ignore:easy_install command is deprecated', 'setup.py', 'develop', '--editable', '--build-directory', '/home/punished_venom/DroneControls/src/build/photon_flight_db_internet/build', '--no-deps', 'symlink_data'], 'cwd': '/home/punished_venom/DroneControls/src/build/photon_flight_db_internet', 'env': OrderedDict({'SSH_CLIENT': '100.70.204.74 51792 22', 'USER': 'punished_venom', 'XDG_SESSION_TYPE': 'tty', 'SHLVL': '1', 'LD_LIBRARY_PATH': '/opt/ros/lyrical/lib/aarch64-linux-gnu:/opt/ros/lyrical/lib', 'HOME': '/home/punished_venom', 'SSH_TTY': '/dev/pts/0', 'ROS_PYTHON_VERSION': '3', 'DBUS_SESSION_BUS_ADDRESS': 'unix:path=/run/user/1000/bus', 'ROS_DISTRO': 'lyrical', 'LOGNAME': 'punished_venom', 'ROS_VERSION': '2', 'XDG_SESSION_CLASS': 'user', 'XDG_SESSION_ID': '142', 'TERM': 'xterm', 'PATH': '/opt/ros/lyrical/bin:/usr/local/sbin:/usr/local/bin:/usr/sbin:/usr/bin:/sbin:/bin:/usr/games:/usr/local/games:/snap/bin', 'XDG_RUNTIME_DIR': '/run/user/1000', 'LANG': 'en_US.UTF-8', 'ROS_DOMAIN_ID': '101', 'AMENT_PREFIX_PATH': '/opt/ros/lyrical', 'SHELL': '/usr/bin/fish', 'ROS_AUTOMATIC_DISCOVERY_RANGE': 'SUBNET', 'PWD': '/home/punished_venom/DroneControls/src/build/photon_flight_db_internet', 'LC_ALL': 'en_US.UTF-8', 'XDG_DATA_DIRS': '/usr/local/share:/usr/share:/var/lib/snapd/desktop', 'SSH_CONNECTION': '100.70.204.74 51792 100.71.17.45 22', 'PYTHONPATH': '/home/punished_venom/DroneControls/src/build/photon_flight_db_internet/prefix_override:/usr/lib/python3/dist-packages/colcon_core/task/python/colcon_distutils_commands:/home/punished_venom/DroneControls/src/install/photon_flight_db_internet/lib/python3.14/site-packages:/opt/ros/lyrical/lib/python3.14/site-packages', 'COLCON': '1', 'AMENT_CURRENT_PREFIX': ''}), 'shell': False}
[5.546526] (-) TimerEvent: {}
[5.647174] (-) TimerEvent: {}
[5.747808] (-) TimerEvent: {}
[5.848482] (-) TimerEvent: {}
[5.949267] (-) TimerEvent: {}
[6.049877] (-) TimerEvent: {}
[6.150495] (-) TimerEvent: {}
[6.251065] (-) TimerEvent: {}
[6.351666] (-) TimerEvent: {}
[6.452302] (-) TimerEvent: {}
[6.552948] (-) TimerEvent: {}
[6.653578] (-) TimerEvent: {}
[6.720028] (photon_flight_camera) StdoutLine: {'line': b'running develop\n'}
[6.753732] (-) TimerEvent: {}
[6.773266] (photon_flight_db_internet) StdoutLine: {'line': b'running develop\n'}
[6.853887] (-) TimerEvent: {}
[6.954484] (-) TimerEvent: {}
[7.055065] (-) TimerEvent: {}
[7.155656] (-) TimerEvent: {}
[7.256213] (-) TimerEvent: {}
[7.356787] (-) TimerEvent: {}
[7.360071] (photon_flight_camera) StdoutLine: {'line': b'running egg_info\n'}
[7.432847] (photon_flight_db_internet) StdoutLine: {'line': b'running egg_info\n'}
[7.435856] (photon_flight_camera) StdoutLine: {'line': b'writing photon_flight_camera.egg-info/PKG-INFO\n'}
[7.438216] (photon_flight_camera) StdoutLine: {'line': b'writing dependency_links to photon_flight_camera.egg-info/dependency_links.txt\n'}
[7.442493] (photon_flight_camera) StdoutLine: {'line': b'writing requirements to photon_flight_camera.egg-info/requires.txt\n'}
[7.443405] (photon_flight_camera) StdoutLine: {'line': b'writing top-level names to photon_flight_camera.egg-info/top_level.txt\n'}
[7.456921] (-) TimerEvent: {}
[7.508239] (photon_flight_db_internet) StdoutLine: {'line': b'writing photon_flight_db_internet.egg-info/PKG-INFO\n'}
[7.510607] (photon_flight_db_internet) StdoutLine: {'line': b'writing dependency_links to photon_flight_db_internet.egg-info/dependency_links.txt\n'}
[7.512318] (photon_flight_db_internet) StdoutLine: {'line': b'writing requirements to photon_flight_db_internet.egg-info/requires.txt\n'}
[7.512997] (photon_flight_db_internet) StdoutLine: {'line': b'writing top-level names to photon_flight_db_internet.egg-info/top_level.txt\n'}
[7.557072] (-) TimerEvent: {}
[7.587533] (photon_flight_camera) StdoutLine: {'line': b"reading manifest file 'photon_flight_camera.egg-info/SOURCES.txt'\n"}
[7.591229] (photon_flight_camera) StdoutLine: {'line': b"writing manifest file 'photon_flight_camera.egg-info/SOURCES.txt'\n"}
[7.657431] (-) TimerEvent: {}
[7.665922] (photon_flight_db_internet) StdoutLine: {'line': b"reading manifest file 'photon_flight_db_internet.egg-info/SOURCES.txt'\n"}
[7.670409] (photon_flight_db_internet) StdoutLine: {'line': b"writing manifest file 'photon_flight_db_internet.egg-info/SOURCES.txt'\n"}
[7.671047] (photon_flight_camera) StdoutLine: {'line': b'running build_ext\n'}
[7.671603] (photon_flight_camera) StdoutLine: {'line': b'Creating /home/punished_venom/DroneControls/src/install/photon_flight_camera/lib/python3.14/site-packages/photon-flight-camera.egg-link (link to .)\n'}
[7.675507] (photon_flight_camera) StdoutLine: {'line': b'\n'}
[7.676135] (photon_flight_camera) StdoutLine: {'line': b'Installed /home/punished_venom/DroneControls/src/build/photon_flight_camera\n'}
[7.677861] (photon_flight_camera) StdoutLine: {'line': b'running symlink_data\n'}
[7.757965] (-) TimerEvent: {}
[7.860159] (-) TimerEvent: {}
[7.871687] (photon_flight_db_internet) StdoutLine: {'line': b'running build_ext\n'}
[7.873256] (photon_flight_db_internet) StdoutLine: {'line': b'Creating /home/punished_venom/DroneControls/src/install/photon_flight_db_internet/lib/python3.14/site-packages/photon-flight-db-internet.egg-link (link to .)\n'}
[7.878316] (photon_flight_db_internet) StdoutLine: {'line': b'\n'}
[7.879122] (photon_flight_db_internet) StdoutLine: {'line': b'Installed /home/punished_venom/DroneControls/src/build/photon_flight_db_internet\n'}
[7.879565] (photon_flight_db_internet) StdoutLine: {'line': b'running symlink_data\n'}
[7.886569] (photon_flight_camera) CommandEnded: {'returncode': 0}
[7.960575] (-) TimerEvent: {}
[7.978138] (photon_flight_camera) JobEnded: {'identifier': 'photon_flight_camera', 'rc': 0}
[8.060996] (-) TimerEvent: {}
[8.076827] (photon_flight_db_internet) CommandEnded: {'returncode': 0}
[8.116567] (photon_flight_db_internet) JobEnded: {'identifier': 'photon_flight_db_internet', 'rc': 0}
[8.120012] (-) EventReactorShutdown: {}
