[0.000000] (-) TimerEvent: {}
[0.000585] (photon_flight_servo_imu) JobQueued: {'identifier': 'photon_flight_servo_imu', 'dependencies': OrderedDict()}
[0.001819] (photon_flight_servo_imu) JobStarted: {'identifier': 'photon_flight_servo_imu'}
[0.032784] (photon_flight_servo_imu) JobProgress: {'identifier': 'photon_flight_servo_imu', 'progress': 'cmake'}
[0.033986] (photon_flight_servo_imu) Command: {'cmd': ['/usr/bin/cmake', '/home/punished_venom/DroneControls/src/photon_flight_servo_imu', '-DAMENT_CMAKE_SYMLINK_INSTALL=1', '-DCMAKE_INSTALL_PREFIX=/home/punished_venom/DroneControls/src/photon_flight_servo_imu/install/photon_flight_servo_imu'], 'cwd': '/home/punished_venom/DroneControls/src/photon_flight_servo_imu/build/photon_flight_servo_imu', 'env': OrderedDict({'USER': 'punished_venom', 'SSH_CLIENT': '100.70.40.23 52278 22', 'XDG_SESSION_TYPE': 'tty', 'SHLVL': '1', 'LD_LIBRARY_PATH': '/opt/ros/lyrical/lib/aarch64-linux-gnu:/opt/ros/lyrical/lib', 'HOME': '/home/punished_venom', 'SSH_TTY': '/dev/pts/0', 'ROS_PYTHON_VERSION': '3', 'DBUS_SESSION_BUS_ADDRESS': 'unix:path=/run/user/1000/bus', 'ROS_DISTRO': 'lyrical', 'LOGNAME': 'punished_venom', 'XDG_SESSION_CLASS': 'user', 'ROS_VERSION': '2', 'XDG_SESSION_ID': '297', 'TERM': 'xterm', 'PATH': '/opt/ros/lyrical/bin:/usr/local/sbin:/usr/local/bin:/usr/sbin:/usr/bin:/sbin:/bin:/usr/games:/usr/local/games:/snap/bin', 'XDG_RUNTIME_DIR': '/run/user/1000', 'LANG': 'en_US.UTF-8', 'ROS_DOMAIN_ID': '101', 'AMENT_PREFIX_PATH': '/opt/ros/lyrical', 'SHELL': '/usr/bin/fish', 'ROS_AUTOMATIC_DISCOVERY_RANGE': 'SUBNET', 'LC_ALL': 'en_US.UTF-8', 'PWD': '/home/punished_venom/DroneControls/src/photon_flight_servo_imu/build/photon_flight_servo_imu', 'XDG_DATA_DIRS': '/usr/local/share:/usr/share:/var/lib/snapd/desktop', 'SSH_CONNECTION': '100.70.40.23 52278 100.71.17.45 22', 'PYTHONPATH': '/opt/ros/lyrical/lib/python3.14/site-packages', 'COLCON': '1', 'AMENT_CURRENT_PREFIX': '', 'CMAKE_PREFIX_PATH': '/opt/ros/lyrical'}), 'shell': False}
[0.064541] (photon_flight_servo_imu) StderrLine: {'line': b'\x1b[0mCMake Deprecation Warning at CMakeLists.txt:1 (cmake_minimum_required):\n'}
[0.065122] (photon_flight_servo_imu) StderrLine: {'line': b'  Compatibility with CMake < 3.10 will be removed from a future version of\n'}
[0.065380] (photon_flight_servo_imu) StderrLine: {'line': b'  CMake.\n'}
[0.065591] (photon_flight_servo_imu) StderrLine: {'line': b'\n'}
[0.065859] (photon_flight_servo_imu) StderrLine: {'line': b'  Update the VERSION argument <min> value.  Or, use the <min>...<max> syntax\n'}
[0.066083] (photon_flight_servo_imu) StderrLine: {'line': b'  to tell CMake that the project requires at least <min> but has been updated\n'}
[0.066290] (photon_flight_servo_imu) StderrLine: {'line': b'  to work with policies introduced by <max> or earlier.\n'}
[0.066504] (photon_flight_servo_imu) StderrLine: {'line': b'\n'}
[0.066713] (photon_flight_servo_imu) StderrLine: {'line': b'\x1b[0m\n'}
[0.099401] (-) TimerEvent: {}
[0.200073] (-) TimerEvent: {}
[0.257160] (photon_flight_servo_imu) StdoutLine: {'line': b'-- The C compiler identification is GNU 15.2.0\n'}
[0.289344] (photon_flight_servo_imu) CommandEnded: {'returncode': -2}
[0.300181] (-) TimerEvent: {}
[0.323314] (photon_flight_servo_imu) JobEnded: {'identifier': 'photon_flight_servo_imu', 'rc': 'SIGINT'}
[0.334813] (-) EventReactorShutdown: {}
