[0mCMake Deprecation Warning at CMakeLists.txt:1 (cmake_minimum_required):
  Compatibility with CMake < 3.10 will be removed from a future version of
  CMake.

  Update the VERSION argument <min> value.  Or, use the <min>...<max> syntax
  to tell CMake that the project requires at least <min> but has been updated
  to work with policies introduced by <max> or earlier.

[0m
-- Found ament_cmake: 2.8.8 (/opt/ros/lyrical/share/ament_cmake/cmake)
-- Override CMake install command with custom implementation using symlinks instead of copying resources
-- Found rclcpp: 32.0.3 (/opt/ros/lyrical/share/rclcpp/cmake)
-- Found rosidl_generator_c: 5.2.1 (/opt/ros/lyrical/share/rosidl_generator_c/cmake)
-- Found rosidl_generator_cpp: 5.2.1 (/opt/ros/lyrical/share/rosidl_generator_cpp/cmake)
-- Using all available rosidl_typesupport_c: rosidl_typesupport_fastrtps_c;rosidl_typesupport_introspection_c
-- Using all available rosidl_typesupport_cpp: rosidl_typesupport_fastrtps_cpp;rosidl_typesupport_introspection_cpp
-- Found rmw_implementation_cmake: 7.10.2 (/opt/ros/lyrical/share/rmw_implementation_cmake/cmake)
-- Found rmw_fastrtps_cpp: 9.4.10 (/opt/ros/lyrical/share/rmw_fastrtps_cpp/cmake)
-- Using RMW implementation 'rmw_fastrtps_cpp' as default
-- Found std_msgs: 5.9.3 (/opt/ros/lyrical/share/std_msgs/cmake)
-- Found sensor_msgs: 5.9.3 (/opt/ros/lyrical/share/sensor_msgs/cmake)
-- Found ament_lint_auto: 0.20.6 (/opt/ros/lyrical/share/ament_lint_auto/cmake)
-- Added test 'cppcheck' to perform static code analysis on C / C++ code
-- Configured cppcheck include dirs: 
-- Configured cppcheck exclude dirs and/or files: 
-- Added test 'flake8' to check Python code syntax and style conventions
-- Configured 'flake8' exclude dirs and/or files: 
-- Added test 'lint_cmake' to check CMake code style
-- Added test 'pep257' to check Python code against some of the docstring style conventions in PEP 257
-- Added test 'uncrustify' to check C / C++ code style
-- Configured uncrustify additional arguments: 
-- Added test 'xmllint' to check XML markup files
-- Configuring done (2.1s)
-- Generating done (0.1s)
-- Build files have been written to: /home/punished_venom/DroneControls/src/photon_flight_servo_imu/build/photon_flight_servo_imu
[100%] Built target servo_driver
-- Install configuration: ""
-- Execute custom install script
-- Symlinking: /home/punished_venom/DroneControls/src/photon_flight_servo_imu/install/photon_flight_servo_imu/lib/photon_flight_servo_imu/servo_driver
-- Symlinking: /home/punished_venom/DroneControls/src/photon_flight_servo_imu/install/photon_flight_servo_imu/share/ament_index/resource_index/package_run_dependencies/photon_flight_servo_imu
-- Symlinking: /home/punished_venom/DroneControls/src/photon_flight_servo_imu/install/photon_flight_servo_imu/share/ament_index/resource_index/parent_prefix_path/photon_flight_servo_imu
-- Symlinking: /home/punished_venom/DroneControls/src/photon_flight_servo_imu/install/photon_flight_servo_imu/share/photon_flight_servo_imu/environment/ament_prefix_path.sh
-- Symlinking: /home/punished_venom/DroneControls/src/photon_flight_servo_imu/install/photon_flight_servo_imu/share/photon_flight_servo_imu/environment/ament_prefix_path.dsv
-- Symlinking: /home/punished_venom/DroneControls/src/photon_flight_servo_imu/install/photon_flight_servo_imu/share/photon_flight_servo_imu/environment/path.sh
-- Symlinking: /home/punished_venom/DroneControls/src/photon_flight_servo_imu/install/photon_flight_servo_imu/share/photon_flight_servo_imu/environment/path.dsv
-- Symlinking: /home/punished_venom/DroneControls/src/photon_flight_servo_imu/install/photon_flight_servo_imu/share/photon_flight_servo_imu/local_setup.bash
-- Symlinking: /home/punished_venom/DroneControls/src/photon_flight_servo_imu/install/photon_flight_servo_imu/share/photon_flight_servo_imu/local_setup.fish
-- Symlinking: /home/punished_venom/DroneControls/src/photon_flight_servo_imu/install/photon_flight_servo_imu/share/photon_flight_servo_imu/local_setup.sh
-- Symlinking: /home/punished_venom/DroneControls/src/photon_flight_servo_imu/install/photon_flight_servo_imu/share/photon_flight_servo_imu/local_setup.zsh
-- Symlinking: /home/punished_venom/DroneControls/src/photon_flight_servo_imu/install/photon_flight_servo_imu/share/photon_flight_servo_imu/local_setup.dsv
-- Symlinking: /home/punished_venom/DroneControls/src/photon_flight_servo_imu/install/photon_flight_servo_imu/share/photon_flight_servo_imu/package.dsv
-- Symlinking: /home/punished_venom/DroneControls/src/photon_flight_servo_imu/install/photon_flight_servo_imu/share/ament_index/resource_index/packages/photon_flight_servo_imu
-- Symlinking: /home/punished_venom/DroneControls/src/photon_flight_servo_imu/install/photon_flight_servo_imu/share/photon_flight_servo_imu/cmake/photon_flight_servo_imuConfig.cmake
-- Symlinking: /home/punished_venom/DroneControls/src/photon_flight_servo_imu/install/photon_flight_servo_imu/share/photon_flight_servo_imu/cmake/photon_flight_servo_imuConfig-version.cmake
-- Symlinking: /home/punished_venom/DroneControls/src/photon_flight_servo_imu/install/photon_flight_servo_imu/share/photon_flight_servo_imu/package.xml
