[0mCMake Deprecation Warning at CMakeLists.txt:1 (cmake_minimum_required):
  Compatibility with CMake < 3.10 will be removed from a future version of
  CMake.

  Update the VERSION argument <min> value.  Or, use the <min>...<max> syntax
  to tell CMake that the project requires at least <min> but has been updated
  to work with policies introduced by <max> or earlier.

[0m
/usr/bin/aarch64-linux-gnu-ld.bfd: cannot find -lsensor_msgs:sensor_msgs: No such file or directory
collect2: error: ld returned 1 exit status
gmake[2]: *** [CMakeFiles/imu_reader.dir/build.make:176: imu_reader] Error 1
gmake[1]: *** [CMakeFiles/Makefile2:188: CMakeFiles/imu_reader.dir/all] Error 2
gmake[1]: *** Waiting for unfinished jobs....
[01m[K/home/punished_venom/DroneControls/src/photon_flight_servo_imu/src/servodriver.cpp:[m[K In constructor ‘[01m[KServoDriverNode::[01;32m[KServoDriverNode[m[K()[m[K’:
[01m[K/home/punished_venom/DroneControls/src/photon_flight_servo_imu/src/servodriver.cpp:34:12:[m[K [01;31m[Kerror: [m[K‘[01m[KRCLPP_ERROR[m[K’ was not declared in this scope; did you mean ‘[01m[KRCLCPP_ERROR[m[K’?
   34 |            [01;31m[KRCLPP_ERROR[m[K(this->get_logger(), "GPIO FAILED TO OPEN");
      |            [01;31m[K^~~~~~~~~~~[m[K
      |            [32m[KRCLCPP_ERROR[m[K
[01m[K/home/punished_venom/DroneControls/src/photon_flight_servo_imu/src/servodriver.cpp:49:9:[m[K [01;31m[Kerror: [m[Kexpected primary-expression before ‘[01m[K)[m[K’ token
   49 |         [01;31m[K)[m[K;
      |         [01;31m[K^[m[K
[01m[K/home/punished_venom/DroneControls/src/photon_flight_servo_imu/src/servodriver.cpp:55:13:[m[K [01;31m[Kerror: [m[Kunable to find numeric literal operator ‘[01m[Koperator""ms[m[K’
   55 |             [01;31m[K50ms[m[K, std::bind(&ServoDriverNode::update_angle_callback, this)
      |             [01;31m[K^~~~[m[K
gmake[2]: *** [CMakeFiles/servo_driver.dir/build.make:79: CMakeFiles/servo_driver.dir/src/servodriver.cpp.o] Error 1
gmake[1]: *** [CMakeFiles/Makefile2:156: CMakeFiles/servo_driver.dir/all] Error 2
gmake: *** [Makefile:146: all] Error 2
