[0.000000] (-) TimerEvent: {}
[0.000610] (photon_flight_camera) JobQueued: {'identifier': 'photon_flight_camera', 'dependencies': OrderedDict()}
[0.001137] (photon_flight_db_internet) JobQueued: {'identifier': 'photon_flight_db_internet', 'dependencies': OrderedDict()}
[0.001218] (photon_flight_liDAR_Collection) JobQueued: {'identifier': 'photon_flight_liDAR_Collection', 'dependencies': OrderedDict()}
[0.001270] (photon_flight_servo_imu) JobQueued: {'identifier': 'photon_flight_servo_imu', 'dependencies': OrderedDict()}
[0.002073] (photon_flight_camera) JobStarted: {'identifier': 'photon_flight_camera'}
[0.030238] (photon_flight_db_internet) JobStarted: {'identifier': 'photon_flight_db_internet'}
[0.050863] (photon_flight_liDAR_Collection) JobStarted: {'identifier': 'photon_flight_liDAR_Collection'}
[0.063925] (photon_flight_servo_imu) JobStarted: {'identifier': 'photon_flight_servo_imu'}
[0.099335] (-) TimerEvent: {}
[0.199983] (-) TimerEvent: {}
[0.300542] (-) TimerEvent: {}
[0.401123] (-) TimerEvent: {}
[0.501710] (-) TimerEvent: {}
[0.602279] (-) TimerEvent: {}
[0.702832] (-) TimerEvent: {}
[0.803488] (-) TimerEvent: {}
[0.904533] (-) TimerEvent: {}
[1.005349] (-) TimerEvent: {}
[1.105957] (-) TimerEvent: {}
[1.206541] (-) TimerEvent: {}
[1.307120] (-) TimerEvent: {}
[1.407635] (-) TimerEvent: {}
[1.508132] (-) TimerEvent: {}
[1.608646] (-) TimerEvent: {}
[1.709346] (-) TimerEvent: {}
[1.768941] (photon_flight_liDAR_Collection) JobProgress: {'identifier': 'photon_flight_liDAR_Collection', 'progress': 'cmake'}
[1.770803] (photon_flight_liDAR_Collection) Command: {'cmd': ['/usr/bin/cmake', '/home/punished_venom/DroneControls/src/photon_flight_liDAR_Collection', '-DCMAKE_INSTALL_PREFIX=/home/punished_venom/DroneControls/src/install/photon_flight_liDAR_Collection'], 'cwd': '/home/punished_venom/DroneControls/src/build/photon_flight_liDAR_Collection', 'env': OrderedDict({'SSH_CLIENT': '100.70.204.74 52064 22', 'USER': 'punished_venom', 'XDG_SESSION_TYPE': 'tty', 'SHLVL': '1', 'LD_LIBRARY_PATH': '/opt/ros/lyrical/lib/aarch64-linux-gnu:/opt/ros/lyrical/lib', 'HOME': '/home/punished_venom', 'SSH_TTY': '/dev/pts/0', 'ROS_PYTHON_VERSION': '3', 'DBUS_SESSION_BUS_ADDRESS': 'unix:path=/run/user/1000/bus', 'ROS_DISTRO': 'lyrical', 'LOGNAME': 'punished_venom', 'ROS_VERSION': '2', 'XDG_SESSION_CLASS': 'user', 'XDG_SESSION_ID': '103', 'TERM': 'xterm', 'PATH': '/opt/ros/lyrical/bin:/usr/local/sbin:/usr/local/bin:/usr/sbin:/usr/bin:/sbin:/bin:/usr/games:/usr/local/games:/snap/bin', 'XDG_RUNTIME_DIR': '/run/user/1000', 'LANG': 'en_US.UTF-8', 'ROS_DOMAIN_ID': '101', 'AMENT_PREFIX_PATH': '/opt/ros/lyrical', 'SHELL': '/usr/bin/fish', 'ROS_AUTOMATIC_DISCOVERY_RANGE': 'SUBNET', 'PWD': '/home/punished_venom/DroneControls/src/build/photon_flight_liDAR_Collection', 'LC_ALL': 'en_US.UTF-8', 'SSH_CONNECTION': '100.70.204.74 52064 100.71.17.45 22', 'XDG_DATA_DIRS': '/usr/local/share:/usr/share:/var/lib/snapd/desktop', 'PYTHONPATH': '/opt/ros/lyrical/lib/python3.14/site-packages', 'COLCON': '1', 'AMENT_CURRENT_PREFIX': '', 'CMAKE_PREFIX_PATH': '/opt/ros/lyrical'}), 'shell': False}
[1.786670] (photon_flight_servo_imu) JobProgress: {'identifier': 'photon_flight_servo_imu', 'progress': 'cmake'}
[1.789691] (photon_flight_servo_imu) Command: {'cmd': ['/usr/bin/cmake', '/home/punished_venom/DroneControls/src/photon_flight_servo_imu', '-DCMAKE_INSTALL_PREFIX=/home/punished_venom/DroneControls/src/install/photon_flight_servo_imu'], 'cwd': '/home/punished_venom/DroneControls/src/build/photon_flight_servo_imu', 'env': OrderedDict({'SSH_CLIENT': '100.70.204.74 52064 22', 'USER': 'punished_venom', 'XDG_SESSION_TYPE': 'tty', 'SHLVL': '1', 'LD_LIBRARY_PATH': '/opt/ros/lyrical/lib/aarch64-linux-gnu:/opt/ros/lyrical/lib', 'HOME': '/home/punished_venom', 'SSH_TTY': '/dev/pts/0', 'ROS_PYTHON_VERSION': '3', 'DBUS_SESSION_BUS_ADDRESS': 'unix:path=/run/user/1000/bus', 'ROS_DISTRO': 'lyrical', 'LOGNAME': 'punished_venom', 'ROS_VERSION': '2', 'XDG_SESSION_CLASS': 'user', 'XDG_SESSION_ID': '103', 'TERM': 'xterm', 'PATH': '/opt/ros/lyrical/bin:/usr/local/sbin:/usr/local/bin:/usr/sbin:/usr/bin:/sbin:/bin:/usr/games:/usr/local/games:/snap/bin', 'XDG_RUNTIME_DIR': '/run/user/1000', 'LANG': 'en_US.UTF-8', 'ROS_DOMAIN_ID': '101', 'AMENT_PREFIX_PATH': '/opt/ros/lyrical', 'SHELL': '/usr/bin/fish', 'ROS_AUTOMATIC_DISCOVERY_RANGE': 'SUBNET', 'PWD': '/home/punished_venom/DroneControls/src/build/photon_flight_servo_imu', 'LC_ALL': 'en_US.UTF-8', 'SSH_CONNECTION': '100.70.204.74 52064 100.71.17.45 22', 'XDG_DATA_DIRS': '/usr/local/share:/usr/share:/var/lib/snapd/desktop', 'PYTHONPATH': '/opt/ros/lyrical/lib/python3.14/site-packages', 'COLCON': '1', 'AMENT_CURRENT_PREFIX': '', 'CMAKE_PREFIX_PATH': '/opt/ros/lyrical'}), 'shell': False}
[1.810006] (-) TimerEvent: {}
[1.913145] (-) TimerEvent: {}
[2.018052] (-) TimerEvent: {}
[2.118810] (-) TimerEvent: {}
[2.204988] (photon_flight_servo_imu) StdoutLine: {'line': b'-- The C compiler identification is GNU 15.2.0\n'}
[2.212223] (photon_flight_liDAR_Collection) StdoutLine: {'line': b'-- The C compiler identification is GNU 15.2.0\n'}
[2.219718] (-) TimerEvent: {}
[2.324016] (-) TimerEvent: {}
[2.424945] (-) TimerEvent: {}
[2.529287] (-) TimerEvent: {}
[2.602952] (photon_flight_servo_imu) StdoutLine: {'line': b'-- The CXX compiler identification is GNU 15.2.0\n'}
[2.606358] (photon_flight_liDAR_Collection) StdoutLine: {'line': b'-- The CXX compiler identification is GNU 15.2.0\n'}
[2.629443] (-) TimerEvent: {}
[2.635942] (photon_flight_servo_imu) StdoutLine: {'line': b'-- Detecting C compiler ABI info\n'}
[2.642596] (photon_flight_liDAR_Collection) StdoutLine: {'line': b'-- Detecting C compiler ABI info\n'}
[2.729697] (-) TimerEvent: {}
[2.834927] (-) TimerEvent: {}
[2.935721] (-) TimerEvent: {}
[3.033875] (photon_flight_servo_imu) StdoutLine: {'line': b'-- Detecting C compiler ABI info - done\n'}
[3.036346] (-) TimerEvent: {}
[3.051157] (photon_flight_liDAR_Collection) StdoutLine: {'line': b'-- Detecting C compiler ABI info - done\n'}
[3.098895] (photon_flight_servo_imu) StdoutLine: {'line': b'-- Check for working C compiler: /usr/bin/cc - skipped\n'}
[3.100854] (photon_flight_servo_imu) StdoutLine: {'line': b'-- Detecting C compile features\n'}
[3.101801] (photon_flight_servo_imu) StdoutLine: {'line': b'-- Detecting C compile features - done\n'}
[3.123915] (photon_flight_liDAR_Collection) StdoutLine: {'line': b'-- Check for working C compiler: /usr/bin/cc - skipped\n'}
[3.126127] (photon_flight_liDAR_Collection) StdoutLine: {'line': b'-- Detecting C compile features\n'}
[3.129039] (photon_flight_liDAR_Collection) StdoutLine: {'line': b'-- Detecting C compile features - done\n'}
[3.136711] (-) TimerEvent: {}
[3.159413] (photon_flight_servo_imu) StdoutLine: {'line': b'-- Detecting CXX compiler ABI info\n'}
[3.190764] (photon_flight_liDAR_Collection) StdoutLine: {'line': b'-- Detecting CXX compiler ABI info\n'}
[3.236877] (-) TimerEvent: {}
[3.338916] (-) TimerEvent: {}
[3.439689] (-) TimerEvent: {}
[3.540710] (-) TimerEvent: {}
[3.602372] (photon_flight_servo_imu) StdoutLine: {'line': b'-- Detecting CXX compiler ABI info - done\n'}
[3.627799] (photon_flight_liDAR_Collection) StdoutLine: {'line': b'-- Detecting CXX compiler ABI info - done\n'}
[3.640873] (-) TimerEvent: {}
[3.666861] (photon_flight_servo_imu) StdoutLine: {'line': b'-- Check for working CXX compiler: /usr/bin/c++ - skipped\n'}
[3.668705] (photon_flight_servo_imu) StdoutLine: {'line': b'-- Detecting CXX compile features\n'}
[3.670895] (photon_flight_servo_imu) StdoutLine: {'line': b'-- Detecting CXX compile features - done\n'}
[3.719253] (photon_flight_liDAR_Collection) StdoutLine: {'line': b'-- Check for working CXX compiler: /usr/bin/c++ - skipped\n'}
[3.720119] (photon_flight_liDAR_Collection) StdoutLine: {'line': b'-- Detecting CXX compile features\n'}
[3.722631] (photon_flight_liDAR_Collection) StdoutLine: {'line': b'-- Detecting CXX compile features - done\n'}
[3.741712] (-) TimerEvent: {}
[3.744666] (photon_flight_servo_imu) StdoutLine: {'line': b'-- Found ament_cmake: 2.8.8 (/opt/ros/lyrical/share/ament_cmake/cmake)\n'}
[3.756835] (photon_flight_liDAR_Collection) StdoutLine: {'line': b'-- Found ament_cmake: 2.8.8 (/opt/ros/lyrical/share/ament_cmake/cmake)\n'}
[3.842031] (-) TimerEvent: {}
[3.943716] (-) TimerEvent: {}
[4.044812] (-) TimerEvent: {}
[4.147966] (-) TimerEvent: {}
[4.248749] (-) TimerEvent: {}
[4.349714] (-) TimerEvent: {}
[4.453166] (-) TimerEvent: {}
[4.553858] (-) TimerEvent: {}
[4.654589] (-) TimerEvent: {}
[4.755695] (-) TimerEvent: {}
[4.856963] (-) TimerEvent: {}
[4.960045] (-) TimerEvent: {}
[5.060421] (photon_flight_liDAR_Collection) StdoutLine: {'line': b'-- Found ament_lint_auto: 0.20.6 (/opt/ros/lyrical/share/ament_lint_auto/cmake)\n'}
[5.061061] (-) TimerEvent: {}
[5.063413] (photon_flight_servo_imu) StdoutLine: {'line': b'-- Found ament_lint_auto: 0.20.6 (/opt/ros/lyrical/share/ament_lint_auto/cmake)\n'}
[5.161810] (-) TimerEvent: {}
[5.264099] (-) TimerEvent: {}
[5.367773] (-) TimerEvent: {}
[5.472222] (-) TimerEvent: {}
[5.576196] (-) TimerEvent: {}
[5.611844] (photon_flight_camera) Command: {'cmd': ['/usr/bin/python3', '-W', 'ignore:setup.py install is deprecated', '-W', 'ignore:easy_install command is deprecated', 'setup.py', 'egg_info', '--egg-base', '../build/photon_flight_camera', 'build', '--build-base', '/home/punished_venom/DroneControls/src/build/photon_flight_camera/build', 'install', '--record', '/home/punished_venom/DroneControls/src/build/photon_flight_camera/install.log', '--install-scripts', '$base/lib/photon_flight_camera', '--single-version-externally-managed', 'install_data'], 'cwd': '/home/punished_venom/DroneControls/src/photon_flight_camera', 'env': OrderedDict({'SSH_CLIENT': '100.70.204.74 52064 22', 'USER': 'punished_venom', 'XDG_SESSION_TYPE': 'tty', 'SHLVL': '1', 'LD_LIBRARY_PATH': '/opt/ros/lyrical/lib/aarch64-linux-gnu:/opt/ros/lyrical/lib', 'HOME': '/home/punished_venom', 'SSH_TTY': '/dev/pts/0', 'ROS_PYTHON_VERSION': '3', 'DBUS_SESSION_BUS_ADDRESS': 'unix:path=/run/user/1000/bus', 'ROS_DISTRO': 'lyrical', 'LOGNAME': 'punished_venom', 'ROS_VERSION': '2', 'XDG_SESSION_CLASS': 'user', 'XDG_SESSION_ID': '103', 'TERM': 'xterm', 'PATH': '/opt/ros/lyrical/bin:/usr/local/sbin:/usr/local/bin:/usr/sbin:/usr/bin:/sbin:/bin:/usr/games:/usr/local/games:/snap/bin', 'XDG_RUNTIME_DIR': '/run/user/1000', 'LANG': 'en_US.UTF-8', 'ROS_DOMAIN_ID': '101', 'AMENT_PREFIX_PATH': '/opt/ros/lyrical', 'SHELL': '/usr/bin/fish', 'ROS_AUTOMATIC_DISCOVERY_RANGE': 'SUBNET', 'PWD': '/home/punished_venom/DroneControls/src/build/photon_flight_camera', 'LC_ALL': 'en_US.UTF-8', 'SSH_CONNECTION': '100.70.204.74 52064 100.71.17.45 22', 'XDG_DATA_DIRS': '/usr/local/share:/usr/share:/var/lib/snapd/desktop', 'PYTHONPATH': '/home/punished_venom/DroneControls/src/build/photon_flight_camera/prefix_override:/usr/lib/python3/dist-packages/colcon_core/task/python/colcon_distutils_commands:/home/punished_venom/DroneControls/src/install/photon_flight_camera/lib/python3.14/site-packages:/opt/ros/lyrical/lib/python3.14/site-packages', 'COLCON': '1', 'AMENT_CURRENT_PREFIX': ''}), 'shell': False}
[5.626779] (photon_flight_db_internet) Command: {'cmd': ['/usr/bin/python3', '-W', 'ignore:setup.py install is deprecated', '-W', 'ignore:easy_install command is deprecated', 'setup.py', 'egg_info', '--egg-base', '../build/photon_flight_db_internet', 'build', '--build-base', '/home/punished_venom/DroneControls/src/build/photon_flight_db_internet/build', 'install', '--record', '/home/punished_venom/DroneControls/src/build/photon_flight_db_internet/install.log', '--install-scripts', '$base/lib/photon_flight_db_internet', '--single-version-externally-managed', 'install_data'], 'cwd': '/home/punished_venom/DroneControls/src/photon_flight_db_internet', 'env': OrderedDict({'SSH_CLIENT': '100.70.204.74 52064 22', 'USER': 'punished_venom', 'XDG_SESSION_TYPE': 'tty', 'SHLVL': '1', 'LD_LIBRARY_PATH': '/opt/ros/lyrical/lib/aarch64-linux-gnu:/opt/ros/lyrical/lib', 'HOME': '/home/punished_venom', 'SSH_TTY': '/dev/pts/0', 'ROS_PYTHON_VERSION': '3', 'DBUS_SESSION_BUS_ADDRESS': 'unix:path=/run/user/1000/bus', 'ROS_DISTRO': 'lyrical', 'LOGNAME': 'punished_venom', 'ROS_VERSION': '2', 'XDG_SESSION_CLASS': 'user', 'XDG_SESSION_ID': '103', 'TERM': 'xterm', 'PATH': '/opt/ros/lyrical/bin:/usr/local/sbin:/usr/local/bin:/usr/sbin:/usr/bin:/sbin:/bin:/usr/games:/usr/local/games:/snap/bin', 'XDG_RUNTIME_DIR': '/run/user/1000', 'LANG': 'en_US.UTF-8', 'ROS_DOMAIN_ID': '101', 'AMENT_PREFIX_PATH': '/opt/ros/lyrical', 'SHELL': '/usr/bin/fish', 'ROS_AUTOMATIC_DISCOVERY_RANGE': 'SUBNET', 'PWD': '/home/punished_venom/DroneControls/src/build/photon_flight_db_internet', 'LC_ALL': 'en_US.UTF-8', 'SSH_CONNECTION': '100.70.204.74 52064 100.71.17.45 22', 'XDG_DATA_DIRS': '/usr/local/share:/usr/share:/var/lib/snapd/desktop', 'PYTHONPATH': '/home/punished_venom/DroneControls/src/build/photon_flight_db_internet/prefix_override:/usr/lib/python3/dist-packages/colcon_core/task/python/colcon_distutils_commands:/home/punished_venom/DroneControls/src/install/photon_flight_db_internet/lib/python3.14/site-packages:/opt/ros/lyrical/lib/python3.14/site-packages', 'COLCON': '1', 'AMENT_CURRENT_PREFIX': ''}), 'shell': False}
[5.676704] (-) TimerEvent: {}
[5.707939] (photon_flight_liDAR_Collection) StderrLine: {'line': b'WARNING: Package name "photon_flight_liDAR_Collection" does not follow the naming conventions. It should start with a lower case letter and only contain lower case letters, digits, underscores, and dashes.\n'}
[5.777725] (-) TimerEvent: {}
[5.879015] (-) TimerEvent: {}
[5.960922] (photon_flight_liDAR_Collection) StdoutLine: {'line': b"-- Added test 'lint_cmake' to check CMake code style\n"}
[5.967802] (photon_flight_liDAR_Collection) StdoutLine: {'line': b"-- Added test 'xmllint' to check XML markup files\n"}
[5.973747] (photon_flight_servo_imu) StdoutLine: {'line': b"-- Added test 'lint_cmake' to check CMake code style\n"}
[5.979467] (photon_flight_liDAR_Collection) StdoutLine: {'line': b'-- Configuring done (4.2s)\n'}
[5.980223] (-) TimerEvent: {}
[5.980766] (photon_flight_servo_imu) StdoutLine: {'line': b"-- Added test 'xmllint' to check XML markup files\n"}
[5.986400] (photon_flight_servo_imu) StdoutLine: {'line': b'-- Configuring done (4.2s)\n'}
[5.999793] (photon_flight_liDAR_Collection) StdoutLine: {'line': b'-- Generating done (0.0s)\n'}
[6.007903] (photon_flight_servo_imu) StdoutLine: {'line': b'-- Generating done (0.0s)\n'}
[6.010849] (photon_flight_liDAR_Collection) StdoutLine: {'line': b'-- Build files have been written to: /home/punished_venom/DroneControls/src/build/photon_flight_liDAR_Collection\n'}
[6.020691] (photon_flight_servo_imu) StdoutLine: {'line': b'-- Build files have been written to: /home/punished_venom/DroneControls/src/build/photon_flight_servo_imu\n'}
[6.035829] (photon_flight_liDAR_Collection) CommandEnded: {'returncode': 0}
[6.040965] (photon_flight_liDAR_Collection) JobProgress: {'identifier': 'photon_flight_liDAR_Collection', 'progress': 'build'}
[6.041151] (photon_flight_liDAR_Collection) Command: {'cmd': ['/usr/bin/cmake', '--build', '/home/punished_venom/DroneControls/src/build/photon_flight_liDAR_Collection', '--', '-j4', '-l4'], 'cwd': '/home/punished_venom/DroneControls/src/build/photon_flight_liDAR_Collection', 'env': OrderedDict({'SSH_CLIENT': '100.70.204.74 52064 22', 'USER': 'punished_venom', 'XDG_SESSION_TYPE': 'tty', 'SHLVL': '1', 'LD_LIBRARY_PATH': '/opt/ros/lyrical/lib/aarch64-linux-gnu:/opt/ros/lyrical/lib', 'HOME': '/home/punished_venom', 'SSH_TTY': '/dev/pts/0', 'ROS_PYTHON_VERSION': '3', 'DBUS_SESSION_BUS_ADDRESS': 'unix:path=/run/user/1000/bus', 'ROS_DISTRO': 'lyrical', 'LOGNAME': 'punished_venom', 'ROS_VERSION': '2', 'XDG_SESSION_CLASS': 'user', 'XDG_SESSION_ID': '103', 'TERM': 'xterm', 'PATH': '/opt/ros/lyrical/bin:/usr/local/sbin:/usr/local/bin:/usr/sbin:/usr/bin:/sbin:/bin:/usr/games:/usr/local/games:/snap/bin', 'XDG_RUNTIME_DIR': '/run/user/1000', 'LANG': 'en_US.UTF-8', 'ROS_DOMAIN_ID': '101', 'AMENT_PREFIX_PATH': '/opt/ros/lyrical', 'SHELL': '/usr/bin/fish', 'ROS_AUTOMATIC_DISCOVERY_RANGE': 'SUBNET', 'PWD': '/home/punished_venom/DroneControls/src/build/photon_flight_liDAR_Collection', 'LC_ALL': 'en_US.UTF-8', 'SSH_CONNECTION': '100.70.204.74 52064 100.71.17.45 22', 'XDG_DATA_DIRS': '/usr/local/share:/usr/share:/var/lib/snapd/desktop', 'PYTHONPATH': '/opt/ros/lyrical/lib/python3.14/site-packages', 'COLCON': '1', 'AMENT_CURRENT_PREFIX': '', 'CMAKE_PREFIX_PATH': '/opt/ros/lyrical'}), 'shell': False}
[6.046819] (photon_flight_servo_imu) CommandEnded: {'returncode': 0}
[6.050468] (photon_flight_servo_imu) JobProgress: {'identifier': 'photon_flight_servo_imu', 'progress': 'build'}
[6.050672] (photon_flight_servo_imu) Command: {'cmd': ['/usr/bin/cmake', '--build', '/home/punished_venom/DroneControls/src/build/photon_flight_servo_imu', '--', '-j4', '-l4'], 'cwd': '/home/punished_venom/DroneControls/src/build/photon_flight_servo_imu', 'env': OrderedDict({'SSH_CLIENT': '100.70.204.74 52064 22', 'USER': 'punished_venom', 'XDG_SESSION_TYPE': 'tty', 'SHLVL': '1', 'LD_LIBRARY_PATH': '/opt/ros/lyrical/lib/aarch64-linux-gnu:/opt/ros/lyrical/lib', 'HOME': '/home/punished_venom', 'SSH_TTY': '/dev/pts/0', 'ROS_PYTHON_VERSION': '3', 'DBUS_SESSION_BUS_ADDRESS': 'unix:path=/run/user/1000/bus', 'ROS_DISTRO': 'lyrical', 'LOGNAME': 'punished_venom', 'ROS_VERSION': '2', 'XDG_SESSION_CLASS': 'user', 'XDG_SESSION_ID': '103', 'TERM': 'xterm', 'PATH': '/opt/ros/lyrical/bin:/usr/local/sbin:/usr/local/bin:/usr/sbin:/usr/bin:/sbin:/bin:/usr/games:/usr/local/games:/snap/bin', 'XDG_RUNTIME_DIR': '/run/user/1000', 'LANG': 'en_US.UTF-8', 'ROS_DOMAIN_ID': '101', 'AMENT_PREFIX_PATH': '/opt/ros/lyrical', 'SHELL': '/usr/bin/fish', 'ROS_AUTOMATIC_DISCOVERY_RANGE': 'SUBNET', 'PWD': '/home/punished_venom/DroneControls/src/build/photon_flight_servo_imu', 'LC_ALL': 'en_US.UTF-8', 'SSH_CONNECTION': '100.70.204.74 52064 100.71.17.45 22', 'XDG_DATA_DIRS': '/usr/local/share:/usr/share:/var/lib/snapd/desktop', 'PYTHONPATH': '/opt/ros/lyrical/lib/python3.14/site-packages', 'COLCON': '1', 'AMENT_CURRENT_PREFIX': '', 'CMAKE_PREFIX_PATH': '/opt/ros/lyrical'}), 'shell': False}
[6.080447] (-) TimerEvent: {}
[6.182726] (-) TimerEvent: {}
[6.231206] (photon_flight_liDAR_Collection) CommandEnded: {'returncode': 0}
[6.236483] (photon_flight_liDAR_Collection) JobProgress: {'identifier': 'photon_flight_liDAR_Collection', 'progress': 'install'}
[6.272405] (photon_flight_liDAR_Collection) Command: {'cmd': ['/usr/bin/cmake', '--install', '/home/punished_venom/DroneControls/src/build/photon_flight_liDAR_Collection'], 'cwd': '/home/punished_venom/DroneControls/src/build/photon_flight_liDAR_Collection', 'env': OrderedDict({'SSH_CLIENT': '100.70.204.74 52064 22', 'USER': 'punished_venom', 'XDG_SESSION_TYPE': 'tty', 'SHLVL': '1', 'LD_LIBRARY_PATH': '/opt/ros/lyrical/lib/aarch64-linux-gnu:/opt/ros/lyrical/lib', 'HOME': '/home/punished_venom', 'SSH_TTY': '/dev/pts/0', 'ROS_PYTHON_VERSION': '3', 'DBUS_SESSION_BUS_ADDRESS': 'unix:path=/run/user/1000/bus', 'ROS_DISTRO': 'lyrical', 'LOGNAME': 'punished_venom', 'ROS_VERSION': '2', 'XDG_SESSION_CLASS': 'user', 'XDG_SESSION_ID': '103', 'TERM': 'xterm', 'PATH': '/opt/ros/lyrical/bin:/usr/local/sbin:/usr/local/bin:/usr/sbin:/usr/bin:/sbin:/bin:/usr/games:/usr/local/games:/snap/bin', 'XDG_RUNTIME_DIR': '/run/user/1000', 'LANG': 'en_US.UTF-8', 'ROS_DOMAIN_ID': '101', 'AMENT_PREFIX_PATH': '/opt/ros/lyrical', 'SHELL': '/usr/bin/fish', 'ROS_AUTOMATIC_DISCOVERY_RANGE': 'SUBNET', 'PWD': '/home/punished_venom/DroneControls/src/build/photon_flight_liDAR_Collection', 'LC_ALL': 'en_US.UTF-8', 'SSH_CONNECTION': '100.70.204.74 52064 100.71.17.45 22', 'XDG_DATA_DIRS': '/usr/local/share:/usr/share:/var/lib/snapd/desktop', 'PYTHONPATH': '/opt/ros/lyrical/lib/python3.14/site-packages', 'COLCON': '1', 'AMENT_CURRENT_PREFIX': '', 'CMAKE_PREFIX_PATH': '/opt/ros/lyrical'}), 'shell': False}
[6.277186] (photon_flight_servo_imu) CommandEnded: {'returncode': 0}
[6.279934] (photon_flight_servo_imu) JobProgress: {'identifier': 'photon_flight_servo_imu', 'progress': 'install'}
[6.280986] (photon_flight_servo_imu) Command: {'cmd': ['/usr/bin/cmake', '--install', '/home/punished_venom/DroneControls/src/build/photon_flight_servo_imu'], 'cwd': '/home/punished_venom/DroneControls/src/build/photon_flight_servo_imu', 'env': OrderedDict({'SSH_CLIENT': '100.70.204.74 52064 22', 'USER': 'punished_venom', 'XDG_SESSION_TYPE': 'tty', 'SHLVL': '1', 'LD_LIBRARY_PATH': '/opt/ros/lyrical/lib/aarch64-linux-gnu:/opt/ros/lyrical/lib', 'HOME': '/home/punished_venom', 'SSH_TTY': '/dev/pts/0', 'ROS_PYTHON_VERSION': '3', 'DBUS_SESSION_BUS_ADDRESS': 'unix:path=/run/user/1000/bus', 'ROS_DISTRO': 'lyrical', 'LOGNAME': 'punished_venom', 'ROS_VERSION': '2', 'XDG_SESSION_CLASS': 'user', 'XDG_SESSION_ID': '103', 'TERM': 'xterm', 'PATH': '/opt/ros/lyrical/bin:/usr/local/sbin:/usr/local/bin:/usr/sbin:/usr/bin:/sbin:/bin:/usr/games:/usr/local/games:/snap/bin', 'XDG_RUNTIME_DIR': '/run/user/1000', 'LANG': 'en_US.UTF-8', 'ROS_DOMAIN_ID': '101', 'AMENT_PREFIX_PATH': '/opt/ros/lyrical', 'SHELL': '/usr/bin/fish', 'ROS_AUTOMATIC_DISCOVERY_RANGE': 'SUBNET', 'PWD': '/home/punished_venom/DroneControls/src/build/photon_flight_servo_imu', 'LC_ALL': 'en_US.UTF-8', 'SSH_CONNECTION': '100.70.204.74 52064 100.71.17.45 22', 'XDG_DATA_DIRS': '/usr/local/share:/usr/share:/var/lib/snapd/desktop', 'PYTHONPATH': '/opt/ros/lyrical/lib/python3.14/site-packages', 'COLCON': '1', 'AMENT_CURRENT_PREFIX': '', 'CMAKE_PREFIX_PATH': '/opt/ros/lyrical'}), 'shell': False}
[6.285151] (-) TimerEvent: {}
[6.315897] (photon_flight_liDAR_Collection) StdoutLine: {'line': b'-- Install configuration: ""\n'}
[6.316462] (photon_flight_liDAR_Collection) StdoutLine: {'line': b'-- Installing: /home/punished_venom/DroneControls/src/install/photon_flight_liDAR_Collection/share/ament_index/resource_index/package_run_dependencies/photon_flight_liDAR_Collection\n'}
[6.317182] (photon_flight_liDAR_Collection) StdoutLine: {'line': b'-- Installing: /home/punished_venom/DroneControls/src/install/photon_flight_liDAR_Collection/share/ament_index/resource_index/parent_prefix_path/photon_flight_liDAR_Collection\n'}
[6.318898] (photon_flight_liDAR_Collection) StdoutLine: {'line': b'-- Installing: /home/punished_venom/DroneControls/src/install/photon_flight_liDAR_Collection/share/photon_flight_liDAR_Collection/environment/ament_prefix_path.sh\n'}
[6.320461] (photon_flight_liDAR_Collection) StdoutLine: {'line': b'-- Installing: /home/punished_venom/DroneControls/src/install/photon_flight_liDAR_Collection/share/photon_flight_liDAR_Collection/environment/ament_prefix_path.dsv\n'}
[6.321042] (photon_flight_liDAR_Collection) StdoutLine: {'line': b'-- Installing: /home/punished_venom/DroneControls/src/install/photon_flight_liDAR_Collection/share/photon_flight_liDAR_Collection/environment/path.sh\n'}
[6.323292] (photon_flight_liDAR_Collection) StdoutLine: {'line': b'-- Installing: /home/punished_venom/DroneControls/src/install/photon_flight_liDAR_Collection/share/photon_flight_liDAR_Collection/environment/path.dsv\n'}
[6.325166] (photon_flight_liDAR_Collection) StdoutLine: {'line': b'-- Installing: /home/punished_venom/DroneControls/src/install/photon_flight_liDAR_Collection/share/photon_flight_liDAR_Collection/local_setup.bash\n'}
[6.327339] (photon_flight_liDAR_Collection) StdoutLine: {'line': b'-- Installing: /home/punished_venom/DroneControls/src/install/photon_flight_liDAR_Collection/share/photon_flight_liDAR_Collection/local_setup.fish\n'}
[6.328102] (photon_flight_liDAR_Collection) StdoutLine: {'line': b'-- Installing: /home/punished_venom/DroneControls/src/install/photon_flight_liDAR_Collection/share/photon_flight_liDAR_Collection/local_setup.sh\n'}
[6.329680] (photon_flight_liDAR_Collection) StdoutLine: {'line': b'-- Installing: /home/punished_venom/DroneControls/src/install/photon_flight_liDAR_Collection/share/photon_flight_liDAR_Collection/local_setup.zsh\n'}
[6.330289] (photon_flight_liDAR_Collection) StdoutLine: {'line': b'-- Installing: /home/punished_venom/DroneControls/src/install/photon_flight_liDAR_Collection/share/photon_flight_liDAR_Collection/local_setup.dsv\n'}
[6.333363] (photon_flight_liDAR_Collection) StdoutLine: {'line': b'-- Installing: /home/punished_venom/DroneControls/src/install/photon_flight_liDAR_Collection/share/photon_flight_liDAR_Collection/package.dsv\n'}
[6.334017] (photon_flight_liDAR_Collection) StdoutLine: {'line': b'-- Installing: /home/punished_venom/DroneControls/src/install/photon_flight_liDAR_Collection/share/ament_index/resource_index/packages/photon_flight_liDAR_Collection\n'}
[6.337237] (photon_flight_liDAR_Collection) StdoutLine: {'line': b'-- Installing: /home/punished_venom/DroneControls/src/install/photon_flight_liDAR_Collection/share/photon_flight_liDAR_Collection/cmake/photon_flight_liDAR_CollectionConfig.cmake\n'}
[6.340106] (photon_flight_liDAR_Collection) StdoutLine: {'line': b'-- Installing: /home/punished_venom/DroneControls/src/install/photon_flight_liDAR_Collection/share/photon_flight_liDAR_Collection/cmake/photon_flight_liDAR_CollectionConfig-version.cmake\n'}
[6.340526] (photon_flight_liDAR_Collection) StdoutLine: {'line': b'-- Installing: /home/punished_venom/DroneControls/src/install/photon_flight_liDAR_Collection/share/photon_flight_liDAR_Collection/package.xml\n'}
[6.343035] (photon_flight_liDAR_Collection) CommandEnded: {'returncode': 0}
[6.348200] (photon_flight_servo_imu) StdoutLine: {'line': b'-- Install configuration: ""\n'}
[6.352602] (photon_flight_servo_imu) StdoutLine: {'line': b'-- Installing: /home/punished_venom/DroneControls/src/install/photon_flight_servo_imu/share/ament_index/resource_index/package_run_dependencies/photon_flight_servo_imu\n'}
[6.353172] (photon_flight_servo_imu) StdoutLine: {'line': b'-- Installing: /home/punished_venom/DroneControls/src/install/photon_flight_servo_imu/share/ament_index/resource_index/parent_prefix_path/photon_flight_servo_imu\n'}
[6.356445] (photon_flight_servo_imu) StdoutLine: {'line': b'-- Installing: /home/punished_venom/DroneControls/src/install/photon_flight_servo_imu/share/photon_flight_servo_imu/environment/ament_prefix_path.sh\n'}
[6.357292] (photon_flight_servo_imu) StdoutLine: {'line': b'-- Installing: /home/punished_venom/DroneControls/src/install/photon_flight_servo_imu/share/photon_flight_servo_imu/environment/ament_prefix_path.dsv\n'}
[6.359641] (photon_flight_servo_imu) StdoutLine: {'line': b'-- Installing: /home/punished_venom/DroneControls/src/install/photon_flight_servo_imu/share/photon_flight_servo_imu/environment/path.sh\n'}
[6.360362] (photon_flight_servo_imu) StdoutLine: {'line': b'-- Installing: /home/punished_venom/DroneControls/src/install/photon_flight_servo_imu/share/photon_flight_servo_imu/environment/path.dsv\n'}
[6.361223] (photon_flight_servo_imu) StdoutLine: {'line': b'-- Installing: /home/punished_venom/DroneControls/src/install/photon_flight_servo_imu/share/photon_flight_servo_imu/local_setup.bash\n'}
[6.361664] (photon_flight_servo_imu) StdoutLine: {'line': b'-- Installing: /home/punished_venom/DroneControls/src/install/photon_flight_servo_imu/share/photon_flight_servo_imu/local_setup.fish\n'}
[6.362127] (photon_flight_servo_imu) StdoutLine: {'line': b'-- Installing: /home/punished_venom/DroneControls/src/install/photon_flight_servo_imu/share/photon_flight_servo_imu/local_setup.sh\n'}
[6.362526] (photon_flight_servo_imu) StdoutLine: {'line': b'-- Installing: /home/punished_venom/DroneControls/src/install/photon_flight_servo_imu/share/photon_flight_servo_imu/local_setup.zsh\n'}
[6.368776] (photon_flight_servo_imu) StdoutLine: {'line': b'-- Installing: /home/punished_venom/DroneControls/src/install/photon_flight_servo_imu/share/photon_flight_servo_imu/local_setup.dsv\n'}
[6.369860] (photon_flight_servo_imu) StdoutLine: {'line': b'-- Installing: /home/punished_venom/DroneControls/src/install/photon_flight_servo_imu/share/photon_flight_servo_imu/package.dsv\n'}
[6.374302] (photon_flight_servo_imu) StdoutLine: {'line': b'-- Installing: /home/punished_venom/DroneControls/src/install/photon_flight_servo_imu/share/ament_index/resource_index/packages/photon_flight_servo_imu\n'}
[6.375912] (photon_flight_servo_imu) StdoutLine: {'line': b'-- Installing: /home/punished_venom/DroneControls/src/install/photon_flight_servo_imu/share/photon_flight_servo_imu/cmake/photon_flight_servo_imuConfig.cmake\n'}
[6.377702] (photon_flight_servo_imu) StdoutLine: {'line': b'-- Installing: /home/punished_venom/DroneControls/src/install/photon_flight_servo_imu/share/photon_flight_servo_imu/cmake/photon_flight_servo_imuConfig-version.cmake\n'}
[6.379819] (photon_flight_servo_imu) StdoutLine: {'line': b'-- Installing: /home/punished_venom/DroneControls/src/install/photon_flight_servo_imu/share/photon_flight_servo_imu/package.xml\n'}
[6.385797] (-) TimerEvent: {}
[6.461136] (photon_flight_liDAR_Collection) JobEnded: {'identifier': 'photon_flight_liDAR_Collection', 'rc': 0}
[6.465241] (photon_flight_servo_imu) CommandEnded: {'returncode': 0}
[6.486330] (-) TimerEvent: {}
[6.532186] (photon_flight_servo_imu) JobEnded: {'identifier': 'photon_flight_servo_imu', 'rc': 0}
[6.586498] (-) TimerEvent: {}
[6.687081] (-) TimerEvent: {}
[6.787623] (-) TimerEvent: {}
[6.888150] (-) TimerEvent: {}
[6.988677] (-) TimerEvent: {}
[7.005287] (photon_flight_camera) StdoutLine: {'line': b'running egg_info\n'}
[7.015384] (photon_flight_db_internet) StdoutLine: {'line': b'running egg_info\n'}
[7.073320] (photon_flight_camera) StdoutLine: {'line': b'creating ../build/photon_flight_camera/photon_flight_camera.egg-info\n'}
[7.073952] (photon_flight_camera) StdoutLine: {'line': b'writing ../build/photon_flight_camera/photon_flight_camera.egg-info/PKG-INFO\n'}
[7.076119] (photon_flight_camera) StdoutLine: {'line': b'writing dependency_links to ../build/photon_flight_camera/photon_flight_camera.egg-info/dependency_links.txt\n'}
[7.077330] (photon_flight_camera) StdoutLine: {'line': b'writing requirements to ../build/photon_flight_camera/photon_flight_camera.egg-info/requires.txt\n'}
[7.077865] (photon_flight_camera) StdoutLine: {'line': b'writing top-level names to ../build/photon_flight_camera/photon_flight_camera.egg-info/top_level.txt\n'}
[7.078447] (photon_flight_camera) StdoutLine: {'line': b"writing manifest file '../build/photon_flight_camera/photon_flight_camera.egg-info/SOURCES.txt'\n"}
[7.084231] (photon_flight_db_internet) StdoutLine: {'line': b'creating ../build/photon_flight_db_internet/photon_flight_db_internet.egg-info\n'}
[7.084883] (photon_flight_db_internet) StdoutLine: {'line': b'writing ../build/photon_flight_db_internet/photon_flight_db_internet.egg-info/PKG-INFO\n'}
[7.087102] (photon_flight_db_internet) StdoutLine: {'line': b'writing dependency_links to ../build/photon_flight_db_internet/photon_flight_db_internet.egg-info/dependency_links.txt\n'}
[7.088298] (photon_flight_db_internet) StdoutLine: {'line': b'writing requirements to ../build/photon_flight_db_internet/photon_flight_db_internet.egg-info/requires.txt\n'}
[7.088722] (-) TimerEvent: {}
[7.089134] (photon_flight_db_internet) StdoutLine: {'line': b'writing top-level names to ../build/photon_flight_db_internet/photon_flight_db_internet.egg-info/top_level.txt\n'}
[7.090306] (photon_flight_db_internet) StdoutLine: {'line': b"writing manifest file '../build/photon_flight_db_internet/photon_flight_db_internet.egg-info/SOURCES.txt'\n"}
[7.188871] (-) TimerEvent: {}
[7.231305] (photon_flight_camera) StdoutLine: {'line': b"reading manifest file '../build/photon_flight_camera/photon_flight_camera.egg-info/SOURCES.txt'\n"}
[7.234334] (photon_flight_camera) StdoutLine: {'line': b"writing manifest file '../build/photon_flight_camera/photon_flight_camera.egg-info/SOURCES.txt'\n"}
[7.234980] (photon_flight_camera) StdoutLine: {'line': b'running build\n'}
[7.235374] (photon_flight_camera) StdoutLine: {'line': b'running build_py\n'}
[7.235778] (photon_flight_camera) StdoutLine: {'line': b'creating /home/punished_venom/DroneControls/src/build/photon_flight_camera/build/lib/photon_flight_camera\n'}
[7.236709] (photon_flight_camera) StdoutLine: {'line': b'copying photon_flight_camera/__init__.py -> /home/punished_venom/DroneControls/src/build/photon_flight_camera/build/lib/photon_flight_camera\n'}
[7.238046] (photon_flight_camera) StdoutLine: {'line': b'copying photon_flight_camera/py.typed -> /home/punished_venom/DroneControls/src/build/photon_flight_camera/build/lib/photon_flight_camera\n'}
[7.238515] (photon_flight_db_internet) StdoutLine: {'line': b"reading manifest file '../build/photon_flight_db_internet/photon_flight_db_internet.egg-info/SOURCES.txt'\n"}
[7.239028] (photon_flight_camera) StdoutLine: {'line': b'running install\n'}
[7.241442] (photon_flight_db_internet) StdoutLine: {'line': b"writing manifest file '../build/photon_flight_db_internet/photon_flight_db_internet.egg-info/SOURCES.txt'\n"}
[7.242075] (photon_flight_db_internet) StdoutLine: {'line': b'running build\n'}
[7.242493] (photon_flight_db_internet) StdoutLine: {'line': b'running build_py\n'}
[7.243215] (photon_flight_db_internet) StdoutLine: {'line': b'creating /home/punished_venom/DroneControls/src/build/photon_flight_db_internet/build/lib/photon_flight_db_internet\n'}
[7.243915] (photon_flight_db_internet) StdoutLine: {'line': b'copying photon_flight_db_internet/__init__.py -> /home/punished_venom/DroneControls/src/build/photon_flight_db_internet/build/lib/photon_flight_db_internet\n'}
[7.245280] (photon_flight_db_internet) StdoutLine: {'line': b'copying photon_flight_db_internet/py.typed -> /home/punished_venom/DroneControls/src/build/photon_flight_db_internet/build/lib/photon_flight_db_internet\n'}
[7.246213] (photon_flight_db_internet) StdoutLine: {'line': b'running install\n'}
[7.258202] (photon_flight_camera) StdoutLine: {'line': b'running install_lib\n'}
[7.264139] (photon_flight_db_internet) StdoutLine: {'line': b'running install_lib\n'}
[7.289049] (-) TimerEvent: {}
[7.328815] (photon_flight_camera) StdoutLine: {'line': b'creating /home/punished_venom/DroneControls/src/install/photon_flight_camera/lib/python3.14/site-packages/photon_flight_camera\n'}
[7.329388] (photon_flight_camera) StdoutLine: {'line': b'copying /home/punished_venom/DroneControls/src/build/photon_flight_camera/build/lib/photon_flight_camera/__init__.py -> /home/punished_venom/DroneControls/src/install/photon_flight_camera/lib/python3.14/site-packages/photon_flight_camera\n'}
[7.330357] (photon_flight_camera) StdoutLine: {'line': b'copying /home/punished_venom/DroneControls/src/build/photon_flight_camera/build/lib/photon_flight_camera/py.typed -> /home/punished_venom/DroneControls/src/install/photon_flight_camera/lib/python3.14/site-packages/photon_flight_camera\n'}
[7.332441] (photon_flight_camera) StdoutLine: {'line': b'byte-compiling /home/punished_venom/DroneControls/src/install/photon_flight_camera/lib/python3.14/site-packages/photon_flight_camera/__init__.py to __init__.cpython-314.pyc\n'}
[7.333738] (photon_flight_camera) StdoutLine: {'line': b'running install_data\n'}
[7.334238] (photon_flight_db_internet) StdoutLine: {'line': b'creating /home/punished_venom/DroneControls/src/install/photon_flight_db_internet/lib/python3.14/site-packages/photon_flight_db_internet\n'}
[7.334838] (photon_flight_camera) StdoutLine: {'line': b'creating /home/punished_venom/DroneControls/src/install/photon_flight_camera/share/ament_index/resource_index/packages\n'}
[7.335348] (photon_flight_db_internet) StdoutLine: {'line': b'copying /home/punished_venom/DroneControls/src/build/photon_flight_db_internet/build/lib/photon_flight_db_internet/__init__.py -> /home/punished_venom/DroneControls/src/install/photon_flight_db_internet/lib/python3.14/site-packages/photon_flight_db_internet\n'}
[7.335879] (photon_flight_db_internet) StdoutLine: {'line': b'copying /home/punished_venom/DroneControls/src/build/photon_flight_db_internet/build/lib/photon_flight_db_internet/py.typed -> /home/punished_venom/DroneControls/src/install/photon_flight_db_internet/lib/python3.14/site-packages/photon_flight_db_internet\n'}
[7.336198] (photon_flight_camera) StdoutLine: {'line': b'copying resource/photon_flight_camera -> /home/punished_venom/DroneControls/src/install/photon_flight_camera/share/ament_index/resource_index/packages\n'}
[7.336635] (photon_flight_camera) StdoutLine: {'line': b'copying package.xml -> /home/punished_venom/DroneControls/src/install/photon_flight_camera/share/photon_flight_camera\n'}
[7.337211] (photon_flight_camera) StdoutLine: {'line': b'running install_egg_info\n'}
[7.337772] (photon_flight_db_internet) StdoutLine: {'line': b'byte-compiling /home/punished_venom/DroneControls/src/install/photon_flight_db_internet/lib/python3.14/site-packages/photon_flight_db_internet/__init__.py to __init__.cpython-314.pyc\n'}
[7.338540] (photon_flight_db_internet) StdoutLine: {'line': b'running install_data\n'}
[7.339395] (photon_flight_db_internet) StdoutLine: {'line': b'creating /home/punished_venom/DroneControls/src/install/photon_flight_db_internet/share/ament_index/resource_index/packages\n'}
[7.340398] (photon_flight_db_internet) StdoutLine: {'line': b'copying resource/photon_flight_db_internet -> /home/punished_venom/DroneControls/src/install/photon_flight_db_internet/share/ament_index/resource_index/packages\n'}
[7.341312] (photon_flight_db_internet) StdoutLine: {'line': b'copying package.xml -> /home/punished_venom/DroneControls/src/install/photon_flight_db_internet/share/photon_flight_db_internet\n'}
[7.341914] (photon_flight_db_internet) StdoutLine: {'line': b'running install_egg_info\n'}
[7.389194] (-) TimerEvent: {}
[7.406992] (photon_flight_camera) StdoutLine: {'line': b'Copying ../build/photon_flight_camera/photon_flight_camera.egg-info to /home/punished_venom/DroneControls/src/install/photon_flight_camera/lib/python3.14/site-packages/photon_flight_camera-0.0.0-py3.14.egg-info\n'}
[7.410430] (photon_flight_db_internet) StdoutLine: {'line': b'Copying ../build/photon_flight_db_internet/photon_flight_db_internet.egg-info to /home/punished_venom/DroneControls/src/install/photon_flight_db_internet/lib/python3.14/site-packages/photon_flight_db_internet-0.0.0-py3.14.egg-info\n'}
[7.411134] (photon_flight_camera) StdoutLine: {'line': b'running install_scripts\n'}
[7.414287] (photon_flight_db_internet) StdoutLine: {'line': b'running install_scripts\n'}
[7.489355] (-) TimerEvent: {}
[7.589905] (-) TimerEvent: {}
[7.690433] (-) TimerEvent: {}
[7.749335] (photon_flight_camera) StdoutLine: {'line': b"writing list of installed files to '/home/punished_venom/DroneControls/src/build/photon_flight_camera/install.log'\n"}
[7.750073] (photon_flight_db_internet) StdoutLine: {'line': b"writing list of installed files to '/home/punished_venom/DroneControls/src/build/photon_flight_db_internet/install.log'\n"}
[7.790913] (-) TimerEvent: {}
[7.892462] (-) TimerEvent: {}
[7.994267] (-) TimerEvent: {}
[8.018116] (photon_flight_db_internet) CommandEnded: {'returncode': 0}
[8.045753] (photon_flight_db_internet) JobEnded: {'identifier': 'photon_flight_db_internet', 'rc': 0}
[8.048683] (photon_flight_camera) CommandEnded: {'returncode': 0}
[8.075575] (photon_flight_camera) JobEnded: {'identifier': 'photon_flight_camera', 'rc': 0}
[8.078853] (-) EventReactorShutdown: {}
