[0.041s] Invoking command in '/home/punished_venom/DroneControls/src/photon_flight_servo_imu/build/photon_flight_servo_imu': CMAKE_PREFIX_PATH=/opt/ros/lyrical /usr/bin/cmake --build /home/punished_venom/DroneControls/src/photon_flight_servo_imu/build/photon_flight_servo_imu -- -j4 -l4
[0.122s] -- Found ament_cmake: 2.8.8 (/opt/ros/lyrical/share/ament_cmake/cmake)
[0.873s] -- Override CMake install command with custom implementation using symlinks instead of copying resources
[0.894s] -- Found rclcpp: 32.0.3 (/opt/ros/lyrical/share/rclcpp/cmake)
[0.952s] -- Found rosidl_generator_c: 5.2.1 (/opt/ros/lyrical/share/rosidl_generator_c/cmake)
[0.966s] -- Found rosidl_generator_cpp: 5.2.1 (/opt/ros/lyrical/share/rosidl_generator_cpp/cmake)
[0.994s] -- Using all available rosidl_typesupport_c: rosidl_typesupport_fastrtps_c;rosidl_typesupport_introspection_c
[1.023s] -- Using all available rosidl_typesupport_cpp: rosidl_typesupport_fastrtps_cpp;rosidl_typesupport_introspection_cpp
[1.189s] -- Found rmw_implementation_cmake: 7.10.2 (/opt/ros/lyrical/share/rmw_implementation_cmake/cmake)
[1.193s] -- Found rmw_fastrtps_cpp: 9.4.10 (/opt/ros/lyrical/share/rmw_fastrtps_cpp/cmake)
[1.267s] -- Using RMW implementation 'rmw_fastrtps_cpp' as default
[1.451s] -- Found std_msgs: 5.9.3 (/opt/ros/lyrical/share/std_msgs/cmake)
[1.490s] -- Found sensor_msgs: 5.9.3 (/opt/ros/lyrical/share/sensor_msgs/cmake)
[1.598s] -- Found ament_lint_auto: 0.20.6 (/opt/ros/lyrical/share/ament_lint_auto/cmake)
[2.069s] -- Added test 'cppcheck' to perform static code analysis on C / C++ code
[2.069s] -- Configured cppcheck include dirs: 
[2.069s] -- Configured cppcheck exclude dirs and/or files: 
[2.078s] -- Added test 'flake8' to check Python code syntax and style conventions
[2.078s] -- Configured 'flake8' exclude dirs and/or files: 
[2.094s] -- Added test 'lint_cmake' to check CMake code style
[2.102s] -- Added test 'pep257' to check Python code against some of the docstring style conventions in PEP 257
[2.161s] -- Added test 'uncrustify' to check C / C++ code style
[2.161s] -- Configured uncrustify additional arguments: 
[2.170s] -- Added test 'xmllint' to check XML markup files
[2.173s] -- Configuring done (2.1s)
[2.234s] -- Generating done (0.1s)
[2.335s] -- Build files have been written to: /home/punished_venom/DroneControls/src/photon_flight_servo_imu/build/photon_flight_servo_imu
[2.465s] [100%] Built target servo_driver
[2.498s] Invoked command in '/home/punished_venom/DroneControls/src/photon_flight_servo_imu/build/photon_flight_servo_imu' returned '0': CMAKE_PREFIX_PATH=/opt/ros/lyrical /usr/bin/cmake --build /home/punished_venom/DroneControls/src/photon_flight_servo_imu/build/photon_flight_servo_imu -- -j4 -l4
[2.528s] Invoking command in '/home/punished_venom/DroneControls/src/photon_flight_servo_imu/build/photon_flight_servo_imu': CMAKE_PREFIX_PATH=/opt/ros/lyrical /usr/bin/cmake --install /home/punished_venom/DroneControls/src/photon_flight_servo_imu/build/photon_flight_servo_imu
[2.552s] -- Install configuration: ""
[2.553s] -- Execute custom install script
[2.554s] -- Up-to-date symlink: /home/punished_venom/DroneControls/src/photon_flight_servo_imu/install/photon_flight_servo_imu/lib/photon_flight_servo_imu/servo_driver
[2.555s] -- Up-to-date symlink: /home/punished_venom/DroneControls/src/photon_flight_servo_imu/install/photon_flight_servo_imu/share/ament_index/resource_index/package_run_dependencies/photon_flight_servo_imu
[2.555s] -- Up-to-date symlink: /home/punished_venom/DroneControls/src/photon_flight_servo_imu/install/photon_flight_servo_imu/share/ament_index/resource_index/parent_prefix_path/photon_flight_servo_imu
[2.556s] -- Up-to-date symlink: /home/punished_venom/DroneControls/src/photon_flight_servo_imu/install/photon_flight_servo_imu/share/photon_flight_servo_imu/environment/ament_prefix_path.sh
[2.557s] -- Up-to-date symlink: /home/punished_venom/DroneControls/src/photon_flight_servo_imu/install/photon_flight_servo_imu/share/photon_flight_servo_imu/environment/ament_prefix_path.dsv
[2.557s] -- Up-to-date symlink: /home/punished_venom/DroneControls/src/photon_flight_servo_imu/install/photon_flight_servo_imu/share/photon_flight_servo_imu/environment/path.sh
[2.558s] -- Up-to-date symlink: /home/punished_venom/DroneControls/src/photon_flight_servo_imu/install/photon_flight_servo_imu/share/photon_flight_servo_imu/environment/path.dsv
[2.559s] -- Up-to-date symlink: /home/punished_venom/DroneControls/src/photon_flight_servo_imu/install/photon_flight_servo_imu/share/photon_flight_servo_imu/local_setup.bash
[2.559s] -- Up-to-date symlink: /home/punished_venom/DroneControls/src/photon_flight_servo_imu/install/photon_flight_servo_imu/share/photon_flight_servo_imu/local_setup.fish
[2.560s] -- Up-to-date symlink: /home/punished_venom/DroneControls/src/photon_flight_servo_imu/install/photon_flight_servo_imu/share/photon_flight_servo_imu/local_setup.sh
[2.561s] -- Up-to-date symlink: /home/punished_venom/DroneControls/src/photon_flight_servo_imu/install/photon_flight_servo_imu/share/photon_flight_servo_imu/local_setup.zsh
[2.561s] -- Up-to-date symlink: /home/punished_venom/DroneControls/src/photon_flight_servo_imu/install/photon_flight_servo_imu/share/photon_flight_servo_imu/local_setup.dsv
[2.562s] -- Symlinking: /home/punished_venom/DroneControls/src/photon_flight_servo_imu/install/photon_flight_servo_imu/share/photon_flight_servo_imu/package.dsv
[2.591s] -- Up-to-date symlink: /home/punished_venom/DroneControls/src/photon_flight_servo_imu/install/photon_flight_servo_imu/share/ament_index/resource_index/packages/photon_flight_servo_imu
[2.591s] -- Up-to-date symlink: /home/punished_venom/DroneControls/src/photon_flight_servo_imu/install/photon_flight_servo_imu/share/photon_flight_servo_imu/cmake/photon_flight_servo_imuConfig.cmake
[2.592s] -- Up-to-date symlink: /home/punished_venom/DroneControls/src/photon_flight_servo_imu/install/photon_flight_servo_imu/share/photon_flight_servo_imu/cmake/photon_flight_servo_imuConfig-version.cmake
[2.593s] -- Up-to-date symlink: /home/punished_venom/DroneControls/src/photon_flight_servo_imu/install/photon_flight_servo_imu/share/photon_flight_servo_imu/package.xml
[2.598s] Invoked command in '/home/punished_venom/DroneControls/src/photon_flight_servo_imu/build/photon_flight_servo_imu' returned '0': CMAKE_PREFIX_PATH=/opt/ros/lyrical /usr/bin/cmake --install /home/punished_venom/DroneControls/src/photon_flight_servo_imu/build/photon_flight_servo_imu
