-- The C compiler identification is GNU 15.2.0
-- The CXX compiler identification is GNU 15.2.0
-- Detecting C compiler ABI info
-- Detecting C compiler ABI info - done
-- Check for working C compiler: /usr/bin/cc - skipped
-- Detecting C compile features
-- Detecting C compile features - done
-- Detecting CXX compiler ABI info
-- Detecting CXX compiler ABI info - done
-- Check for working CXX compiler: /usr/bin/c++ - skipped
-- Detecting CXX compile features
-- Detecting CXX compile features - done
-- Found ament_cmake: 2.8.8 (/opt/ros/lyrical/share/ament_cmake/cmake)
-- Override CMake install command with custom implementation using symlinks instead of copying resources
-- Found ament_lint_auto: 0.20.6 (/opt/ros/lyrical/share/ament_lint_auto/cmake)
-- Added test 'lint_cmake' to check CMake code style
-- Added test 'xmllint' to check XML markup files
-- Configuring done (5.4s)
-- Generating done (0.1s)
-- Build files have been written to: /home/punished_venom/DroneControls/build/photon_flight_servo_imu
-- Install configuration: ""
-- Execute custom install script
-- Up-to-date symlink: /home/punished_venom/DroneControls/install/photon_flight_servo_imu/share/ament_index/resource_index/package_run_dependencies/photon_flight_servo_imu
-- Up-to-date symlink: /home/punished_venom/DroneControls/install/photon_flight_servo_imu/share/ament_index/resource_index/parent_prefix_path/photon_flight_servo_imu
-- Up-to-date symlink: /home/punished_venom/DroneControls/install/photon_flight_servo_imu/share/photon_flight_servo_imu/environment/ament_prefix_path.sh
-- Up-to-date symlink: /home/punished_venom/DroneControls/install/photon_flight_servo_imu/share/photon_flight_servo_imu/environment/ament_prefix_path.dsv
-- Up-to-date symlink: /home/punished_venom/DroneControls/install/photon_flight_servo_imu/share/photon_flight_servo_imu/environment/path.sh
-- Up-to-date symlink: /home/punished_venom/DroneControls/install/photon_flight_servo_imu/share/photon_flight_servo_imu/environment/path.dsv
-- Up-to-date symlink: /home/punished_venom/DroneControls/install/photon_flight_servo_imu/share/photon_flight_servo_imu/local_setup.bash
-- Up-to-date symlink: /home/punished_venom/DroneControls/install/photon_flight_servo_imu/share/photon_flight_servo_imu/local_setup.fish
-- Up-to-date symlink: /home/punished_venom/DroneControls/install/photon_flight_servo_imu/share/photon_flight_servo_imu/local_setup.sh
-- Up-to-date symlink: /home/punished_venom/DroneControls/install/photon_flight_servo_imu/share/photon_flight_servo_imu/local_setup.zsh
-- Up-to-date symlink: /home/punished_venom/DroneControls/install/photon_flight_servo_imu/share/photon_flight_servo_imu/local_setup.dsv
-- Symlinking: /home/punished_venom/DroneControls/install/photon_flight_servo_imu/share/photon_flight_servo_imu/package.dsv
-- Up-to-date symlink: /home/punished_venom/DroneControls/install/photon_flight_servo_imu/share/ament_index/resource_index/packages/photon_flight_servo_imu
-- Up-to-date symlink: /home/punished_venom/DroneControls/install/photon_flight_servo_imu/share/photon_flight_servo_imu/cmake/photon_flight_servo_imuConfig.cmake
-- Up-to-date symlink: /home/punished_venom/DroneControls/install/photon_flight_servo_imu/share/photon_flight_servo_imu/cmake/photon_flight_servo_imuConfig-version.cmake
-- Up-to-date symlink: /home/punished_venom/DroneControls/install/photon_flight_servo_imu/share/photon_flight_servo_imu/package.xml
