[0.120s] Invoking command in '/home/punished_venom/DroneControls/src/build/rplidar_ros': CMAKE_PREFIX_PATH=/opt/ros/lyrical /usr/bin/cmake /home/punished_venom/DroneControls/src/rplidar_ros -DAMENT_CMAKE_SYMLINK_INSTALL=1 -DCMAKE_INSTALL_PREFIX=/home/punished_venom/DroneControls/src/install/rplidar_ros
[0.150s] [0mCMake Deprecation Warning at CMakeLists.txt:4 (cmake_minimum_required):
[0.152s]   Compatibility with CMake < 3.10 will be removed from a future version of
[0.155s]   CMake.
[0.157s] 
[0.159s]   Update the VERSION argument <min> value.  Or, use the <min>...<max> syntax
[0.162s]   to tell CMake that the project requires at least <min> but has been updated
[0.165s]   to work with policies introduced by <max> or earlier.
[0.169s] 
[0.173s] [0m
[0.429s] -- The C compiler identification is GNU 15.2.0
[0.758s] -- The CXX compiler identification is GNU 15.2.0
[0.793s] -- Detecting C compiler ABI info
[1.162s] -- Detecting C compiler ABI info - done
[1.224s] -- Check for working C compiler: /usr/bin/cc - skipped
[1.226s] -- Detecting C compile features
[1.228s] -- Detecting C compile features - done
[1.280s] -- Detecting CXX compiler ABI info
[1.663s] -- Detecting CXX compiler ABI info - done
[1.729s] -- Check for working CXX compiler: /usr/bin/c++ - skipped
[1.732s] -- Detecting CXX compile features
[1.734s] -- Detecting CXX compile features - done
[1.772s] -- Found ament_cmake: 2.8.8 (/opt/ros/lyrical/share/ament_cmake/cmake)
[3.136s] -- Override CMake install command with custom implementation using symlinks instead of copying resources
[3.331s] -- Found rclcpp: 32.0.3 (/opt/ros/lyrical/share/rclcpp/cmake)
[3.454s] -- Found rosidl_generator_c: 5.2.1 (/opt/ros/lyrical/share/rosidl_generator_c/cmake)
[3.488s] -- Found rosidl_generator_cpp: 5.2.1 (/opt/ros/lyrical/share/rosidl_generator_cpp/cmake)
[3.550s] -- Using all available rosidl_typesupport_c: rosidl_typesupport_fastrtps_c;rosidl_typesupport_introspection_c
[3.607s] -- Using all available rosidl_typesupport_cpp: rosidl_typesupport_fastrtps_cpp;rosidl_typesupport_introspection_cpp
[3.946s] -- Found rmw_implementation_cmake: 7.10.2 (/opt/ros/lyrical/share/rmw_implementation_cmake/cmake)
[3.964s] -- Found rmw_fastrtps_cpp: 9.4.10 (/opt/ros/lyrical/share/rmw_fastrtps_cpp/cmake)
[4.171s] -- Using RMW implementation 'rmw_fastrtps_cpp' as default
[4.501s] -- Found sensor_msgs: 5.9.3 (/opt/ros/lyrical/share/sensor_msgs/cmake)
[4.760s] -- Found std_srvs: 5.9.3 (/opt/ros/lyrical/share/std_srvs/cmake)
[4.831s] [31mCMake Error at CMakeLists.txt:61 (ament_target_dependencies):
[4.832s]   Unknown CMake command "ament_target_dependencies".
[4.832s] 
[4.833s] [0m
[4.834s] -- Configuring incomplete, errors occurred!
[4.861s] Invoked command in '/home/punished_venom/DroneControls/src/build/rplidar_ros' returned '1': CMAKE_PREFIX_PATH=/opt/ros/lyrical /usr/bin/cmake /home/punished_venom/DroneControls/src/rplidar_ros -DAMENT_CMAKE_SYMLINK_INSTALL=1 -DCMAKE_INSTALL_PREFIX=/home/punished_venom/DroneControls/src/install/rplidar_ros
