[1.777s] Invoking command in '/home/punished_venom/DroneControls/src/build/photon_flight_liDAR_Collection': CMAKE_PREFIX_PATH=/opt/ros/lyrical /usr/bin/cmake --build /home/punished_venom/DroneControls/src/build/photon_flight_liDAR_Collection -- -j4 -l4
[1.957s] Invoked command in '/home/punished_venom/DroneControls/src/build/photon_flight_liDAR_Collection' returned '0': CMAKE_PREFIX_PATH=/opt/ros/lyrical /usr/bin/cmake --build /home/punished_venom/DroneControls/src/build/photon_flight_liDAR_Collection -- -j4 -l4
[2.008s] Invoking command in '/home/punished_venom/DroneControls/src/build/photon_flight_liDAR_Collection': CMAKE_PREFIX_PATH=/opt/ros/lyrical /usr/bin/cmake --install /home/punished_venom/DroneControls/src/build/photon_flight_liDAR_Collection
[2.048s] -- Install configuration: ""
[2.053s] -- Execute custom install script
[2.056s] -- Up-to-date symlink: /home/punished_venom/DroneControls/src/install/photon_flight_liDAR_Collection/share/ament_index/resource_index/package_run_dependencies/photon_flight_liDAR_Collection
[2.061s] -- Up-to-date symlink: /home/punished_venom/DroneControls/src/install/photon_flight_liDAR_Collection/share/ament_index/resource_index/parent_prefix_path/photon_flight_liDAR_Collection
[2.064s] -- Up-to-date symlink: /home/punished_venom/DroneControls/src/install/photon_flight_liDAR_Collection/share/photon_flight_liDAR_Collection/environment/ament_prefix_path.sh
[2.072s] -- Up-to-date symlink: /home/punished_venom/DroneControls/src/install/photon_flight_liDAR_Collection/share/photon_flight_liDAR_Collection/environment/ament_prefix_path.dsv
[2.074s] -- Up-to-date symlink: /home/punished_venom/DroneControls/src/install/photon_flight_liDAR_Collection/share/photon_flight_liDAR_Collection/environment/path.sh
[2.076s] -- Up-to-date symlink: /home/punished_venom/DroneControls/src/install/photon_flight_liDAR_Collection/share/photon_flight_liDAR_Collection/environment/path.dsv
[2.078s] -- Up-to-date symlink: /home/punished_venom/DroneControls/src/install/photon_flight_liDAR_Collection/share/photon_flight_liDAR_Collection/local_setup.bash
[2.080s] -- Up-to-date symlink: /home/punished_venom/DroneControls/src/install/photon_flight_liDAR_Collection/share/photon_flight_liDAR_Collection/local_setup.fish
[2.082s] -- Up-to-date symlink: /home/punished_venom/DroneControls/src/install/photon_flight_liDAR_Collection/share/photon_flight_liDAR_Collection/local_setup.sh
[2.084s] -- Up-to-date symlink: /home/punished_venom/DroneControls/src/install/photon_flight_liDAR_Collection/share/photon_flight_liDAR_Collection/local_setup.zsh
[2.086s] -- Up-to-date symlink: /home/punished_venom/DroneControls/src/install/photon_flight_liDAR_Collection/share/photon_flight_liDAR_Collection/local_setup.dsv
[2.089s] -- Symlinking: /home/punished_venom/DroneControls/src/install/photon_flight_liDAR_Collection/share/photon_flight_liDAR_Collection/package.dsv
[2.141s] -- Up-to-date symlink: /home/punished_venom/DroneControls/src/install/photon_flight_liDAR_Collection/share/ament_index/resource_index/packages/photon_flight_liDAR_Collection
[2.153s] -- Up-to-date symlink: /home/punished_venom/DroneControls/src/install/photon_flight_liDAR_Collection/share/photon_flight_liDAR_Collection/cmake/photon_flight_liDAR_CollectionConfig.cmake
[2.155s] -- Up-to-date symlink: /home/punished_venom/DroneControls/src/install/photon_flight_liDAR_Collection/share/photon_flight_liDAR_Collection/cmake/photon_flight_liDAR_CollectionConfig-version.cmake
[2.157s] -- Up-to-date symlink: /home/punished_venom/DroneControls/src/install/photon_flight_liDAR_Collection/share/photon_flight_liDAR_Collection/package.xml
[2.286s] Invoked command in '/home/punished_venom/DroneControls/src/build/photon_flight_liDAR_Collection' returned '0': CMAKE_PREFIX_PATH=/opt/ros/lyrical /usr/bin/cmake --install /home/punished_venom/DroneControls/src/build/photon_flight_liDAR_Collection
