running egg_info
creating ../build/photon_flight_camera/photon_flight_camera.egg-info
writing ../build/photon_flight_camera/photon_flight_camera.egg-info/PKG-INFO
writing dependency_links to ../build/photon_flight_camera/photon_flight_camera.egg-info/dependency_links.txt
writing requirements to ../build/photon_flight_camera/photon_flight_camera.egg-info/requires.txt
writing top-level names to ../build/photon_flight_camera/photon_flight_camera.egg-info/top_level.txt
writing manifest file '../build/photon_flight_camera/photon_flight_camera.egg-info/SOURCES.txt'
reading manifest file '../build/photon_flight_camera/photon_flight_camera.egg-info/SOURCES.txt'
writing manifest file '../build/photon_flight_camera/photon_flight_camera.egg-info/SOURCES.txt'
running build
running build_py
creating /home/punished_venom/DroneControls/src/build/photon_flight_camera/build/lib/photon_flight_camera
copying photon_flight_camera/__init__.py -> /home/punished_venom/DroneControls/src/build/photon_flight_camera/build/lib/photon_flight_camera
copying photon_flight_camera/py.typed -> /home/punished_venom/DroneControls/src/build/photon_flight_camera/build/lib/photon_flight_camera
running install
running install_lib
creating /home/punished_venom/DroneControls/src/install/photon_flight_camera/lib/python3.14/site-packages/photon_flight_camera
copying /home/punished_venom/DroneControls/src/build/photon_flight_camera/build/lib/photon_flight_camera/__init__.py -> /home/punished_venom/DroneControls/src/install/photon_flight_camera/lib/python3.14/site-packages/photon_flight_camera
copying /home/punished_venom/DroneControls/src/build/photon_flight_camera/build/lib/photon_flight_camera/py.typed -> /home/punished_venom/DroneControls/src/install/photon_flight_camera/lib/python3.14/site-packages/photon_flight_camera
byte-compiling /home/punished_venom/DroneControls/src/install/photon_flight_camera/lib/python3.14/site-packages/photon_flight_camera/__init__.py to __init__.cpython-314.pyc
running install_data
creating /home/punished_venom/DroneControls/src/install/photon_flight_camera/share/ament_index/resource_index/packages
copying resource/photon_flight_camera -> /home/punished_venom/DroneControls/src/install/photon_flight_camera/share/ament_index/resource_index/packages
copying package.xml -> /home/punished_venom/DroneControls/src/install/photon_flight_camera/share/photon_flight_camera
running install_egg_info
Copying ../build/photon_flight_camera/photon_flight_camera.egg-info to /home/punished_venom/DroneControls/src/install/photon_flight_camera/lib/python3.14/site-packages/photon_flight_camera-0.0.0-py3.14.egg-info
running install_scripts
writing list of installed files to '/home/punished_venom/DroneControls/src/build/photon_flight_camera/install.log'
