[5.612s] Invoking command in '/home/punished_venom/DroneControls/src/photon_flight_camera': PYTHONPATH=/home/punished_venom/DroneControls/src/build/photon_flight_camera/prefix_override:/usr/lib/python3/dist-packages/colcon_core/task/python/colcon_distutils_commands:/home/punished_venom/DroneControls/src/install/photon_flight_camera/lib/python3.14/site-packages:${PYTHONPATH} /usr/bin/python3 -W ignore:setup.py install is deprecated -W ignore:easy_install command is deprecated setup.py egg_info --egg-base ../build/photon_flight_camera build --build-base /home/punished_venom/DroneControls/src/build/photon_flight_camera/build install --record /home/punished_venom/DroneControls/src/build/photon_flight_camera/install.log --install-scripts $base/lib/photon_flight_camera --single-version-externally-managed install_data
[7.003s] running egg_info
[7.071s] creating ../build/photon_flight_camera/photon_flight_camera.egg-info
[7.072s] writing ../build/photon_flight_camera/photon_flight_camera.egg-info/PKG-INFO
[7.074s] writing dependency_links to ../build/photon_flight_camera/photon_flight_camera.egg-info/dependency_links.txt
[7.075s] writing requirements to ../build/photon_flight_camera/photon_flight_camera.egg-info/requires.txt
[7.075s] writing top-level names to ../build/photon_flight_camera/photon_flight_camera.egg-info/top_level.txt
[7.076s] writing manifest file '../build/photon_flight_camera/photon_flight_camera.egg-info/SOURCES.txt'
[7.229s] reading manifest file '../build/photon_flight_camera/photon_flight_camera.egg-info/SOURCES.txt'
[7.232s] writing manifest file '../build/photon_flight_camera/photon_flight_camera.egg-info/SOURCES.txt'
[7.233s] running build
[7.233s] running build_py
[7.233s] creating /home/punished_venom/DroneControls/src/build/photon_flight_camera/build/lib/photon_flight_camera
[7.234s] copying photon_flight_camera/__init__.py -> /home/punished_venom/DroneControls/src/build/photon_flight_camera/build/lib/photon_flight_camera
[7.236s] copying photon_flight_camera/py.typed -> /home/punished_venom/DroneControls/src/build/photon_flight_camera/build/lib/photon_flight_camera
[7.237s] running install
[7.256s] running install_lib
[7.326s] creating /home/punished_venom/DroneControls/src/install/photon_flight_camera/lib/python3.14/site-packages/photon_flight_camera
[7.327s] copying /home/punished_venom/DroneControls/src/build/photon_flight_camera/build/lib/photon_flight_camera/__init__.py -> /home/punished_venom/DroneControls/src/install/photon_flight_camera/lib/python3.14/site-packages/photon_flight_camera
[7.328s] copying /home/punished_venom/DroneControls/src/build/photon_flight_camera/build/lib/photon_flight_camera/py.typed -> /home/punished_venom/DroneControls/src/install/photon_flight_camera/lib/python3.14/site-packages/photon_flight_camera
[7.330s] byte-compiling /home/punished_venom/DroneControls/src/install/photon_flight_camera/lib/python3.14/site-packages/photon_flight_camera/__init__.py to __init__.cpython-314.pyc
[7.331s] running install_data
[7.333s] creating /home/punished_venom/DroneControls/src/install/photon_flight_camera/share/ament_index/resource_index/packages
[7.334s] copying resource/photon_flight_camera -> /home/punished_venom/DroneControls/src/install/photon_flight_camera/share/ament_index/resource_index/packages
[7.334s] copying package.xml -> /home/punished_venom/DroneControls/src/install/photon_flight_camera/share/photon_flight_camera
[7.335s] running install_egg_info
[7.405s] Copying ../build/photon_flight_camera/photon_flight_camera.egg-info to /home/punished_venom/DroneControls/src/install/photon_flight_camera/lib/python3.14/site-packages/photon_flight_camera-0.0.0-py3.14.egg-info
[7.409s] running install_scripts
[7.747s] writing list of installed files to '/home/punished_venom/DroneControls/src/build/photon_flight_camera/install.log'
[8.047s] Invoked command in '/home/punished_venom/DroneControls/src/photon_flight_camera' returned '0': PYTHONPATH=/home/punished_venom/DroneControls/src/build/photon_flight_camera/prefix_override:/usr/lib/python3/dist-packages/colcon_core/task/python/colcon_distutils_commands:/home/punished_venom/DroneControls/src/install/photon_flight_camera/lib/python3.14/site-packages:${PYTHONPATH} /usr/bin/python3 -W ignore:setup.py install is deprecated -W ignore:easy_install command is deprecated setup.py egg_info --egg-base ../build/photon_flight_camera build --build-base /home/punished_venom/DroneControls/src/build/photon_flight_camera/build install --record /home/punished_venom/DroneControls/src/build/photon_flight_camera/install.log --install-scripts $base/lib/photon_flight_camera --single-version-externally-managed install_data
