[0.000000] (-) TimerEvent: {}
[0.000655] (photon_flight_camera) JobQueued: {'identifier': 'photon_flight_camera', 'dependencies': OrderedDict()}
[0.001284] (photon_flight_db_internet) JobQueued: {'identifier': 'photon_flight_db_internet', 'dependencies': OrderedDict()}
[0.001554] (photon_flight_liDAR_Collection) JobQueued: {'identifier': 'photon_flight_liDAR_Collection', 'dependencies': OrderedDict()}
[0.002415] (photon_flight_servo_imu) JobQueued: {'identifier': 'photon_flight_servo_imu', 'dependencies': OrderedDict()}
[0.002803] (rplidar_ros) JobQueued: {'identifier': 'rplidar_ros', 'dependencies': OrderedDict()}
[0.003260] (photon_flight_camera) JobStarted: {'identifier': 'photon_flight_camera'}
[0.032048] (photon_flight_db_internet) JobStarted: {'identifier': 'photon_flight_db_internet'}
[0.054167] (photon_flight_liDAR_Collection) JobStarted: {'identifier': 'photon_flight_liDAR_Collection'}
[0.067115] (photon_flight_servo_imu) JobStarted: {'identifier': 'photon_flight_servo_imu'}
[0.099333] (-) TimerEvent: {}
[0.200067] (-) TimerEvent: {}
[0.300792] (-) TimerEvent: {}
[0.401525] (-) TimerEvent: {}
[0.502158] (-) TimerEvent: {}
[0.602879] (-) TimerEvent: {}
[0.703466] (-) TimerEvent: {}
[0.804029] (-) TimerEvent: {}
[0.904759] (-) TimerEvent: {}
[1.005823] (-) TimerEvent: {}
[1.106526] (-) TimerEvent: {}
[1.207150] (-) TimerEvent: {}
[1.307785] (-) TimerEvent: {}
[1.408390] (-) TimerEvent: {}
[1.509010] (-) TimerEvent: {}
[1.609621] (-) TimerEvent: {}
[1.710411] (-) TimerEvent: {}
[1.811638] (-) TimerEvent: {}
[1.837988] (photon_flight_liDAR_Collection) JobProgress: {'identifier': 'photon_flight_liDAR_Collection', 'progress': 'cmake'}
[1.842601] (photon_flight_liDAR_Collection) JobProgress: {'identifier': 'photon_flight_liDAR_Collection', 'progress': 'build'}
[1.842812] (photon_flight_liDAR_Collection) Command: {'cmd': ['/usr/bin/cmake', '--build', '/home/punished_venom/DroneControls/src/build/photon_flight_liDAR_Collection', '--', '-j4', '-l4'], 'cwd': '/home/punished_venom/DroneControls/src/build/photon_flight_liDAR_Collection', 'env': OrderedDict({'SSH_CLIENT': '100.70.204.74 51792 22', 'USER': 'punished_venom', 'XDG_SESSION_TYPE': 'tty', 'SHLVL': '1', 'LD_LIBRARY_PATH': '/opt/ros/lyrical/lib/aarch64-linux-gnu:/opt/ros/lyrical/lib', 'HOME': '/home/punished_venom', 'SSH_TTY': '/dev/pts/0', 'ROS_PYTHON_VERSION': '3', 'DBUS_SESSION_BUS_ADDRESS': 'unix:path=/run/user/1000/bus', 'ROS_DISTRO': 'lyrical', 'LOGNAME': 'punished_venom', 'ROS_VERSION': '2', 'XDG_SESSION_CLASS': 'user', 'XDG_SESSION_ID': '142', 'TERM': 'xterm', 'PATH': '/opt/ros/lyrical/bin:/usr/local/sbin:/usr/local/bin:/usr/sbin:/usr/bin:/sbin:/bin:/usr/games:/usr/local/games:/snap/bin', 'XDG_RUNTIME_DIR': '/run/user/1000', 'LANG': 'en_US.UTF-8', 'ROS_DOMAIN_ID': '101', 'AMENT_PREFIX_PATH': '/opt/ros/lyrical', 'SHELL': '/usr/bin/fish', 'ROS_AUTOMATIC_DISCOVERY_RANGE': 'SUBNET', 'PWD': '/home/punished_venom/DroneControls/src/build/photon_flight_liDAR_Collection', 'LC_ALL': 'en_US.UTF-8', 'SSH_CONNECTION': '100.70.204.74 51792 100.71.17.45 22', 'XDG_DATA_DIRS': '/usr/local/share:/usr/share:/var/lib/snapd/desktop', 'PYTHONPATH': '/opt/ros/lyrical/lib/python3.14/site-packages', 'COLCON': '1', 'AMENT_CURRENT_PREFIX': '', 'CMAKE_PREFIX_PATH': '/opt/ros/lyrical'}), 'shell': False}
[1.857988] (photon_flight_servo_imu) JobProgress: {'identifier': 'photon_flight_servo_imu', 'progress': 'cmake'}
[1.861297] (photon_flight_servo_imu) JobProgress: {'identifier': 'photon_flight_servo_imu', 'progress': 'build'}
[1.862132] (photon_flight_servo_imu) Command: {'cmd': ['/usr/bin/cmake', '--build', '/home/punished_venom/DroneControls/src/build/photon_flight_servo_imu', '--', '-j4', '-l4'], 'cwd': '/home/punished_venom/DroneControls/src/build/photon_flight_servo_imu', 'env': OrderedDict({'SSH_CLIENT': '100.70.204.74 51792 22', 'USER': 'punished_venom', 'XDG_SESSION_TYPE': 'tty', 'SHLVL': '1', 'LD_LIBRARY_PATH': '/opt/ros/lyrical/lib/aarch64-linux-gnu:/opt/ros/lyrical/lib', 'HOME': '/home/punished_venom', 'SSH_TTY': '/dev/pts/0', 'ROS_PYTHON_VERSION': '3', 'DBUS_SESSION_BUS_ADDRESS': 'unix:path=/run/user/1000/bus', 'ROS_DISTRO': 'lyrical', 'LOGNAME': 'punished_venom', 'ROS_VERSION': '2', 'XDG_SESSION_CLASS': 'user', 'XDG_SESSION_ID': '142', 'TERM': 'xterm', 'PATH': '/opt/ros/lyrical/bin:/usr/local/sbin:/usr/local/bin:/usr/sbin:/usr/bin:/sbin:/bin:/usr/games:/usr/local/games:/snap/bin', 'XDG_RUNTIME_DIR': '/run/user/1000', 'LANG': 'en_US.UTF-8', 'ROS_DOMAIN_ID': '101', 'AMENT_PREFIX_PATH': '/opt/ros/lyrical', 'SHELL': '/usr/bin/fish', 'ROS_AUTOMATIC_DISCOVERY_RANGE': 'SUBNET', 'PWD': '/home/punished_venom/DroneControls/src/build/photon_flight_servo_imu', 'LC_ALL': 'en_US.UTF-8', 'SSH_CONNECTION': '100.70.204.74 51792 100.71.17.45 22', 'XDG_DATA_DIRS': '/usr/local/share:/usr/share:/var/lib/snapd/desktop', 'PYTHONPATH': '/opt/ros/lyrical/lib/python3.14/site-packages', 'COLCON': '1', 'AMENT_CURRENT_PREFIX': '', 'CMAKE_PREFIX_PATH': '/opt/ros/lyrical'}), 'shell': False}
[1.912407] (-) TimerEvent: {}
[2.013523] (-) TimerEvent: {}
[2.018641] (photon_flight_liDAR_Collection) CommandEnded: {'returncode': 0}
[2.024720] (photon_flight_liDAR_Collection) JobProgress: {'identifier': 'photon_flight_liDAR_Collection', 'progress': 'install'}
[2.067115] (photon_flight_liDAR_Collection) Command: {'cmd': ['/usr/bin/cmake', '--install', '/home/punished_venom/DroneControls/src/build/photon_flight_liDAR_Collection'], 'cwd': '/home/punished_venom/DroneControls/src/build/photon_flight_liDAR_Collection', 'env': OrderedDict({'SSH_CLIENT': '100.70.204.74 51792 22', 'USER': 'punished_venom', 'XDG_SESSION_TYPE': 'tty', 'SHLVL': '1', 'LD_LIBRARY_PATH': '/opt/ros/lyrical/lib/aarch64-linux-gnu:/opt/ros/lyrical/lib', 'HOME': '/home/punished_venom', 'SSH_TTY': '/dev/pts/0', 'ROS_PYTHON_VERSION': '3', 'DBUS_SESSION_BUS_ADDRESS': 'unix:path=/run/user/1000/bus', 'ROS_DISTRO': 'lyrical', 'LOGNAME': 'punished_venom', 'ROS_VERSION': '2', 'XDG_SESSION_CLASS': 'user', 'XDG_SESSION_ID': '142', 'TERM': 'xterm', 'PATH': '/opt/ros/lyrical/bin:/usr/local/sbin:/usr/local/bin:/usr/sbin:/usr/bin:/sbin:/bin:/usr/games:/usr/local/games:/snap/bin', 'XDG_RUNTIME_DIR': '/run/user/1000', 'LANG': 'en_US.UTF-8', 'ROS_DOMAIN_ID': '101', 'AMENT_PREFIX_PATH': '/opt/ros/lyrical', 'SHELL': '/usr/bin/fish', 'ROS_AUTOMATIC_DISCOVERY_RANGE': 'SUBNET', 'PWD': '/home/punished_venom/DroneControls/src/build/photon_flight_liDAR_Collection', 'LC_ALL': 'en_US.UTF-8', 'SSH_CONNECTION': '100.70.204.74 51792 100.71.17.45 22', 'XDG_DATA_DIRS': '/usr/local/share:/usr/share:/var/lib/snapd/desktop', 'PYTHONPATH': '/opt/ros/lyrical/lib/python3.14/site-packages', 'COLCON': '1', 'AMENT_CURRENT_PREFIX': '', 'CMAKE_PREFIX_PATH': '/opt/ros/lyrical'}), 'shell': False}
[2.083988] (photon_flight_servo_imu) CommandEnded: {'returncode': 0}
[2.085438] (photon_flight_servo_imu) JobProgress: {'identifier': 'photon_flight_servo_imu', 'progress': 'install'}
[2.085608] (photon_flight_servo_imu) Command: {'cmd': ['/usr/bin/cmake', '--install', '/home/punished_venom/DroneControls/src/build/photon_flight_servo_imu'], 'cwd': '/home/punished_venom/DroneControls/src/build/photon_flight_servo_imu', 'env': OrderedDict({'SSH_CLIENT': '100.70.204.74 51792 22', 'USER': 'punished_venom', 'XDG_SESSION_TYPE': 'tty', 'SHLVL': '1', 'LD_LIBRARY_PATH': '/opt/ros/lyrical/lib/aarch64-linux-gnu:/opt/ros/lyrical/lib', 'HOME': '/home/punished_venom', 'SSH_TTY': '/dev/pts/0', 'ROS_PYTHON_VERSION': '3', 'DBUS_SESSION_BUS_ADDRESS': 'unix:path=/run/user/1000/bus', 'ROS_DISTRO': 'lyrical', 'LOGNAME': 'punished_venom', 'ROS_VERSION': '2', 'XDG_SESSION_CLASS': 'user', 'XDG_SESSION_ID': '142', 'TERM': 'xterm', 'PATH': '/opt/ros/lyrical/bin:/usr/local/sbin:/usr/local/bin:/usr/sbin:/usr/bin:/sbin:/bin:/usr/games:/usr/local/games:/snap/bin', 'XDG_RUNTIME_DIR': '/run/user/1000', 'LANG': 'en_US.UTF-8', 'ROS_DOMAIN_ID': '101', 'AMENT_PREFIX_PATH': '/opt/ros/lyrical', 'SHELL': '/usr/bin/fish', 'ROS_AUTOMATIC_DISCOVERY_RANGE': 'SUBNET', 'PWD': '/home/punished_venom/DroneControls/src/build/photon_flight_servo_imu', 'LC_ALL': 'en_US.UTF-8', 'SSH_CONNECTION': '100.70.204.74 51792 100.71.17.45 22', 'XDG_DATA_DIRS': '/usr/local/share:/usr/share:/var/lib/snapd/desktop', 'PYTHONPATH': '/opt/ros/lyrical/lib/python3.14/site-packages', 'COLCON': '1', 'AMENT_CURRENT_PREFIX': '', 'CMAKE_PREFIX_PATH': '/opt/ros/lyrical'}), 'shell': False}
[2.113730] (-) TimerEvent: {}
[2.118230] (photon_flight_liDAR_Collection) StdoutLine: {'line': b'-- Install configuration: ""\n'}
[2.122323] (photon_flight_liDAR_Collection) StdoutLine: {'line': b'-- Execute custom install script\n'}
[2.127110] (photon_flight_liDAR_Collection) StdoutLine: {'line': b'-- Up-to-date symlink: /home/punished_venom/DroneControls/src/install/photon_flight_liDAR_Collection/share/ament_index/resource_index/package_run_dependencies/photon_flight_liDAR_Collection\n'}
[2.131134] (photon_flight_liDAR_Collection) StdoutLine: {'line': b'-- Up-to-date symlink: /home/punished_venom/DroneControls/src/install/photon_flight_liDAR_Collection/share/ament_index/resource_index/parent_prefix_path/photon_flight_liDAR_Collection\n'}
[2.135900] (photon_flight_liDAR_Collection) StdoutLine: {'line': b'-- Up-to-date symlink: /home/punished_venom/DroneControls/src/install/photon_flight_liDAR_Collection/share/photon_flight_liDAR_Collection/environment/ament_prefix_path.sh\n'}
[2.139536] (photon_flight_liDAR_Collection) StdoutLine: {'line': b'-- Up-to-date symlink: /home/punished_venom/DroneControls/src/install/photon_flight_liDAR_Collection/share/photon_flight_liDAR_Collection/environment/ament_prefix_path.dsv\n'}
[2.142540] (photon_flight_servo_imu) StdoutLine: {'line': b'-- Install configuration: ""\n'}
[2.146983] (photon_flight_liDAR_Collection) StdoutLine: {'line': b'-- Up-to-date symlink: /home/punished_venom/DroneControls/src/install/photon_flight_liDAR_Collection/share/photon_flight_liDAR_Collection/environment/path.sh\n'}
[2.151522] (photon_flight_servo_imu) StdoutLine: {'line': b'-- Execute custom install script\n'}
[2.155996] (photon_flight_servo_imu) StdoutLine: {'line': b'-- Up-to-date symlink: /home/punished_venom/DroneControls/src/install/photon_flight_servo_imu/share/ament_index/resource_index/package_run_dependencies/photon_flight_servo_imu\n'}
[2.159590] (photon_flight_servo_imu) StdoutLine: {'line': b'-- Up-to-date symlink: /home/punished_venom/DroneControls/src/install/photon_flight_servo_imu/share/ament_index/resource_index/parent_prefix_path/photon_flight_servo_imu\n'}
[2.163923] (photon_flight_liDAR_Collection) StdoutLine: {'line': b'-- Up-to-date symlink: /home/punished_venom/DroneControls/src/install/photon_flight_liDAR_Collection/share/photon_flight_liDAR_Collection/environment/path.dsv\n'}
[2.167414] (photon_flight_servo_imu) StdoutLine: {'line': b'-- Up-to-date symlink: /home/punished_venom/DroneControls/src/install/photon_flight_servo_imu/share/photon_flight_servo_imu/environment/ament_prefix_path.sh\n'}
[2.172835] (photon_flight_servo_imu) StdoutLine: {'line': b'-- Up-to-date symlink: /home/punished_venom/DroneControls/src/install/photon_flight_servo_imu/share/photon_flight_servo_imu/environment/ament_prefix_path.dsv\n'}
[2.174963] (photon_flight_servo_imu) StdoutLine: {'line': b'-- Up-to-date symlink: /home/punished_venom/DroneControls/src/install/photon_flight_servo_imu/share/photon_flight_servo_imu/environment/path.sh\n'}
[2.177531] (photon_flight_servo_imu) StdoutLine: {'line': b'-- Up-to-date symlink: /home/punished_venom/DroneControls/src/install/photon_flight_servo_imu/share/photon_flight_servo_imu/environment/path.dsv\n'}
[2.180287] (photon_flight_servo_imu) StdoutLine: {'line': b'-- Up-to-date symlink: /home/punished_venom/DroneControls/src/install/photon_flight_servo_imu/share/photon_flight_servo_imu/local_setup.bash\n'}
[2.182376] (photon_flight_liDAR_Collection) StdoutLine: {'line': b'-- Up-to-date symlink: /home/punished_venom/DroneControls/src/install/photon_flight_liDAR_Collection/share/photon_flight_liDAR_Collection/local_setup.bash\n'}
[2.184363] (photon_flight_liDAR_Collection) StdoutLine: {'line': b'-- Up-to-date symlink: /home/punished_venom/DroneControls/src/install/photon_flight_liDAR_Collection/share/photon_flight_liDAR_Collection/local_setup.fish\n'}
[2.186311] (photon_flight_servo_imu) StdoutLine: {'line': b'-- Up-to-date symlink: /home/punished_venom/DroneControls/src/install/photon_flight_servo_imu/share/photon_flight_servo_imu/local_setup.fish\n'}
[2.188333] (photon_flight_servo_imu) StdoutLine: {'line': b'-- Up-to-date symlink: /home/punished_venom/DroneControls/src/install/photon_flight_servo_imu/share/photon_flight_servo_imu/local_setup.sh\n'}
[2.190110] (photon_flight_servo_imu) StdoutLine: {'line': b'-- Up-to-date symlink: /home/punished_venom/DroneControls/src/install/photon_flight_servo_imu/share/photon_flight_servo_imu/local_setup.zsh\n'}
[2.193244] (photon_flight_servo_imu) StdoutLine: {'line': b'-- Up-to-date symlink: /home/punished_venom/DroneControls/src/install/photon_flight_servo_imu/share/photon_flight_servo_imu/local_setup.dsv\n'}
[2.194997] (photon_flight_liDAR_Collection) StdoutLine: {'line': b'-- Up-to-date symlink: /home/punished_venom/DroneControls/src/install/photon_flight_liDAR_Collection/share/photon_flight_liDAR_Collection/local_setup.sh\n'}
[2.196869] (photon_flight_servo_imu) StdoutLine: {'line': b'-- Symlinking: /home/punished_venom/DroneControls/src/install/photon_flight_servo_imu/share/photon_flight_servo_imu/package.dsv\n'}
[2.198799] (photon_flight_liDAR_Collection) StdoutLine: {'line': b'-- Up-to-date symlink: /home/punished_venom/DroneControls/src/install/photon_flight_liDAR_Collection/share/photon_flight_liDAR_Collection/local_setup.zsh\n'}
[2.200846] (photon_flight_liDAR_Collection) StdoutLine: {'line': b'-- Up-to-date symlink: /home/punished_venom/DroneControls/src/install/photon_flight_liDAR_Collection/share/photon_flight_liDAR_Collection/local_setup.dsv\n'}
[2.202515] (photon_flight_liDAR_Collection) StdoutLine: {'line': b'-- Symlinking: /home/punished_venom/DroneControls/src/install/photon_flight_liDAR_Collection/share/photon_flight_liDAR_Collection/package.dsv\n'}
[2.204231] (photon_flight_servo_imu) StdoutLine: {'line': b'-- Up-to-date symlink: /home/punished_venom/DroneControls/src/install/photon_flight_servo_imu/share/ament_index/resource_index/packages/photon_flight_servo_imu\n'}
[2.205825] (photon_flight_servo_imu) StdoutLine: {'line': b'-- Up-to-date symlink: /home/punished_venom/DroneControls/src/install/photon_flight_servo_imu/share/photon_flight_servo_imu/cmake/photon_flight_servo_imuConfig.cmake\n'}
[2.207998] (photon_flight_servo_imu) StdoutLine: {'line': b'-- Up-to-date symlink: /home/punished_venom/DroneControls/src/install/photon_flight_servo_imu/share/photon_flight_servo_imu/cmake/photon_flight_servo_imuConfig-version.cmake\n'}
[2.210558] (photon_flight_servo_imu) StdoutLine: {'line': b'-- Up-to-date symlink: /home/punished_venom/DroneControls/src/install/photon_flight_servo_imu/share/photon_flight_servo_imu/package.xml\n'}
[2.213944] (photon_flight_servo_imu) CommandEnded: {'returncode': 0}
[2.216917] (-) TimerEvent: {}
[2.238886] (photon_flight_liDAR_Collection) StdoutLine: {'line': b'-- Up-to-date symlink: /home/punished_venom/DroneControls/src/install/photon_flight_liDAR_Collection/share/ament_index/resource_index/packages/photon_flight_liDAR_Collection\n'}
[2.241939] (photon_flight_liDAR_Collection) StdoutLine: {'line': b'-- Up-to-date symlink: /home/punished_venom/DroneControls/src/install/photon_flight_liDAR_Collection/share/photon_flight_liDAR_Collection/cmake/photon_flight_liDAR_CollectionConfig.cmake\n'}
[2.245307] (photon_flight_liDAR_Collection) StdoutLine: {'line': b'-- Up-to-date symlink: /home/punished_venom/DroneControls/src/install/photon_flight_liDAR_Collection/share/photon_flight_liDAR_Collection/cmake/photon_flight_liDAR_CollectionConfig-version.cmake\n'}
[2.249761] (photon_flight_liDAR_Collection) StdoutLine: {'line': b'-- Up-to-date symlink: /home/punished_venom/DroneControls/src/install/photon_flight_liDAR_Collection/share/photon_flight_liDAR_Collection/package.xml\n'}
[2.318325] (-) TimerEvent: {}
[2.344906] (photon_flight_servo_imu) JobEnded: {'identifier': 'photon_flight_servo_imu', 'rc': 0}
[2.349994] (rplidar_ros) JobStarted: {'identifier': 'rplidar_ros'}
[2.365618] (photon_flight_liDAR_Collection) CommandEnded: {'returncode': 0}
[2.418924] (-) TimerEvent: {}
[2.451846] (photon_flight_liDAR_Collection) JobEnded: {'identifier': 'photon_flight_liDAR_Collection', 'rc': 0}
[2.462684] (rplidar_ros) JobProgress: {'identifier': 'rplidar_ros', 'progress': 'cmake'}
[2.463447] (rplidar_ros) Command: {'cmd': ['/usr/bin/cmake', '/home/punished_venom/DroneControls/src/rplidar_ros', '-DAMENT_CMAKE_SYMLINK_INSTALL=1', '-DCMAKE_INSTALL_PREFIX=/home/punished_venom/DroneControls/src/install/rplidar_ros'], 'cwd': '/home/punished_venom/DroneControls/src/build/rplidar_ros', 'env': OrderedDict({'SSH_CLIENT': '100.70.204.74 51792 22', 'USER': 'punished_venom', 'XDG_SESSION_TYPE': 'tty', 'SHLVL': '1', 'LD_LIBRARY_PATH': '/opt/ros/lyrical/lib/aarch64-linux-gnu:/opt/ros/lyrical/lib', 'HOME': '/home/punished_venom', 'SSH_TTY': '/dev/pts/0', 'ROS_PYTHON_VERSION': '3', 'DBUS_SESSION_BUS_ADDRESS': 'unix:path=/run/user/1000/bus', 'ROS_DISTRO': 'lyrical', 'LOGNAME': 'punished_venom', 'ROS_VERSION': '2', 'XDG_SESSION_CLASS': 'user', 'XDG_SESSION_ID': '142', 'TERM': 'xterm', 'PATH': '/opt/ros/lyrical/bin:/usr/local/sbin:/usr/local/bin:/usr/sbin:/usr/bin:/sbin:/bin:/usr/games:/usr/local/games:/snap/bin', 'XDG_RUNTIME_DIR': '/run/user/1000', 'LANG': 'en_US.UTF-8', 'ROS_DOMAIN_ID': '101', 'AMENT_PREFIX_PATH': '/opt/ros/lyrical', 'SHELL': '/usr/bin/fish', 'ROS_AUTOMATIC_DISCOVERY_RANGE': 'SUBNET', 'PWD': '/home/punished_venom/DroneControls/src/build/rplidar_ros', 'LC_ALL': 'en_US.UTF-8', 'SSH_CONNECTION': '100.70.204.74 51792 100.71.17.45 22', 'XDG_DATA_DIRS': '/usr/local/share:/usr/share:/var/lib/snapd/desktop', 'PYTHONPATH': '/opt/ros/lyrical/lib/python3.14/site-packages', 'COLCON': '1', 'AMENT_CURRENT_PREFIX': '', 'CMAKE_PREFIX_PATH': '/opt/ros/lyrical'}), 'shell': False}
[2.499764] (rplidar_ros) StderrLine: {'line': b'\x1b[0mCMake Deprecation Warning at CMakeLists.txt:4 (cmake_minimum_required):\n'}
[2.501402] (rplidar_ros) StderrLine: {'line': b'  Compatibility with CMake < 3.10 will be removed from a future version of\n'}
[2.503682] (rplidar_ros) StderrLine: {'line': b'  CMake.\n'}
[2.506767] (rplidar_ros) StderrLine: {'line': b'\n'}
[2.508649] (rplidar_ros) StderrLine: {'line': b'  Update the VERSION argument <min> value.  Or, use the <min>...<max> syntax\n'}
[2.510502] (rplidar_ros) StderrLine: {'line': b'  to tell CMake that the project requires at least <min> but has been updated\n'}
[2.514227] (rplidar_ros) StderrLine: {'line': b'  to work with policies introduced by <max> or earlier.\n'}
[2.517834] (rplidar_ros) StderrLine: {'line': b'\n'}
[2.520495] (-) TimerEvent: {}
[2.521431] (rplidar_ros) StderrLine: {'line': b'\x1b[0m\n'}
[2.621312] (-) TimerEvent: {}
[2.722426] (-) TimerEvent: {}
[2.779524] (rplidar_ros) StdoutLine: {'line': b'-- The C compiler identification is GNU 15.2.0\n'}
[2.822629] (-) TimerEvent: {}
[2.923348] (-) TimerEvent: {}
[3.024044] (-) TimerEvent: {}
[3.108329] (rplidar_ros) StdoutLine: {'line': b'-- The CXX compiler identification is GNU 15.2.0\n'}
[3.124298] (-) TimerEvent: {}
[3.144069] (rplidar_ros) StdoutLine: {'line': b'-- Detecting C compiler ABI info\n'}
[3.224498] (-) TimerEvent: {}
[3.327135] (-) TimerEvent: {}
[3.429350] (-) TimerEvent: {}
[3.513324] (rplidar_ros) StdoutLine: {'line': b'-- Detecting C compiler ABI info - done\n'}
[3.529504] (-) TimerEvent: {}
[3.575121] (rplidar_ros) StdoutLine: {'line': b'-- Check for working C compiler: /usr/bin/cc - skipped\n'}
[3.576351] (rplidar_ros) StdoutLine: {'line': b'-- Detecting C compile features\n'}
[3.578452] (rplidar_ros) StdoutLine: {'line': b'-- Detecting C compile features - done\n'}
[3.629399] (rplidar_ros) StdoutLine: {'line': b'-- Detecting CXX compiler ABI info\n'}
[3.631882] (-) TimerEvent: {}
[3.733621] (-) TimerEvent: {}
[3.835348] (-) TimerEvent: {}
[3.936899] (-) TimerEvent: {}
[4.014458] (rplidar_ros) StdoutLine: {'line': b'-- Detecting CXX compiler ABI info - done\n'}
[4.037076] (-) TimerEvent: {}
[4.078654] (rplidar_ros) StdoutLine: {'line': b'-- Check for working CXX compiler: /usr/bin/c++ - skipped\n'}
[4.082400] (rplidar_ros) StdoutLine: {'line': b'-- Detecting CXX compile features\n'}
[4.085460] (rplidar_ros) StdoutLine: {'line': b'-- Detecting CXX compile features - done\n'}
[4.122700] (rplidar_ros) StdoutLine: {'line': b'-- Found ament_cmake: 2.8.8 (/opt/ros/lyrical/share/ament_cmake/cmake)\n'}
[4.138309] (-) TimerEvent: {}
[4.238975] (-) TimerEvent: {}
[4.340531] (-) TimerEvent: {}
[4.442485] (-) TimerEvent: {}
[4.544940] (-) TimerEvent: {}
[4.646491] (-) TimerEvent: {}
[4.749408] (-) TimerEvent: {}
[4.850161] (-) TimerEvent: {}
[4.951325] (-) TimerEvent: {}
[5.053319] (-) TimerEvent: {}
[5.154110] (-) TimerEvent: {}
[5.254868] (-) TimerEvent: {}
[5.356303] (-) TimerEvent: {}
[5.457069] (-) TimerEvent: {}
[5.487301] (rplidar_ros) StdoutLine: {'line': b'-- Override CMake install command with custom implementation using symlinks instead of copying resources\n'}
[5.557242] (-) TimerEvent: {}
[5.658374] (-) TimerEvent: {}
[5.682166] (rplidar_ros) StdoutLine: {'line': b'-- Found rclcpp: 32.0.3 (/opt/ros/lyrical/share/rclcpp/cmake)\n'}
[5.759310] (-) TimerEvent: {}
[5.805150] (rplidar_ros) StdoutLine: {'line': b'-- Found rosidl_generator_c: 5.2.1 (/opt/ros/lyrical/share/rosidl_generator_c/cmake)\n'}
[5.839298] (rplidar_ros) StdoutLine: {'line': b'-- Found rosidl_generator_cpp: 5.2.1 (/opt/ros/lyrical/share/rosidl_generator_cpp/cmake)\n'}
[5.859463] (-) TimerEvent: {}
[5.901284] (rplidar_ros) StdoutLine: {'line': b'-- Using all available rosidl_typesupport_c: rosidl_typesupport_fastrtps_c;rosidl_typesupport_introspection_c\n'}
[5.957285] (rplidar_ros) StdoutLine: {'line': b'-- Using all available rosidl_typesupport_cpp: rosidl_typesupport_fastrtps_cpp;rosidl_typesupport_introspection_cpp\n'}
[5.962330] (-) TimerEvent: {}
[6.064330] (-) TimerEvent: {}
[6.165318] (-) TimerEvent: {}
[6.266340] (-) TimerEvent: {}
[6.296349] (rplidar_ros) StdoutLine: {'line': b'-- Found rmw_implementation_cmake: 7.10.2 (/opt/ros/lyrical/share/rmw_implementation_cmake/cmake)\n'}
[6.314409] (rplidar_ros) StdoutLine: {'line': b'-- Found rmw_fastrtps_cpp: 9.4.10 (/opt/ros/lyrical/share/rmw_fastrtps_cpp/cmake)\n'}
[6.367573] (-) TimerEvent: {}
[6.399687] (photon_flight_db_internet) Command: {'cmd': ['/usr/bin/python3', '-W', 'ignore:setup.py install is deprecated', '-W', 'ignore:easy_install command is deprecated', 'setup.py', 'develop', '--editable', '--build-directory', '/home/punished_venom/DroneControls/src/build/photon_flight_db_internet/build', '--no-deps', 'symlink_data'], 'cwd': '/home/punished_venom/DroneControls/src/build/photon_flight_db_internet', 'env': OrderedDict({'SSH_CLIENT': '100.70.204.74 51792 22', 'USER': 'punished_venom', 'XDG_SESSION_TYPE': 'tty', 'SHLVL': '1', 'LD_LIBRARY_PATH': '/opt/ros/lyrical/lib/aarch64-linux-gnu:/opt/ros/lyrical/lib', 'HOME': '/home/punished_venom', 'SSH_TTY': '/dev/pts/0', 'ROS_PYTHON_VERSION': '3', 'DBUS_SESSION_BUS_ADDRESS': 'unix:path=/run/user/1000/bus', 'ROS_DISTRO': 'lyrical', 'LOGNAME': 'punished_venom', 'ROS_VERSION': '2', 'XDG_SESSION_CLASS': 'user', 'XDG_SESSION_ID': '142', 'TERM': 'xterm', 'PATH': '/opt/ros/lyrical/bin:/usr/local/sbin:/usr/local/bin:/usr/sbin:/usr/bin:/sbin:/bin:/usr/games:/usr/local/games:/snap/bin', 'XDG_RUNTIME_DIR': '/run/user/1000', 'LANG': 'en_US.UTF-8', 'ROS_DOMAIN_ID': '101', 'AMENT_PREFIX_PATH': '/opt/ros/lyrical', 'SHELL': '/usr/bin/fish', 'ROS_AUTOMATIC_DISCOVERY_RANGE': 'SUBNET', 'PWD': '/home/punished_venom/DroneControls/src/build/photon_flight_db_internet', 'LC_ALL': 'en_US.UTF-8', 'SSH_CONNECTION': '100.70.204.74 51792 100.71.17.45 22', 'XDG_DATA_DIRS': '/usr/local/share:/usr/share:/var/lib/snapd/desktop', 'PYTHONPATH': '/home/punished_venom/DroneControls/src/build/photon_flight_db_internet/prefix_override:/usr/lib/python3/dist-packages/colcon_core/task/python/colcon_distutils_commands:/home/punished_venom/DroneControls/src/install/photon_flight_db_internet/lib/python3.14/site-packages:/opt/ros/lyrical/lib/python3.14/site-packages', 'COLCON': '1', 'AMENT_CURRENT_PREFIX': ''}), 'shell': False}
[6.467770] (-) TimerEvent: {}
[6.520983] (rplidar_ros) StdoutLine: {'line': b"-- Using RMW implementation 'rmw_fastrtps_cpp' as default\n"}
[6.553219] (photon_flight_camera) Command: {'cmd': ['/usr/bin/python3', '-W', 'ignore:setup.py install is deprecated', '-W', 'ignore:easy_install command is deprecated', 'setup.py', 'develop', '--editable', '--build-directory', '/home/punished_venom/DroneControls/src/build/photon_flight_camera/build', '--no-deps', 'symlink_data'], 'cwd': '/home/punished_venom/DroneControls/src/build/photon_flight_camera', 'env': OrderedDict({'SSH_CLIENT': '100.70.204.74 51792 22', 'USER': 'punished_venom', 'XDG_SESSION_TYPE': 'tty', 'SHLVL': '1', 'LD_LIBRARY_PATH': '/opt/ros/lyrical/lib/aarch64-linux-gnu:/opt/ros/lyrical/lib', 'HOME': '/home/punished_venom', 'SSH_TTY': '/dev/pts/0', 'ROS_PYTHON_VERSION': '3', 'DBUS_SESSION_BUS_ADDRESS': 'unix:path=/run/user/1000/bus', 'ROS_DISTRO': 'lyrical', 'LOGNAME': 'punished_venom', 'ROS_VERSION': '2', 'XDG_SESSION_CLASS': 'user', 'XDG_SESSION_ID': '142', 'TERM': 'xterm', 'PATH': '/opt/ros/lyrical/bin:/usr/local/sbin:/usr/local/bin:/usr/sbin:/usr/bin:/sbin:/bin:/usr/games:/usr/local/games:/snap/bin', 'XDG_RUNTIME_DIR': '/run/user/1000', 'LANG': 'en_US.UTF-8', 'ROS_DOMAIN_ID': '101', 'AMENT_PREFIX_PATH': '/opt/ros/lyrical', 'SHELL': '/usr/bin/fish', 'ROS_AUTOMATIC_DISCOVERY_RANGE': 'SUBNET', 'PWD': '/home/punished_venom/DroneControls/src/build/photon_flight_camera', 'LC_ALL': 'en_US.UTF-8', 'SSH_CONNECTION': '100.70.204.74 51792 100.71.17.45 22', 'XDG_DATA_DIRS': '/usr/local/share:/usr/share:/var/lib/snapd/desktop', 'PYTHONPATH': '/home/punished_venom/DroneControls/src/build/photon_flight_camera/prefix_override:/usr/lib/python3/dist-packages/colcon_core/task/python/colcon_distutils_commands:/home/punished_venom/DroneControls/src/install/photon_flight_camera/lib/python3.14/site-packages:/opt/ros/lyrical/lib/python3.14/site-packages', 'COLCON': '1', 'AMENT_CURRENT_PREFIX': ''}), 'shell': False}
[6.567959] (-) TimerEvent: {}
[6.670499] (-) TimerEvent: {}
[6.771254] (-) TimerEvent: {}
[6.852375] (rplidar_ros) StdoutLine: {'line': b'-- Found sensor_msgs: 5.9.3 (/opt/ros/lyrical/share/sensor_msgs/cmake)\n'}
[6.871477] (-) TimerEvent: {}
[6.972481] (-) TimerEvent: {}
[7.073263] (-) TimerEvent: {}
[7.107876] (rplidar_ros) StdoutLine: {'line': b'-- Found std_srvs: 5.9.3 (/opt/ros/lyrical/share/std_srvs/cmake)\n'}
[7.173456] (-) TimerEvent: {}
[7.182063] (rplidar_ros) StderrLine: {'line': b'\x1b[31mCMake Error at CMakeLists.txt:61 (ament_target_dependencies):\n'}
[7.182755] (rplidar_ros) StderrLine: {'line': b'  Unknown CMake command "ament_target_dependencies".\n'}
[7.183159] (rplidar_ros) StderrLine: {'line': b'\n'}
[7.183612] (rplidar_ros) StderrLine: {'line': b'\x1b[0m\n'}
[7.185386] (rplidar_ros) StdoutLine: {'line': b'-- Configuring incomplete, errors occurred!\n'}
[7.211099] (rplidar_ros) CommandEnded: {'returncode': 1}
[7.274150] (-) TimerEvent: {}
[7.287871] (rplidar_ros) JobEnded: {'identifier': 'rplidar_ros', 'rc': 1}
[7.374335] (-) TimerEvent: {}
[7.475347] (-) TimerEvent: {}
[7.576522] (-) TimerEvent: {}
[7.677390] (-) TimerEvent: {}
[7.777964] (-) TimerEvent: {}
[7.833335] (photon_flight_db_internet) StdoutLine: {'line': b'running develop\n'}
[7.878285] (-) TimerEvent: {}
[7.914386] (photon_flight_camera) StdoutLine: {'line': b'running develop\n'}
[7.978443] (-) TimerEvent: {}
[8.079021] (-) TimerEvent: {}
[8.179622] (-) TimerEvent: {}
[8.280913] (-) TimerEvent: {}
[8.381738] (-) TimerEvent: {}
[8.462000] (photon_flight_db_internet) StdoutLine: {'line': b'running egg_info\n'}
[8.481884] (-) TimerEvent: {}
[8.535432] (photon_flight_db_internet) StdoutLine: {'line': b'writing photon_flight_db_internet.egg-info/PKG-INFO\n'}
[8.537781] (photon_flight_db_internet) StdoutLine: {'line': b'writing dependency_links to photon_flight_db_internet.egg-info/dependency_links.txt\n'}
[8.540255] (photon_flight_db_internet) StdoutLine: {'line': b'writing requirements to photon_flight_db_internet.egg-info/requires.txt\n'}
[8.541493] (photon_flight_db_internet) StdoutLine: {'line': b'writing top-level names to photon_flight_db_internet.egg-info/top_level.txt\n'}
[8.560562] (photon_flight_camera) StdoutLine: {'line': b'running egg_info\n'}
[8.582057] (-) TimerEvent: {}
[8.632247] (photon_flight_camera) StdoutLine: {'line': b'writing photon_flight_camera.egg-info/PKG-INFO\n'}
[8.634607] (photon_flight_camera) StdoutLine: {'line': b'writing dependency_links to photon_flight_camera.egg-info/dependency_links.txt\n'}
[8.636334] (photon_flight_camera) StdoutLine: {'line': b'writing requirements to photon_flight_camera.egg-info/requires.txt\n'}
[8.637069] (photon_flight_camera) StdoutLine: {'line': b'writing top-level names to photon_flight_camera.egg-info/top_level.txt\n'}
[8.682237] (-) TimerEvent: {}
[8.689708] (photon_flight_db_internet) StdoutLine: {'line': b"reading manifest file 'photon_flight_db_internet.egg-info/SOURCES.txt'\n"}
[8.693222] (photon_flight_db_internet) StdoutLine: {'line': b"writing manifest file 'photon_flight_db_internet.egg-info/SOURCES.txt'\n"}
[8.765217] (photon_flight_db_internet) StdoutLine: {'line': b'running build_ext\n'}
[8.765959] (photon_flight_db_internet) StdoutLine: {'line': b'Creating /home/punished_venom/DroneControls/src/install/photon_flight_db_internet/lib/python3.14/site-packages/photon-flight-db-internet.egg-link (link to .)\n'}
[8.768443] (photon_flight_db_internet) StdoutLine: {'line': b'\n'}
[8.768953] (photon_flight_db_internet) StdoutLine: {'line': b'Installed /home/punished_venom/DroneControls/src/build/photon_flight_db_internet\n'}
[8.769581] (photon_flight_db_internet) StdoutLine: {'line': b'running symlink_data\n'}
[8.782443] (-) TimerEvent: {}
[8.807979] (photon_flight_camera) StdoutLine: {'line': b"reading manifest file 'photon_flight_camera.egg-info/SOURCES.txt'\n"}
[8.813867] (photon_flight_camera) StdoutLine: {'line': b"writing manifest file 'photon_flight_camera.egg-info/SOURCES.txt'\n"}
[8.882699] (-) TimerEvent: {}
[8.973308] (photon_flight_db_internet) JobEnded: {'identifier': 'photon_flight_db_internet', 'rc': 'SIGINT'}
[8.982828] (-) TimerEvent: {}
[8.990426] (photon_flight_camera) StdoutLine: {'line': b'running build_ext\n'}
[8.991055] (photon_flight_camera) StdoutLine: {'line': b'Creating /home/punished_venom/DroneControls/src/install/photon_flight_camera/lib/python3.14/site-packages/photon-flight-camera.egg-link (link to .)\n'}
[8.993456] (photon_flight_camera) StdoutLine: {'line': b'\n'}
[8.993971] (photon_flight_camera) StdoutLine: {'line': b'Installed /home/punished_venom/DroneControls/src/build/photon_flight_camera\n'}
[8.994335] (photon_flight_camera) StdoutLine: {'line': b'running symlink_data\n'}
[9.083169] (-) TimerEvent: {}
[9.181418] (photon_flight_camera) JobEnded: {'identifier': 'photon_flight_camera', 'rc': 'SIGINT'}
[9.185308] (-) TimerEvent: {}
[9.185652] (-) EventReactorShutdown: {}
