-- Found ament_cmake: 2.8.8 (/opt/ros/lyrical/share/ament_cmake/cmake)
-- Override CMake install command with custom implementation using symlinks instead of copying resources
-- Found ament_lint_auto: 0.20.6 (/opt/ros/lyrical/share/ament_lint_auto/cmake)
-- Added test 'lint_cmake' to check CMake code style
-- Added test 'xmllint' to check XML markup files
-- Configuring done (2.2s)
-- Generating done (0.0s)
-- Build files have been written to: /home/punished_venom/DroneControls/src/build/photon_flight_servo_imu
-- Install configuration: ""
-- Execute custom install script
-- Symlinking: /home/punished_venom/DroneControls/src/install/photon_flight_servo_imu/share/ament_index/resource_index/package_run_dependencies/photon_flight_servo_imu
-- Symlinking: /home/punished_venom/DroneControls/src/install/photon_flight_servo_imu/share/ament_index/resource_index/parent_prefix_path/photon_flight_servo_imu
-- Symlinking: /home/punished_venom/DroneControls/src/install/photon_flight_servo_imu/share/photon_flight_servo_imu/environment/ament_prefix_path.sh
-- Symlinking: /home/punished_venom/DroneControls/src/install/photon_flight_servo_imu/share/photon_flight_servo_imu/environment/ament_prefix_path.dsv
-- Symlinking: /home/punished_venom/DroneControls/src/install/photon_flight_servo_imu/share/photon_flight_servo_imu/environment/path.sh
-- Symlinking: /home/punished_venom/DroneControls/src/install/photon_flight_servo_imu/share/photon_flight_servo_imu/environment/path.dsv
-- Symlinking: /home/punished_venom/DroneControls/src/install/photon_flight_servo_imu/share/photon_flight_servo_imu/local_setup.bash
-- Symlinking: /home/punished_venom/DroneControls/src/install/photon_flight_servo_imu/share/photon_flight_servo_imu/local_setup.fish
-- Symlinking: /home/punished_venom/DroneControls/src/install/photon_flight_servo_imu/share/photon_flight_servo_imu/local_setup.sh
-- Symlinking: /home/punished_venom/DroneControls/src/install/photon_flight_servo_imu/share/photon_flight_servo_imu/local_setup.zsh
-- Symlinking: /home/punished_venom/DroneControls/src/install/photon_flight_servo_imu/share/photon_flight_servo_imu/local_setup.dsv
-- Symlinking: /home/punished_venom/DroneControls/src/install/photon_flight_servo_imu/share/photon_flight_servo_imu/package.dsv
-- Symlinking: /home/punished_venom/DroneControls/src/install/photon_flight_servo_imu/share/ament_index/resource_index/packages/photon_flight_servo_imu
-- Symlinking: /home/punished_venom/DroneControls/src/install/photon_flight_servo_imu/share/photon_flight_servo_imu/cmake/photon_flight_servo_imuConfig.cmake
-- Symlinking: /home/punished_venom/DroneControls/src/install/photon_flight_servo_imu/share/photon_flight_servo_imu/cmake/photon_flight_servo_imuConfig-version.cmake
-- Symlinking: /home/punished_venom/DroneControls/src/install/photon_flight_servo_imu/share/photon_flight_servo_imu/package.xml
