[1.774s] Invoking command in '/home/punished_venom/DroneControls/src/build/photon_flight_servo_imu': CMAKE_PREFIX_PATH=/opt/ros/lyrical /usr/bin/cmake /home/punished_venom/DroneControls/src/photon_flight_servo_imu -DAMENT_CMAKE_SYMLINK_INSTALL=1 -DCMAKE_INSTALL_PREFIX=/home/punished_venom/DroneControls/src/install/photon_flight_servo_imu
[1.843s] -- Found ament_cmake: 2.8.8 (/opt/ros/lyrical/share/ament_cmake/cmake)
[3.222s] -- Override CMake install command with custom implementation using symlinks instead of copying resources
[3.279s] -- Found ament_lint_auto: 0.20.6 (/opt/ros/lyrical/share/ament_lint_auto/cmake)
[3.965s] -- Added test 'lint_cmake' to check CMake code style
[3.969s] -- Added test 'xmllint' to check XML markup files
[3.976s] -- Configuring done (2.2s)
[4.012s] -- Generating done (0.0s)
[4.023s] -- Build files have been written to: /home/punished_venom/DroneControls/src/build/photon_flight_servo_imu
[4.036s] Invoked command in '/home/punished_venom/DroneControls/src/build/photon_flight_servo_imu' returned '0': CMAKE_PREFIX_PATH=/opt/ros/lyrical /usr/bin/cmake /home/punished_venom/DroneControls/src/photon_flight_servo_imu -DAMENT_CMAKE_SYMLINK_INSTALL=1 -DCMAKE_INSTALL_PREFIX=/home/punished_venom/DroneControls/src/install/photon_flight_servo_imu
[4.046s] Invoking command in '/home/punished_venom/DroneControls/src/build/photon_flight_servo_imu': CMAKE_PREFIX_PATH=/opt/ros/lyrical /usr/bin/cmake --build /home/punished_venom/DroneControls/src/build/photon_flight_servo_imu -- -j4 -l4
[4.218s] Invoked command in '/home/punished_venom/DroneControls/src/build/photon_flight_servo_imu' returned '0': CMAKE_PREFIX_PATH=/opt/ros/lyrical /usr/bin/cmake --build /home/punished_venom/DroneControls/src/build/photon_flight_servo_imu -- -j4 -l4
[4.255s] Invoking command in '/home/punished_venom/DroneControls/src/build/photon_flight_servo_imu': CMAKE_PREFIX_PATH=/opt/ros/lyrical /usr/bin/cmake --install /home/punished_venom/DroneControls/src/build/photon_flight_servo_imu
[4.308s] -- Install configuration: ""
[4.315s] -- Execute custom install script
[4.319s] -- Symlinking: /home/punished_venom/DroneControls/src/install/photon_flight_servo_imu/share/ament_index/resource_index/package_run_dependencies/photon_flight_servo_imu
[4.363s] -- Symlinking: /home/punished_venom/DroneControls/src/install/photon_flight_servo_imu/share/ament_index/resource_index/parent_prefix_path/photon_flight_servo_imu
[4.412s] -- Symlinking: /home/punished_venom/DroneControls/src/install/photon_flight_servo_imu/share/photon_flight_servo_imu/environment/ament_prefix_path.sh
[4.507s] -- Symlinking: /home/punished_venom/DroneControls/src/install/photon_flight_servo_imu/share/photon_flight_servo_imu/environment/ament_prefix_path.dsv
[4.549s] -- Symlinking: /home/punished_venom/DroneControls/src/install/photon_flight_servo_imu/share/photon_flight_servo_imu/environment/path.sh
[4.590s] -- Symlinking: /home/punished_venom/DroneControls/src/install/photon_flight_servo_imu/share/photon_flight_servo_imu/environment/path.dsv
[4.630s] -- Symlinking: /home/punished_venom/DroneControls/src/install/photon_flight_servo_imu/share/photon_flight_servo_imu/local_setup.bash
[4.672s] -- Symlinking: /home/punished_venom/DroneControls/src/install/photon_flight_servo_imu/share/photon_flight_servo_imu/local_setup.fish
[4.723s] -- Symlinking: /home/punished_venom/DroneControls/src/install/photon_flight_servo_imu/share/photon_flight_servo_imu/local_setup.sh
[4.783s] -- Symlinking: /home/punished_venom/DroneControls/src/install/photon_flight_servo_imu/share/photon_flight_servo_imu/local_setup.zsh
[4.831s] -- Symlinking: /home/punished_venom/DroneControls/src/install/photon_flight_servo_imu/share/photon_flight_servo_imu/local_setup.dsv
[4.868s] -- Symlinking: /home/punished_venom/DroneControls/src/install/photon_flight_servo_imu/share/photon_flight_servo_imu/package.dsv
[4.927s] -- Symlinking: /home/punished_venom/DroneControls/src/install/photon_flight_servo_imu/share/ament_index/resource_index/packages/photon_flight_servo_imu
[4.970s] -- Symlinking: /home/punished_venom/DroneControls/src/install/photon_flight_servo_imu/share/photon_flight_servo_imu/cmake/photon_flight_servo_imuConfig.cmake
[5.014s] -- Symlinking: /home/punished_venom/DroneControls/src/install/photon_flight_servo_imu/share/photon_flight_servo_imu/cmake/photon_flight_servo_imuConfig-version.cmake
[5.059s] -- Symlinking: /home/punished_venom/DroneControls/src/install/photon_flight_servo_imu/share/photon_flight_servo_imu/package.xml
[5.185s] Invoked command in '/home/punished_venom/DroneControls/src/build/photon_flight_servo_imu' returned '0': CMAKE_PREFIX_PATH=/opt/ros/lyrical /usr/bin/cmake --install /home/punished_venom/DroneControls/src/build/photon_flight_servo_imu
