[0.000000] (-) TimerEvent: {}
[0.000525] (photon_flight_servo_imu) JobQueued: {'identifier': 'photon_flight_servo_imu', 'dependencies': OrderedDict()}
[0.001854] (photon_flight_servo_imu) JobStarted: {'identifier': 'photon_flight_servo_imu'}
[0.032146] (photon_flight_servo_imu) JobProgress: {'identifier': 'photon_flight_servo_imu', 'progress': 'cmake'}
[0.036561] (photon_flight_servo_imu) JobProgress: {'identifier': 'photon_flight_servo_imu', 'progress': 'build'}
[0.038683] (photon_flight_servo_imu) Command: {'cmd': ['/usr/bin/cmake', '--build', '/home/punished_venom/DroneControls/src/photon_flight_servo_imu/build/photon_flight_servo_imu', '--', '-j4', '-l4'], 'cwd': '/home/punished_venom/DroneControls/src/photon_flight_servo_imu/build/photon_flight_servo_imu', 'env': OrderedDict({'USER': 'punished_venom', 'SSH_CLIENT': '100.70.40.23 52278 22', 'XDG_SESSION_TYPE': 'tty', 'LD_LIBRARY_PATH': '/opt/ros/lyrical/lib/aarch64-linux-gnu:/opt/ros/lyrical/lib', 'SHLVL': '1', 'HOME': '/home/punished_venom', 'SSH_TTY': '/dev/pts/0', 'ROS_PYTHON_VERSION': '3', 'DBUS_SESSION_BUS_ADDRESS': 'unix:path=/run/user/1000/bus', 'ROS_DISTRO': 'lyrical', 'LOGNAME': 'punished_venom', 'ROS_VERSION': '2', 'XDG_SESSION_CLASS': 'user', 'XDG_SESSION_ID': '297', 'TERM': 'xterm', 'PATH': '/opt/ros/lyrical/bin:/usr/local/sbin:/usr/local/bin:/usr/sbin:/usr/bin:/sbin:/bin:/usr/games:/usr/local/games:/snap/bin', 'XDG_RUNTIME_DIR': '/run/user/1000', 'LANG': 'en_US.UTF-8', 'AMENT_PREFIX_PATH': '/opt/ros/lyrical', 'ROS_DOMAIN_ID': '101', 'SHELL': '/usr/bin/fish', 'ROS_AUTOMATIC_DISCOVERY_RANGE': 'SUBNET', 'PWD': '/home/punished_venom/DroneControls/src/photon_flight_servo_imu/build/photon_flight_servo_imu', 'LC_ALL': 'en_US.UTF-8', 'SSH_CONNECTION': '100.70.40.23 52278 100.71.17.45 22', 'XDG_DATA_DIRS': '/usr/local/share:/usr/share:/var/lib/snapd/desktop', 'PYTHONPATH': '/opt/ros/lyrical/lib/python3.14/site-packages', 'COLCON': '1', 'AMENT_CURRENT_PREFIX': '', 'CMAKE_PREFIX_PATH': '/opt/ros/lyrical'}), 'shell': False}
[0.099383] (-) TimerEvent: {}
[0.124382] (photon_flight_servo_imu) StdoutLine: {'line': b'-- Found ament_cmake: 2.8.8 (/opt/ros/lyrical/share/ament_cmake/cmake)\n'}
[0.199578] (-) TimerEvent: {}
[0.300243] (-) TimerEvent: {}
[0.400884] (-) TimerEvent: {}
[0.501929] (-) TimerEvent: {}
[0.602465] (-) TimerEvent: {}
[0.702990] (-) TimerEvent: {}
[0.803625] (-) TimerEvent: {}
[0.875497] (photon_flight_servo_imu) StdoutLine: {'line': b'-- Override CMake install command with custom implementation using symlinks instead of copying resources\n'}
[0.895728] (photon_flight_servo_imu) StdoutLine: {'line': b'-- Found rclcpp: 32.0.3 (/opt/ros/lyrical/share/rclcpp/cmake)\n'}
[0.903758] (-) TimerEvent: {}
[0.954432] (photon_flight_servo_imu) StdoutLine: {'line': b'-- Found rosidl_generator_c: 5.2.1 (/opt/ros/lyrical/share/rosidl_generator_c/cmake)\n'}
[0.968518] (photon_flight_servo_imu) StdoutLine: {'line': b'-- Found rosidl_generator_cpp: 5.2.1 (/opt/ros/lyrical/share/rosidl_generator_cpp/cmake)\n'}
[0.995694] (photon_flight_servo_imu) StdoutLine: {'line': b'-- Using all available rosidl_typesupport_c: rosidl_typesupport_fastrtps_c;rosidl_typesupport_introspection_c\n'}
[1.003929] (-) TimerEvent: {}
[1.025031] (photon_flight_servo_imu) StdoutLine: {'line': b'-- Using all available rosidl_typesupport_cpp: rosidl_typesupport_fastrtps_cpp;rosidl_typesupport_introspection_cpp\n'}
[1.104104] (-) TimerEvent: {}
[1.191333] (photon_flight_servo_imu) StdoutLine: {'line': b'-- Found rmw_implementation_cmake: 7.10.2 (/opt/ros/lyrical/share/rmw_implementation_cmake/cmake)\n'}
[1.195516] (photon_flight_servo_imu) StdoutLine: {'line': b'-- Found rmw_fastrtps_cpp: 9.4.10 (/opt/ros/lyrical/share/rmw_fastrtps_cpp/cmake)\n'}
[1.204312] (-) TimerEvent: {}
[1.269046] (photon_flight_servo_imu) StdoutLine: {'line': b"-- Using RMW implementation 'rmw_fastrtps_cpp' as default\n"}
[1.304457] (-) TimerEvent: {}
[1.405003] (-) TimerEvent: {}
[1.453078] (photon_flight_servo_imu) StdoutLine: {'line': b'-- Found std_msgs: 5.9.3 (/opt/ros/lyrical/share/std_msgs/cmake)\n'}
[1.492088] (photon_flight_servo_imu) StdoutLine: {'line': b'-- Found sensor_msgs: 5.9.3 (/opt/ros/lyrical/share/sensor_msgs/cmake)\n'}
[1.505146] (-) TimerEvent: {}
[1.599819] (photon_flight_servo_imu) StdoutLine: {'line': b'-- Found ament_lint_auto: 0.20.6 (/opt/ros/lyrical/share/ament_lint_auto/cmake)\n'}
[1.605349] (-) TimerEvent: {}
[1.705977] (-) TimerEvent: {}
[1.806560] (-) TimerEvent: {}
[1.907180] (-) TimerEvent: {}
[2.008186] (-) TimerEvent: {}
[2.070901] (photon_flight_servo_imu) StdoutLine: {'line': b"-- Added test 'cppcheck' to perform static code analysis on C / C++ code\n"}
[2.071498] (photon_flight_servo_imu) StdoutLine: {'line': b'-- Configured cppcheck include dirs: \n'}
[2.071768] (photon_flight_servo_imu) StdoutLine: {'line': b'-- Configured cppcheck exclude dirs and/or files: \n'}
[2.080078] (photon_flight_servo_imu) StdoutLine: {'line': b"-- Added test 'flake8' to check Python code syntax and style conventions\n"}
[2.080543] (photon_flight_servo_imu) StdoutLine: {'line': b"-- Configured 'flake8' exclude dirs and/or files: \n"}
[2.095770] (photon_flight_servo_imu) StdoutLine: {'line': b"-- Added test 'lint_cmake' to check CMake code style\n"}
[2.104344] (photon_flight_servo_imu) StdoutLine: {'line': b"-- Added test 'pep257' to check Python code against some of the docstring style conventions in PEP 257\n"}
[2.108327] (-) TimerEvent: {}
[2.162915] (photon_flight_servo_imu) StdoutLine: {'line': b"-- Added test 'uncrustify' to check C / C++ code style\n"}
[2.163425] (photon_flight_servo_imu) StdoutLine: {'line': b'-- Configured uncrustify additional arguments: \n'}
[2.171756] (photon_flight_servo_imu) StdoutLine: {'line': b"-- Added test 'xmllint' to check XML markup files\n"}
[2.175628] (photon_flight_servo_imu) StdoutLine: {'line': b'-- Configuring done (2.1s)\n'}
[2.208478] (-) TimerEvent: {}
[2.236504] (photon_flight_servo_imu) StdoutLine: {'line': b'-- Generating done (0.1s)\n'}
[2.308635] (-) TimerEvent: {}
[2.336808] (photon_flight_servo_imu) StdoutLine: {'line': b'-- Build files have been written to: /home/punished_venom/DroneControls/src/photon_flight_servo_imu/build/photon_flight_servo_imu\n'}
[2.408823] (-) TimerEvent: {}
[2.466931] (photon_flight_servo_imu) StdoutLine: {'line': b'[100%] Built target servo_driver\n'}
[2.500111] (photon_flight_servo_imu) CommandEnded: {'returncode': 0}
[2.503007] (photon_flight_servo_imu) JobProgress: {'identifier': 'photon_flight_servo_imu', 'progress': 'install'}
[2.508995] (-) TimerEvent: {}
[2.529778] (photon_flight_servo_imu) Command: {'cmd': ['/usr/bin/cmake', '--install', '/home/punished_venom/DroneControls/src/photon_flight_servo_imu/build/photon_flight_servo_imu'], 'cwd': '/home/punished_venom/DroneControls/src/photon_flight_servo_imu/build/photon_flight_servo_imu', 'env': OrderedDict({'USER': 'punished_venom', 'SSH_CLIENT': '100.70.40.23 52278 22', 'XDG_SESSION_TYPE': 'tty', 'LD_LIBRARY_PATH': '/opt/ros/lyrical/lib/aarch64-linux-gnu:/opt/ros/lyrical/lib', 'SHLVL': '1', 'HOME': '/home/punished_venom', 'SSH_TTY': '/dev/pts/0', 'ROS_PYTHON_VERSION': '3', 'DBUS_SESSION_BUS_ADDRESS': 'unix:path=/run/user/1000/bus', 'ROS_DISTRO': 'lyrical', 'LOGNAME': 'punished_venom', 'ROS_VERSION': '2', 'XDG_SESSION_CLASS': 'user', 'XDG_SESSION_ID': '297', 'TERM': 'xterm', 'PATH': '/opt/ros/lyrical/bin:/usr/local/sbin:/usr/local/bin:/usr/sbin:/usr/bin:/sbin:/bin:/usr/games:/usr/local/games:/snap/bin', 'XDG_RUNTIME_DIR': '/run/user/1000', 'LANG': 'en_US.UTF-8', 'AMENT_PREFIX_PATH': '/opt/ros/lyrical', 'ROS_DOMAIN_ID': '101', 'SHELL': '/usr/bin/fish', 'ROS_AUTOMATIC_DISCOVERY_RANGE': 'SUBNET', 'PWD': '/home/punished_venom/DroneControls/src/photon_flight_servo_imu/build/photon_flight_servo_imu', 'LC_ALL': 'en_US.UTF-8', 'SSH_CONNECTION': '100.70.40.23 52278 100.71.17.45 22', 'XDG_DATA_DIRS': '/usr/local/share:/usr/share:/var/lib/snapd/desktop', 'PYTHONPATH': '/opt/ros/lyrical/lib/python3.14/site-packages', 'COLCON': '1', 'AMENT_CURRENT_PREFIX': '', 'CMAKE_PREFIX_PATH': '/opt/ros/lyrical'}), 'shell': False}
[2.553972] (photon_flight_servo_imu) StdoutLine: {'line': b'-- Install configuration: ""\n'}
[2.555272] (photon_flight_servo_imu) StdoutLine: {'line': b'-- Execute custom install script\n'}
[2.556178] (photon_flight_servo_imu) StdoutLine: {'line': b'-- Up-to-date symlink: /home/punished_venom/DroneControls/src/photon_flight_servo_imu/install/photon_flight_servo_imu/lib/photon_flight_servo_imu/servo_driver\n'}
[2.556948] (photon_flight_servo_imu) StdoutLine: {'line': b'-- Up-to-date symlink: /home/punished_venom/DroneControls/src/photon_flight_servo_imu/install/photon_flight_servo_imu/share/ament_index/resource_index/package_run_dependencies/photon_flight_servo_imu\n'}
[2.557696] (photon_flight_servo_imu) StdoutLine: {'line': b'-- Up-to-date symlink: /home/punished_venom/DroneControls/src/photon_flight_servo_imu/install/photon_flight_servo_imu/share/ament_index/resource_index/parent_prefix_path/photon_flight_servo_imu\n'}
[2.558387] (photon_flight_servo_imu) StdoutLine: {'line': b'-- Up-to-date symlink: /home/punished_venom/DroneControls/src/photon_flight_servo_imu/install/photon_flight_servo_imu/share/photon_flight_servo_imu/environment/ament_prefix_path.sh\n'}
[2.559062] (photon_flight_servo_imu) StdoutLine: {'line': b'-- Up-to-date symlink: /home/punished_venom/DroneControls/src/photon_flight_servo_imu/install/photon_flight_servo_imu/share/photon_flight_servo_imu/environment/ament_prefix_path.dsv\n'}
[2.559715] (photon_flight_servo_imu) StdoutLine: {'line': b'-- Up-to-date symlink: /home/punished_venom/DroneControls/src/photon_flight_servo_imu/install/photon_flight_servo_imu/share/photon_flight_servo_imu/environment/path.sh\n'}
[2.560346] (photon_flight_servo_imu) StdoutLine: {'line': b'-- Up-to-date symlink: /home/punished_venom/DroneControls/src/photon_flight_servo_imu/install/photon_flight_servo_imu/share/photon_flight_servo_imu/environment/path.dsv\n'}
[2.560996] (photon_flight_servo_imu) StdoutLine: {'line': b'-- Up-to-date symlink: /home/punished_venom/DroneControls/src/photon_flight_servo_imu/install/photon_flight_servo_imu/share/photon_flight_servo_imu/local_setup.bash\n'}
[2.561621] (photon_flight_servo_imu) StdoutLine: {'line': b'-- Up-to-date symlink: /home/punished_venom/DroneControls/src/photon_flight_servo_imu/install/photon_flight_servo_imu/share/photon_flight_servo_imu/local_setup.fish\n'}
[2.562196] (photon_flight_servo_imu) StdoutLine: {'line': b'-- Up-to-date symlink: /home/punished_venom/DroneControls/src/photon_flight_servo_imu/install/photon_flight_servo_imu/share/photon_flight_servo_imu/local_setup.sh\n'}
[2.562887] (photon_flight_servo_imu) StdoutLine: {'line': b'-- Up-to-date symlink: /home/punished_venom/DroneControls/src/photon_flight_servo_imu/install/photon_flight_servo_imu/share/photon_flight_servo_imu/local_setup.zsh\n'}
[2.563524] (photon_flight_servo_imu) StdoutLine: {'line': b'-- Up-to-date symlink: /home/punished_venom/DroneControls/src/photon_flight_servo_imu/install/photon_flight_servo_imu/share/photon_flight_servo_imu/local_setup.dsv\n'}
[2.563999] (photon_flight_servo_imu) StdoutLine: {'line': b'-- Symlinking: /home/punished_venom/DroneControls/src/photon_flight_servo_imu/install/photon_flight_servo_imu/share/photon_flight_servo_imu/package.dsv\n'}
[2.593078] (photon_flight_servo_imu) StdoutLine: {'line': b'-- Up-to-date symlink: /home/punished_venom/DroneControls/src/photon_flight_servo_imu/install/photon_flight_servo_imu/share/ament_index/resource_index/packages/photon_flight_servo_imu\n'}
[2.593637] (photon_flight_servo_imu) StdoutLine: {'line': b'-- Up-to-date symlink: /home/punished_venom/DroneControls/src/photon_flight_servo_imu/install/photon_flight_servo_imu/share/photon_flight_servo_imu/cmake/photon_flight_servo_imuConfig.cmake\n'}
[2.594013] (photon_flight_servo_imu) StdoutLine: {'line': b'-- Up-to-date symlink: /home/punished_venom/DroneControls/src/photon_flight_servo_imu/install/photon_flight_servo_imu/share/photon_flight_servo_imu/cmake/photon_flight_servo_imuConfig-version.cmake\n'}
[2.594727] (photon_flight_servo_imu) StdoutLine: {'line': b'-- Up-to-date symlink: /home/punished_venom/DroneControls/src/photon_flight_servo_imu/install/photon_flight_servo_imu/share/photon_flight_servo_imu/package.xml\n'}
[2.599334] (photon_flight_servo_imu) CommandEnded: {'returncode': 0}
[2.609153] (-) TimerEvent: {}
[2.675316] (photon_flight_servo_imu) JobEnded: {'identifier': 'photon_flight_servo_imu', 'rc': 0}
[2.678790] (-) EventReactorShutdown: {}
