[1.777s] Invoking command in '/home/punished_venom/DroneControls/src/build/photon_flight_servo_imu': CMAKE_PREFIX_PATH=/opt/ros/lyrical /usr/bin/cmake --build /home/punished_venom/DroneControls/src/build/photon_flight_servo_imu -- -j4 -l4
[2.024s] Invoked command in '/home/punished_venom/DroneControls/src/build/photon_flight_servo_imu' returned '0': CMAKE_PREFIX_PATH=/opt/ros/lyrical /usr/bin/cmake --build /home/punished_venom/DroneControls/src/build/photon_flight_servo_imu -- -j4 -l4
[2.027s] Invoking command in '/home/punished_venom/DroneControls/src/build/photon_flight_servo_imu': CMAKE_PREFIX_PATH=/opt/ros/lyrical /usr/bin/cmake --install /home/punished_venom/DroneControls/src/build/photon_flight_servo_imu
[2.088s] -- Install configuration: ""
[2.091s] -- Execute custom install script
[2.093s] -- Up-to-date symlink: /home/punished_venom/DroneControls/src/install/photon_flight_servo_imu/share/ament_index/resource_index/package_run_dependencies/photon_flight_servo_imu
[2.096s] -- Up-to-date symlink: /home/punished_venom/DroneControls/src/install/photon_flight_servo_imu/share/ament_index/resource_index/parent_prefix_path/photon_flight_servo_imu
[2.099s] -- Up-to-date symlink: /home/punished_venom/DroneControls/src/install/photon_flight_servo_imu/share/photon_flight_servo_imu/environment/ament_prefix_path.sh
[2.102s] -- Up-to-date symlink: /home/punished_venom/DroneControls/src/install/photon_flight_servo_imu/share/photon_flight_servo_imu/environment/ament_prefix_path.dsv
[2.110s] -- Up-to-date symlink: /home/punished_venom/DroneControls/src/install/photon_flight_servo_imu/share/photon_flight_servo_imu/environment/path.sh
[2.111s] -- Up-to-date symlink: /home/punished_venom/DroneControls/src/install/photon_flight_servo_imu/share/photon_flight_servo_imu/environment/path.dsv
[2.111s] -- Up-to-date symlink: /home/punished_venom/DroneControls/src/install/photon_flight_servo_imu/share/photon_flight_servo_imu/local_setup.bash
[2.114s] -- Up-to-date symlink: /home/punished_venom/DroneControls/src/install/photon_flight_servo_imu/share/photon_flight_servo_imu/local_setup.fish
[2.116s] -- Up-to-date symlink: /home/punished_venom/DroneControls/src/install/photon_flight_servo_imu/share/photon_flight_servo_imu/local_setup.sh
[2.124s] -- Up-to-date symlink: /home/punished_venom/DroneControls/src/install/photon_flight_servo_imu/share/photon_flight_servo_imu/local_setup.zsh
[2.129s] -- Up-to-date symlink: /home/punished_venom/DroneControls/src/install/photon_flight_servo_imu/share/photon_flight_servo_imu/local_setup.dsv
[2.139s] -- Symlinking: /home/punished_venom/DroneControls/src/install/photon_flight_servo_imu/share/photon_flight_servo_imu/package.dsv
[2.185s] -- Up-to-date symlink: /home/punished_venom/DroneControls/src/install/photon_flight_servo_imu/share/ament_index/resource_index/packages/photon_flight_servo_imu
[2.186s] -- Up-to-date symlink: /home/punished_venom/DroneControls/src/install/photon_flight_servo_imu/share/photon_flight_servo_imu/cmake/photon_flight_servo_imuConfig.cmake
[2.188s] -- Up-to-date symlink: /home/punished_venom/DroneControls/src/install/photon_flight_servo_imu/share/photon_flight_servo_imu/cmake/photon_flight_servo_imuConfig-version.cmake
[2.194s] -- Up-to-date symlink: /home/punished_venom/DroneControls/src/install/photon_flight_servo_imu/share/photon_flight_servo_imu/package.xml
[2.287s] Invoked command in '/home/punished_venom/DroneControls/src/build/photon_flight_servo_imu' returned '0': CMAKE_PREFIX_PATH=/opt/ros/lyrical /usr/bin/cmake --install /home/punished_venom/DroneControls/src/build/photon_flight_servo_imu
